.................................sss.................................... [  2%]
........................................................................ [  4%]
.......................................................FF............... [  6%]
.......FFFFFFFFF........................................................ [  8%]
..................sssssssssssssssssssssssssssssssssssss................. [ 10%]
.......FF........................FFFFFFFF............................... [ 12%]
........................................................................ [ 14%]
.....EEEEE......F....................................................... [ 16%]
FFFFFFFFFFFFFFFFFFFFFFFFFFFFFFFFFFFFFFFFFFFFFFFFFFFFFFFFFFFFFFFFFFFFFFFF [ 18%]
FFFFFFFFFFFFFFFFFFFFFFFFFFFFFFFFFFFFFFFFFFFFFFFFFFFFFFFFFFFFFFFFFFFFFFFF [ 21%]
FFFFFFFFF............................................................... [ 23%]
....F..........................FF......................F.E.E.E.F..Fs.... [ 25%]
.F...................................................................... [ 27%]
..................FFFF............s..................................... [ 29%]
.....................FF..s......................................FFFFF... [ 31%]
.............................................F...FEEFFFEFF..F........... [ 33%]
..................................................FFFFFFFFFsFsFFsFFssFsF [ 35%]
FFFFsFssssssFFFF.......FsFFFEsEEEEEEEEE.............FF.................. [ 37%]
..........................F..F.................FF.........EEEEEEEs....FF [ 39%]
FFFFFFFFFFFFFF.F.......FF...FEEEEs..F.FFFFFFFFFFFFFFFFFFFFEEEEEEEs....FF [ 41%]
FFFFFFFFFFFFFF.F........................................................ [ 44%]
..........F............................................................. [ 46%]
....................................................................F... [ 48%]
........................................................................ [ 50%]
..........................sF............F.........................F..s.. [ 52%]
.FFF..F.................sFFF.FF................FFFFFF.FFFFFFFFFFFF.FFF.. [ 54%]
FFFF.F.FFFFFF.FFFFFFFFFFFFFFFFFFF.FFFFFFFFFFsEF.FF.Fs................... [ 56%]
...s........................................................s...FsFF.... [ 58%]
....FFF..........................F........................FFFF.......... [ 60%]
.....................s.................................................. [ 62%]
........................................................................ [ 65%]
.......................................F...FFFFFFFFFFFFFFFFFFFFFFF...... [ 67%]
.......FFF.............................................................. [ 69%]
........................................................................ [ 71%]
..................FF..FFF......................FFF.......FFF............ [ 73%]
........................................................................ [ 75%]
................................................FFFF..F................. [ 77%]
........................................................................ [ 79%]
..........................FFFFF............F............................ [ 81%]
........................................................................ [ 83%]
...FFFFF...........................FF................................... [ 86%]
...............FF..FF.F..................FF............................. [ 88%]
........................................................................ [ 90%]
.................................ssssss................................. [ 92%]
........................................................................ [ 94%]
........................................................................ [ 96%]
...........F.FFFFFFFFF..............................................FF.. [ 98%]
...............................................                          [100%]
=================================== ERRORS ====================================
_ ERROR at setup of TestDadBotConfigAttrMapConsistency.test_attr_map_is_non_empty _

self = <test_config_drift.TestDadBotConfigAttrMapConsistency object at 0x0000021AFC7E17F0>

    @pytest.fixture(scope="class")
    def attr_map(self):
        from dadbot.core.dadbot import DadBot
    
>       return DadBot._CONFIG_ATTR_MAP
               ^^^^^^^^^^^^^^^^^^^^^^^
E       AttributeError: type object 'DadBot' has no attribute '_CONFIG_ATTR_MAP'

tests\test_config_drift.py:41: AttributeError
_ ERROR at setup of TestDadBotConfigAttrMapConsistency.test_all_map_values_are_non_empty_strings _

self = <test_config_drift.TestDadBotConfigAttrMapConsistency object at 0x0000021AFC7E17F0>

    @pytest.fixture(scope="class")
    def attr_map(self):
        from dadbot.core.dadbot import DadBot
    
>       return DadBot._CONFIG_ATTR_MAP
               ^^^^^^^^^^^^^^^^^^^^^^^
E       AttributeError: type object 'DadBot' has no attribute '_CONFIG_ATTR_MAP'

tests\test_config_drift.py:41: AttributeError
_ ERROR at setup of TestDadBotConfigAttrMapConsistency.test_all_mapped_attr_names_exist_on_config_instance _

self = <test_config_drift.TestDadBotConfigAttrMapConsistency object at 0x0000021AFC7E17F0>

    @pytest.fixture(scope="class")
    def attr_map(self):
        from dadbot.core.dadbot import DadBot
    
>       return DadBot._CONFIG_ATTR_MAP
               ^^^^^^^^^^^^^^^^^^^^^^^
E       AttributeError: type object 'DadBot' has no attribute '_CONFIG_ATTR_MAP'

tests\test_config_drift.py:41: AttributeError
_ ERROR at setup of TestDadBotConfigAttrMapConsistency.test_unique_attr_names_all_resolvable _

self = <test_config_drift.TestDadBotConfigAttrMapConsistency object at 0x0000021AFC7E17F0>

    @pytest.fixture(scope="class")
    def attr_map(self):
        from dadbot.core.dadbot import DadBot
    
>       return DadBot._CONFIG_ATTR_MAP
               ^^^^^^^^^^^^^^^^^^^^^^^
E       AttributeError: type object 'DadBot' has no attribute '_CONFIG_ATTR_MAP'

tests\test_config_drift.py:41: AttributeError
_ ERROR at setup of TestDadBotConfigAttrMapConsistency.test_no_map_value_shadows_wrong_type _

self = <test_config_drift.TestDadBotConfigAttrMapConsistency object at 0x0000021AFC7E17F0>

    @pytest.fixture(scope="class")
    def attr_map(self):
        from dadbot.core.dadbot import DadBot
    
>       return DadBot._CONFIG_ATTR_MAP
               ^^^^^^^^^^^^^^^^^^^^^^^
E       AttributeError: type object 'DadBot' has no attribute '_CONFIG_ATTR_MAP'

tests\test_config_drift.py:41: AttributeError
__ ERROR at teardown of TestFaithfulnessEval.test_correct_name_does_not_flag __

self = <test_eval_harness.TestFaithfulnessEval testMethod=test_correct_name_does_not_flag>
_make_bot = <dadbot.core.dadbot.DadBot object at 0x0000021A81F4F390>
tmp_path = WindowsPath('C:/Users/josep/AppData/Local/Temp/pytest-of-josep/pytest-4131/test_correct_name_does_not_fla0')

    @pytest.fixture(autouse=True)
    def setup_bot(self, _make_bot, tmp_path):
        self.bot = _make_bot
        yield
        self.bot.shutdown()
>       self.bot.wait_for_semantic_index_idle(5)
        ^^^^^^^^^^^^^^^^^^^^^^^^^^^^^^^^^^^^^
E       AttributeError: 'DadBot' object has no attribute 'wait_for_semantic_index_idle'

tests\test_eval_harness.py:172: AttributeError
---------------------------- Captured stdout setup ----------------------------
[DadBot] validate_managers=True
[DadBot] No durable store available, using in-memory state store.
___ ERROR at teardown of TestFaithfulnessEval.test_faithful_reply_scores_1 ____

self = <test_eval_harness.TestFaithfulnessEval testMethod=test_faithful_reply_scores_1>
_make_bot = <dadbot.core.dadbot.DadBot object at 0x0000021A81F4E990>
tmp_path = WindowsPath('C:/Users/josep/AppData/Local/Temp/pytest-of-josep/pytest-4131/test_faithful_reply_scores_10')

    @pytest.fixture(autouse=True)
    def setup_bot(self, _make_bot, tmp_path):
        self.bot = _make_bot
        yield
        self.bot.shutdown()
>       self.bot.wait_for_semantic_index_idle(5)
        ^^^^^^^^^^^^^^^^^^^^^^^^^^^^^^^^^^^^^
E       AttributeError: 'DadBot' object has no attribute 'wait_for_semantic_index_idle'

tests\test_eval_harness.py:172: AttributeError
---------------------------- Captured stdout setup ----------------------------
[DadBot] validate_managers=True
[DadBot] No durable store available, using in-memory state store.
_ ERROR at teardown of TestFaithfulnessEval.test_wrong_name_reply_reduces_score _

self = <test_eval_harness.TestFaithfulnessEval testMethod=test_wrong_name_reply_reduces_score>
_make_bot = <dadbot.core.dadbot.DadBot object at 0x0000021A81F4F9D0>
tmp_path = WindowsPath('C:/Users/josep/AppData/Local/Temp/pytest-of-josep/pytest-4131/test_wrong_name_reply_reduces_0')

    @pytest.fixture(autouse=True)
    def setup_bot(self, _make_bot, tmp_path):
        self.bot = _make_bot
        yield
        self.bot.shutdown()
>       self.bot.wait_for_semantic_index_idle(5)
        ^^^^^^^^^^^^^^^^^^^^^^^^^^^^^^^^^^^^^
E       AttributeError: 'DadBot' object has no attribute 'wait_for_semantic_index_idle'

tests\test_eval_harness.py:172: AttributeError
---------------------------- Captured stdout setup ----------------------------
[DadBot] validate_managers=True
[DadBot] No durable store available, using in-memory state store.
_ ERROR at setup of test_evolve_persona_persists_entry_and_queues_announcement _
file C:\Users\josep\OneDrive\Desktop\Dad-Bot\tests\test_long_term_signals.py, line 41
  def test_evolve_persona_persists_entry_and_queues_announcement(bot, mocker):
E       fixture 'mocker' not found
>       available fixtures: _drain_event_loop_windows, anyio_backend, anyio_backend_name, anyio_backend_options, bot, cache, capfd, capfdbinary, caplog, capsys, capsysbinary, capteesys, doctest_namespace, free_tcp_port, free_tcp_port_factory, free_udp_port, free_udp_port_factory, make_test_dadbot, monkeypatch, phase4a_db_path, postgres_test_dsn, pytestconfig, record_property, record_testsuite_property, record_xml_attribute, recwarn, subtests, tmp_path, tmp_path_factory, tmpdir, tmpdir_factory, today_iso
>       use 'pytest --fixtures [testpath]' for help on them.

C:\Users\josep\OneDrive\Desktop\Dad-Bot\tests\test_long_term_signals.py:41
---------------------------- Captured stdout setup ----------------------------
[DadBot] validate_managers=True
[DadBot] No durable store available, using in-memory state store.
_ ERROR at setup of test_evolve_persona_rejects_low_quality_trait_after_critique _
file C:\Users\josep\OneDrive\Desktop\Dad-Bot\tests\test_long_term_signals.py, line 83
  def test_evolve_persona_rejects_low_quality_trait_after_critique(bot, mocker):
E       fixture 'mocker' not found
>       available fixtures: _drain_event_loop_windows, anyio_backend, anyio_backend_name, anyio_backend_options, bot, cache, capfd, capfdbinary, caplog, capsys, capsysbinary, capteesys, doctest_namespace, free_tcp_port, free_tcp_port_factory, free_udp_port, free_udp_port_factory, make_test_dadbot, monkeypatch, phase4a_db_path, postgres_test_dsn, pytestconfig, record_property, record_testsuite_property, record_xml_attribute, recwarn, subtests, tmp_path, tmp_path_factory, tmpdir, tmpdir_factory, today_iso
>       use 'pytest --fixtures [testpath]' for help on them.

C:\Users\josep\OneDrive\Desktop\Dad-Bot\tests\test_long_term_signals.py:83
---------------------------- Captured stdout setup ----------------------------
[DadBot] validate_managers=True
[DadBot] No durable store available, using in-memory state store.
_ ERROR at setup of test_generate_wisdom_insight_uses_mocked_ollama_and_deduplicates_recent_entries _
file C:\Users\josep\OneDrive\Desktop\Dad-Bot\tests\test_long_term_signals.py, line 186
  def test_generate_wisdom_insight_uses_mocked_ollama_and_deduplicates_recent_entries(bot, mocker):
E       fixture 'mocker' not found
>       available fixtures: _drain_event_loop_windows, anyio_backend, anyio_backend_name, anyio_backend_options, bot, cache, capfd, capfdbinary, caplog, capsys, capsysbinary, capteesys, doctest_namespace, free_tcp_port, free_tcp_port_factory, free_udp_port, free_udp_port_factory, make_test_dadbot, monkeypatch, phase4a_db_path, postgres_test_dsn, pytestconfig, record_property, record_testsuite_property, record_xml_attribute, recwarn, subtests, tmp_path, tmp_path_factory, tmpdir, tmpdir_factory, today_iso
>       use 'pytest --fixtures [testpath]' for help on them.

C:\Users\josep\OneDrive\Desktop\Dad-Bot\tests\test_long_term_signals.py:186
---------------------------- Captured stdout setup ----------------------------
[DadBot] validate_managers=True
[DadBot] No durable store available, using in-memory state store.
_ ERROR at setup of test_detect_mood_uses_mocked_ollama_reply[Mood: positive\nReason: Pride and excitement.-positive] _
file C:\Users\josep\OneDrive\Desktop\Dad-Bot\tests\test_mood_detection.py, line 20
  @pytest.mark.parametrize(
      ("model_reply", "expected"),
      [
          ("Mood: positive\nReason: Pride and excitement.", "positive"),
          ("Mood: stressed\nReason: Overwhelm and pressure.", "stressed"),
          ("Mood: sad\nReason: Quiet emotional pain.", "sad"),
          ("Mood: frustrated\nReason: Immediate irritation.", "frustrated"),
          ("Mood: tired\nReason: Clear fatigue.", "tired"),
          ("Mood: neutral\nReason: Mostly factual and reflective.", "neutral"),
      ],
  )
  def test_detect_mood_uses_mocked_ollama_reply(bot, mocker, model_reply, expected):
E       fixture 'mocker' not found
>       available fixtures: _drain_event_loop_windows, anyio_backend, anyio_backend_name, anyio_backend_options, bot, cache, capfd, capfdbinary, caplog, capsys, capsysbinary, capteesys, doctest_namespace, free_tcp_port, free_tcp_port_factory, free_udp_port, free_udp_port_factory, make_test_dadbot, monkeypatch, phase4a_db_path, postgres_test_dsn, pytestconfig, record_property, record_testsuite_property, record_xml_attribute, recwarn, subtests, tmp_path, tmp_path_factory, tmpdir, tmpdir_factory, today_iso
>       use 'pytest --fixtures [testpath]' for help on them.

C:\Users\josep\OneDrive\Desktop\Dad-Bot\tests\test_mood_detection.py:20
---------------------------- Captured stdout setup ----------------------------
[DadBot] validate_managers=True
[DadBot] No durable store available, using in-memory state store.
_ ERROR at setup of test_detect_mood_uses_mocked_ollama_reply[Mood: sad\nReason: Quiet emotional pain.-sad] _
file C:\Users\josep\OneDrive\Desktop\Dad-Bot\tests\test_mood_detection.py, line 20
  @pytest.mark.parametrize(
      ("model_reply", "expected"),
      [
          ("Mood: positive\nReason: Pride and excitement.", "positive"),
          ("Mood: stressed\nReason: Overwhelm and pressure.", "stressed"),
          ("Mood: sad\nReason: Quiet emotional pain.", "sad"),
          ("Mood: frustrated\nReason: Immediate irritation.", "frustrated"),
          ("Mood: tired\nReason: Clear fatigue.", "tired"),
          ("Mood: neutral\nReason: Mostly factual and reflective.", "neutral"),
      ],
  )
  def test_detect_mood_uses_mocked_ollama_reply(bot, mocker, model_reply, expected):
E       fixture 'mocker' not found
>       available fixtures: _drain_event_loop_windows, anyio_backend, anyio_backend_name, anyio_backend_options, bot, cache, capfd, capfdbinary, caplog, capsys, capsysbinary, capteesys, doctest_namespace, free_tcp_port, free_tcp_port_factory, free_udp_port, free_udp_port_factory, make_test_dadbot, monkeypatch, phase4a_db_path, postgres_test_dsn, pytestconfig, record_property, record_testsuite_property, record_xml_attribute, recwarn, subtests, tmp_path, tmp_path_factory, tmpdir, tmpdir_factory, today_iso
>       use 'pytest --fixtures [testpath]' for help on them.

C:\Users\josep\OneDrive\Desktop\Dad-Bot\tests\test_mood_detection.py:20
---------------------------- Captured stdout setup ----------------------------
[DadBot] validate_managers=True
[DadBot] No durable store available, using in-memory state store.
_ ERROR at setup of test_detect_mood_uses_mocked_ollama_reply[Mood: frustrated\nReason: Immediate irritation.-frustrated] _
file C:\Users\josep\OneDrive\Desktop\Dad-Bot\tests\test_mood_detection.py, line 20
  @pytest.mark.parametrize(
      ("model_reply", "expected"),
      [
          ("Mood: positive\nReason: Pride and excitement.", "positive"),
          ("Mood: stressed\nReason: Overwhelm and pressure.", "stressed"),
          ("Mood: sad\nReason: Quiet emotional pain.", "sad"),
          ("Mood: frustrated\nReason: Immediate irritation.", "frustrated"),
          ("Mood: tired\nReason: Clear fatigue.", "tired"),
          ("Mood: neutral\nReason: Mostly factual and reflective.", "neutral"),
      ],
  )
  def test_detect_mood_uses_mocked_ollama_reply(bot, mocker, model_reply, expected):
E       fixture 'mocker' not found
>       available fixtures: _drain_event_loop_windows, anyio_backend, anyio_backend_name, anyio_backend_options, bot, cache, capfd, capfdbinary, caplog, capsys, capsysbinary, capteesys, doctest_namespace, free_tcp_port, free_tcp_port_factory, free_udp_port, free_udp_port_factory, make_test_dadbot, monkeypatch, phase4a_db_path, postgres_test_dsn, pytestconfig, record_property, record_testsuite_property, record_xml_attribute, recwarn, subtests, tmp_path, tmp_path_factory, tmpdir, tmpdir_factory, today_iso
>       use 'pytest --fixtures [testpath]' for help on them.

C:\Users\josep\OneDrive\Desktop\Dad-Bot\tests\test_mood_detection.py:20
---------------------------- Captured stdout setup ----------------------------
[DadBot] validate_managers=True
[DadBot] No durable store available, using in-memory state store.
_ ERROR at setup of test_detect_mood_uses_mocked_ollama_reply[Mood: tired\nReason: Clear fatigue.-tired] _
file C:\Users\josep\OneDrive\Desktop\Dad-Bot\tests\test_mood_detection.py, line 20
  @pytest.mark.parametrize(
      ("model_reply", "expected"),
      [
          ("Mood: positive\nReason: Pride and excitement.", "positive"),
          ("Mood: stressed\nReason: Overwhelm and pressure.", "stressed"),
          ("Mood: sad\nReason: Quiet emotional pain.", "sad"),
          ("Mood: frustrated\nReason: Immediate irritation.", "frustrated"),
          ("Mood: tired\nReason: Clear fatigue.", "tired"),
          ("Mood: neutral\nReason: Mostly factual and reflective.", "neutral"),
      ],
  )
  def test_detect_mood_uses_mocked_ollama_reply(bot, mocker, model_reply, expected):
E       fixture 'mocker' not found
>       available fixtures: _drain_event_loop_windows, anyio_backend, anyio_backend_name, anyio_backend_options, bot, cache, capfd, capfdbinary, caplog, capsys, capsysbinary, capteesys, doctest_namespace, free_tcp_port, free_tcp_port_factory, free_udp_port, free_udp_port_factory, make_test_dadbot, monkeypatch, phase4a_db_path, postgres_test_dsn, pytestconfig, record_property, record_testsuite_property, record_xml_attribute, recwarn, subtests, tmp_path, tmp_path_factory, tmpdir, tmpdir_factory, today_iso
>       use 'pytest --fixtures [testpath]' for help on them.

C:\Users\josep\OneDrive\Desktop\Dad-Bot\tests\test_mood_detection.py:20
---------------------------- Captured stdout setup ----------------------------
[DadBot] validate_managers=True
[DadBot] No durable store available, using in-memory state store.
_ ERROR at setup of test_detect_mood_uses_mocked_ollama_reply[Mood: neutral\nReason: Mostly factual and reflective.-neutral] _
file C:\Users\josep\OneDrive\Desktop\Dad-Bot\tests\test_mood_detection.py, line 20
  @pytest.mark.parametrize(
      ("model_reply", "expected"),
      [
          ("Mood: positive\nReason: Pride and excitement.", "positive"),
          ("Mood: stressed\nReason: Overwhelm and pressure.", "stressed"),
          ("Mood: sad\nReason: Quiet emotional pain.", "sad"),
          ("Mood: frustrated\nReason: Immediate irritation.", "frustrated"),
          ("Mood: tired\nReason: Clear fatigue.", "tired"),
          ("Mood: neutral\nReason: Mostly factual and reflective.", "neutral"),
      ],
  )
  def test_detect_mood_uses_mocked_ollama_reply(bot, mocker, model_reply, expected):
E       fixture 'mocker' not found
>       available fixtures: _drain_event_loop_windows, anyio_backend, anyio_backend_name, anyio_backend_options, bot, cache, capfd, capfdbinary, caplog, capsys, capsysbinary, capteesys, doctest_namespace, free_tcp_port, free_tcp_port_factory, free_udp_port, free_udp_port_factory, make_test_dadbot, monkeypatch, phase4a_db_path, postgres_test_dsn, pytestconfig, record_property, record_testsuite_property, record_xml_attribute, recwarn, subtests, tmp_path, tmp_path_factory, tmpdir, tmpdir_factory, today_iso
>       use 'pytest --fixtures [testpath]' for help on them.

C:\Users\josep\OneDrive\Desktop\Dad-Bot\tests\test_mood_detection.py:20
---------------------------- Captured stdout setup ----------------------------
[DadBot] validate_managers=True
[DadBot] No durable store available, using in-memory state store.
_ ERROR at setup of test_detect_mood_defaults_to_neutral_on_invalid_response __
file C:\Users\josep\OneDrive\Desktop\Dad-Bot\tests\test_mood_detection.py, line 39
  def test_detect_mood_defaults_to_neutral_on_invalid_response(bot, mocker):
E       fixture 'mocker' not found
>       available fixtures: _drain_event_loop_windows, anyio_backend, anyio_backend_name, anyio_backend_options, bot, cache, capfd, capfdbinary, caplog, capsys, capsysbinary, capteesys, doctest_namespace, free_tcp_port, free_tcp_port_factory, free_udp_port, free_udp_port_factory, make_test_dadbot, monkeypatch, phase4a_db_path, postgres_test_dsn, pytestconfig, record_property, record_testsuite_property, record_xml_attribute, recwarn, subtests, tmp_path, tmp_path_factory, tmpdir, tmpdir_factory, today_iso
>       use 'pytest --fixtures [testpath]' for help on them.

C:\Users\josep\OneDrive\Desktop\Dad-Bot\tests\test_mood_detection.py:39
---------------------------- Captured stdout setup ----------------------------
[DadBot] validate_managers=True
[DadBot] No durable store available, using in-memory state store.
___ ERROR at setup of test_detect_mood_defaults_to_neutral_on_runtime_error ___
file C:\Users\josep\OneDrive\Desktop\Dad-Bot\tests\test_mood_detection.py, line 45
  def test_detect_mood_defaults_to_neutral_on_runtime_error(bot, mocker):
E       fixture 'mocker' not found
>       available fixtures: _drain_event_loop_windows, anyio_backend, anyio_backend_name, anyio_backend_options, bot, cache, capfd, capfdbinary, caplog, capsys, capsysbinary, capteesys, doctest_namespace, free_tcp_port, free_tcp_port_factory, free_udp_port, free_udp_port_factory, make_test_dadbot, monkeypatch, phase4a_db_path, postgres_test_dsn, pytestconfig, record_property, record_testsuite_property, record_xml_attribute, recwarn, subtests, tmp_path, tmp_path_factory, tmpdir, tmpdir_factory, today_iso
>       use 'pytest --fixtures [testpath]' for help on them.

C:\Users\josep\OneDrive\Desktop\Dad-Bot\tests\test_mood_detection.py:45
---------------------------- Captured stdout setup ----------------------------
[DadBot] validate_managers=True
[DadBot] No durable store available, using in-memory state store.
_ ERROR at setup of test_detect_mood_fastpath_skips_ollama_for_obvious_signal _
file C:\Users\josep\OneDrive\Desktop\Dad-Bot\tests\test_mood_detection.py, line 51
  def test_detect_mood_fastpath_skips_ollama_for_obvious_signal(bot, mocker):
E       fixture 'mocker' not found
>       available fixtures: _drain_event_loop_windows, anyio_backend, anyio_backend_name, anyio_backend_options, bot, cache, capfd, capfdbinary, caplog, capsys, capsysbinary, capteesys, doctest_namespace, free_tcp_port, free_tcp_port_factory, free_udp_port, free_udp_port_factory, make_test_dadbot, monkeypatch, phase4a_db_path, postgres_test_dsn, pytestconfig, record_property, record_testsuite_property, record_xml_attribute, recwarn, subtests, tmp_path, tmp_path_factory, tmpdir, tmpdir_factory, today_iso
>       use 'pytest --fixtures [testpath]' for help on them.

C:\Users\josep\OneDrive\Desktop\Dad-Bot\tests\test_mood_detection.py:51
---------------------------- Captured stdout setup ----------------------------
[DadBot] validate_managers=True
[DadBot] No durable store available, using in-memory state store.
_______ ERROR at setup of test_detect_mood_reuses_recent_cached_result ________
file C:\Users\josep\OneDrive\Desktop\Dad-Bot\tests\test_mood_detection.py, line 60
  def test_detect_mood_reuses_recent_cached_result(bot, mocker):
E       fixture 'mocker' not found
>       available fixtures: _drain_event_loop_windows, anyio_backend, anyio_backend_name, anyio_backend_options, bot, cache, capfd, capfdbinary, caplog, capsys, capsysbinary, capteesys, doctest_namespace, free_tcp_port, free_tcp_port_factory, free_udp_port, free_udp_port_factory, make_test_dadbot, monkeypatch, phase4a_db_path, postgres_test_dsn, pytestconfig, record_property, record_testsuite_property, record_xml_attribute, recwarn, subtests, tmp_path, tmp_path_factory, tmpdir, tmpdir_factory, today_iso
>       use 'pytest --fixtures [testpath]' for help on them.

C:\Users\josep\OneDrive\Desktop\Dad-Bot\tests\test_mood_detection.py:60
---------------------------- Captured stdout setup ----------------------------
[DadBot] validate_managers=True
[DadBot] No durable store available, using in-memory state store.
_ ERROR at setup of test_detect_mood_returns_neutral_without_model_in_light_mode _
file C:\Users\josep\OneDrive\Desktop\Dad-Bot\tests\test_mood_detection.py, line 75
  def test_detect_mood_returns_neutral_without_model_in_light_mode(bot, mocker):
E       fixture 'mocker' not found
>       available fixtures: _drain_event_loop_windows, anyio_backend, anyio_backend_name, anyio_backend_options, bot, cache, capfd, capfdbinary, caplog, capsys, capsysbinary, capteesys, doctest_namespace, free_tcp_port, free_tcp_port_factory, free_udp_port, free_udp_port_factory, make_test_dadbot, monkeypatch, phase4a_db_path, postgres_test_dsn, pytestconfig, record_property, record_testsuite_property, record_xml_attribute, recwarn, subtests, tmp_path, tmp_path_factory, tmpdir, tmpdir_factory, today_iso
>       use 'pytest --fixtures [testpath]' for help on them.

C:\Users\josep\OneDrive\Desktop\Dad-Bot\tests\test_mood_detection.py:75
---------------------------- Captured stdout setup ----------------------------
[DadBot] validate_managers=True
[DadBot] No durable store available, using in-memory state store.
_______________ ERROR at setup of test_categories_complete_mock _______________
file C:\Users\josep\OneDrive\Desktop\Dad-Bot\tests\test_phase4a.py, line 171
  def test_categories_complete_mock(self):
E       fixture 'self' not found
>       available fixtures: _drain_event_loop_windows, anyio_backend, anyio_backend_name, anyio_backend_options, bot, cache, capfd, capfdbinary, caplog, capsys, capsysbinary, capteesys, doctest_namespace, free_tcp_port, free_tcp_port_factory, free_udp_port, free_udp_port_factory, make_test_dadbot, monkeypatch, phase4a_db_path, postgres_test_dsn, pytestconfig, record_property, record_testsuite_property, record_xml_attribute, recwarn, subtests, tmp_path, tmp_path_factory, tmpdir, tmpdir_factory, today_iso
>       use 'pytest --fixtures [testpath]' for help on them.

C:\Users\josep\OneDrive\Desktop\Dad-Bot\tests\test_phase4a.py:171
________________ ERROR at setup of test_speciic_scenario_mock _________________
file C:\Users\josep\OneDrive\Desktop\Dad-Bot\tests\test_phase4a.py, line 190
  def test_speciic_scenario_mock(self):
E       fixture 'self' not found
>       available fixtures: _drain_event_loop_windows, anyio_backend, anyio_backend_name, anyio_backend_options, bot, cache, capfd, capfdbinary, caplog, capsys, capsysbinary, capteesys, doctest_namespace, free_tcp_port, free_tcp_port_factory, free_udp_port, free_udp_port_factory, make_test_dadbot, monkeypatch, phase4a_db_path, postgres_test_dsn, pytestconfig, record_property, record_testsuite_property, record_xml_attribute, recwarn, subtests, tmp_path, tmp_path_factory, tmpdir, tmpdir_factory, today_iso
>       use 'pytest --fixtures [testpath]' for help on them.

C:\Users\josep\OneDrive\Desktop\Dad-Bot\tests\test_phase4a.py:190
_________________ ERROR at setup of test_trace_structure_mock _________________
file C:\Users\josep\OneDrive\Desktop\Dad-Bot\tests\test_phase4a.py, line 205
  def test_trace_structure_mock(self):
E       fixture 'self' not found
>       available fixtures: _drain_event_loop_windows, anyio_backend, anyio_backend_name, anyio_backend_options, bot, cache, capfd, capfdbinary, caplog, capsys, capsysbinary, capteesys, doctest_namespace, free_tcp_port, free_tcp_port_factory, free_udp_port, free_udp_port_factory, make_test_dadbot, monkeypatch, phase4a_db_path, postgres_test_dsn, pytestconfig, record_property, record_testsuite_property, record_xml_attribute, recwarn, subtests, tmp_path, tmp_path_factory, tmpdir, tmpdir_factory, today_iso
>       use 'pytest --fixtures [testpath]' for help on them.

C:\Users\josep\OneDrive\Desktop\Dad-Bot\tests\test_phase4a.py:205
_ ERROR at setup of TestPhase4AOrchestratorIntegration.test_orchestrator_available _
ScopeMismatch: You tried to access the function scoped fixture make_test_dadbot with a class scoped request object. Requesting fixture stack:
tests\test_phase4a.py:236:  def orchestrator(make_test_dadbot)
Requested fixture:
tests\conftest.py:47:  def make_test_dadbot()
_ ERROR at setup of TestPhase4AOrchestratorIntegration.test_single_scenario_orchestrator _
ScopeMismatch: You tried to access the function scoped fixture make_test_dadbot with a class scoped request object. Requesting fixture stack:
tests\test_phase4a.py:236:  def orchestrator(make_test_dadbot)
Requested fixture:
tests\conftest.py:47:  def make_test_dadbot()
_ ERROR at setup of TestPhase4AOrchestratorIntegration.test_all_scenarios_orchestrator _
ScopeMismatch: You tried to access the function scoped fixture make_test_dadbot with a class scoped request object. Requesting fixture stack:
tests\test_phase4a.py:236:  def orchestrator(make_test_dadbot)
Requested fixture:
tests\conftest.py:47:  def make_test_dadbot()
_ ERROR at setup of TestPhase4AOrchestratorIntegration.test_orchestrator_trace_capture _
ScopeMismatch: You tried to access the function scoped fixture make_test_dadbot with a class scoped request object. Requesting fixture stack:
tests\test_phase4a.py:236:  def orchestrator(make_test_dadbot)
Requested fixture:
tests\conftest.py:47:  def make_test_dadbot()
_ ERROR at setup of TestPhase4AOrchestratorIntegration.test_orchestrator_available _
ScopeMismatch: You tried to access the function scoped fixture make_test_dadbot with a class scoped request object. Requesting fixture stack:
tests\test_phase4a_fixed.py:183:  def orchestrator(make_test_dadbot)
Requested fixture:
tests\conftest.py:47:  def make_test_dadbot()
_ ERROR at setup of TestPhase4AOrchestratorIntegration.test_single_scenario_orchestrator _
ScopeMismatch: You tried to access the function scoped fixture make_test_dadbot with a class scoped request object. Requesting fixture stack:
tests\test_phase4a_fixed.py:183:  def orchestrator(make_test_dadbot)
Requested fixture:
tests\conftest.py:47:  def make_test_dadbot()
_ ERROR at setup of TestPhase4AOrchestratorIntegration.test_all_scenarios_orchestrator _
ScopeMismatch: You tried to access the function scoped fixture make_test_dadbot with a class scoped request object. Requesting fixture stack:
tests\test_phase4a_fixed.py:183:  def orchestrator(make_test_dadbot)
Requested fixture:
tests\conftest.py:47:  def make_test_dadbot()
_ ERROR at setup of TestPhase4AOrchestratorIntegration.test_orchestrator_trace_capture _
ScopeMismatch: You tried to access the function scoped fixture make_test_dadbot with a class scoped request object. Requesting fixture stack:
tests\test_phase4a_fixed.py:183:  def orchestrator(make_test_dadbot)
Requested fixture:
tests\conftest.py:47:  def make_test_dadbot()
_______________ ERROR at setup of test_categories_complete_mock _______________
file C:\Users\josep\OneDrive\Desktop\Dad-Bot\tests\test_phase4a.py, line 171
  def test_categories_complete_mock(self):
E       fixture 'self' not found
>       available fixtures: _drain_event_loop_windows, anyio_backend, anyio_backend_name, anyio_backend_options, bot, cache, capfd, capfdbinary, caplog, capsys, capsysbinary, capteesys, doctest_namespace, free_tcp_port, free_tcp_port_factory, free_udp_port, free_udp_port_factory, make_test_dadbot, monkeypatch, phase4a_db_path, postgres_test_dsn, pytestconfig, record_property, record_testsuite_property, record_xml_attribute, recwarn, subtests, tmp_path, tmp_path_factory, tmpdir, tmpdir_factory, today_iso
>       use 'pytest --fixtures [testpath]' for help on them.

C:\Users\josep\OneDrive\Desktop\Dad-Bot\tests\test_phase4a.py:171
________________ ERROR at setup of test_speciic_scenario_mock _________________
file C:\Users\josep\OneDrive\Desktop\Dad-Bot\tests\test_phase4a.py, line 190
  def test_speciic_scenario_mock(self):
E       fixture 'self' not found
>       available fixtures: _drain_event_loop_windows, anyio_backend, anyio_backend_name, anyio_backend_options, bot, cache, capfd, capfdbinary, caplog, capsys, capsysbinary, capteesys, doctest_namespace, free_tcp_port, free_tcp_port_factory, free_udp_port, free_udp_port_factory, make_test_dadbot, monkeypatch, phase4a_db_path, postgres_test_dsn, pytestconfig, record_property, record_testsuite_property, record_xml_attribute, recwarn, subtests, tmp_path, tmp_path_factory, tmpdir, tmpdir_factory, today_iso
>       use 'pytest --fixtures [testpath]' for help on them.

C:\Users\josep\OneDrive\Desktop\Dad-Bot\tests\test_phase4a.py:190
_________________ ERROR at setup of test_trace_structure_mock _________________
file C:\Users\josep\OneDrive\Desktop\Dad-Bot\tests\test_phase4a.py, line 205
  def test_trace_structure_mock(self):
E       fixture 'self' not found
>       available fixtures: _drain_event_loop_windows, anyio_backend, anyio_backend_name, anyio_backend_options, bot, cache, capfd, capfdbinary, caplog, capsys, capsysbinary, capteesys, doctest_namespace, free_tcp_port, free_tcp_port_factory, free_udp_port, free_udp_port_factory, make_test_dadbot, monkeypatch, phase4a_db_path, postgres_test_dsn, pytestconfig, record_property, record_testsuite_property, record_xml_attribute, recwarn, subtests, tmp_path, tmp_path_factory, tmpdir, tmpdir_factory, today_iso
>       use 'pytest --fixtures [testpath]' for help on them.

C:\Users\josep\OneDrive\Desktop\Dad-Bot\tests\test_phase4a.py:205
_ ERROR at setup of TestPhase4AOrchestratorIntegration.test_orchestrator_available _
ScopeMismatch: You tried to access the function scoped fixture make_test_dadbot with a class scoped request object. Requesting fixture stack:
tests\test_phase4a.py:236:  def orchestrator(make_test_dadbot)
Requested fixture:
tests\conftest.py:47:  def make_test_dadbot()
_ ERROR at setup of TestPhase4AOrchestratorIntegration.test_single_scenario_orchestrator _
ScopeMismatch: You tried to access the function scoped fixture make_test_dadbot with a class scoped request object. Requesting fixture stack:
tests\test_phase4a.py:236:  def orchestrator(make_test_dadbot)
Requested fixture:
tests\conftest.py:47:  def make_test_dadbot()
_ ERROR at setup of TestPhase4AOrchestratorIntegration.test_all_scenarios_orchestrator _
ScopeMismatch: You tried to access the function scoped fixture make_test_dadbot with a class scoped request object. Requesting fixture stack:
tests\test_phase4a.py:236:  def orchestrator(make_test_dadbot)
Requested fixture:
tests\conftest.py:47:  def make_test_dadbot()
_ ERROR at setup of TestPhase4AOrchestratorIntegration.test_orchestrator_trace_capture _
ScopeMismatch: You tried to access the function scoped fixture make_test_dadbot with a class scoped request object. Requesting fixture stack:
tests\test_phase4a.py:236:  def orchestrator(make_test_dadbot)
Requested fixture:
tests\conftest.py:47:  def make_test_dadbot()
__ ERROR at setup of test_maintenance_queues_environmental_and_shadow_repair __
file C:\Users\josep\OneDrive\Desktop\Dad-Bot\tests\test_shadow_thread.py, line 25
  def test_maintenance_queues_environmental_and_shadow_repair(bot, mocker):
E       fixture 'mocker' not found
>       available fixtures: _drain_event_loop_windows, anyio_backend, anyio_backend_name, anyio_backend_options, bot, cache, capfd, capfdbinary, caplog, capsys, capsysbinary, capteesys, doctest_namespace, free_tcp_port, free_tcp_port_factory, free_udp_port, free_udp_port_factory, make_test_dadbot, monkeypatch, phase4a_db_path, postgres_test_dsn, pytestconfig, record_property, record_testsuite_property, record_xml_attribute, recwarn, subtests, tmp_path, tmp_path_factory, tmpdir, tmpdir_factory, today_iso
>       use 'pytest --fixtures [testpath]' for help on them.

C:\Users\josep\OneDrive\Desktop\Dad-Bot\tests\test_shadow_thread.py:25
---------------------------- Captured stdout setup ----------------------------
[DadBot] validate_managers=True
[DadBot] No durable store available, using in-memory state store.
================================== FAILURES ===================================
_______________ test_thin_spine_matches_direct_submit_contract ________________
async def functions are not natively supported.
You need to install a suitable plugin for your async framework, for example:
  - anyio
  - pytest-asyncio
  - pytest-tornasync
  - pytest-trio
  - pytest-twisted
___________________ test_world_model_survives_store_restart ___________________
async def functions are not natively supported.
You need to install a suitable plugin for your async framework, for example:
  - anyio
  - pytest-asyncio
  - pytest-tornasync
  - pytest-trio
  - pytest-twisted
_____________________ test_full_pipeline_execution_trace ______________________
async def functions are not natively supported.
You need to install a suitable plugin for your async framework, for example:
  - anyio
  - pytest-asyncio
  - pytest-tornasync
  - pytest-trio
  - pytest-twisted
_____________ test_execution_trace_contract_present_and_complete ______________
async def functions are not natively supported.
You need to install a suitable plugin for your async framework, for example:
  - anyio
  - pytest-asyncio
  - pytest-tornasync
  - pytest-trio
  - pytest-twisted
________________ test_execution_identity_sealed_after_execute _________________
async def functions are not natively supported.
You need to install a suitable plugin for your async framework, for example:
  - anyio
  - pytest-asyncio
  - pytest-tornasync
  - pytest-trio
  - pytest-twisted
____________ test_execution_identity_emitted_as_persistence_event _____________
async def functions are not natively supported.
You need to install a suitable plugin for your async framework, for example:
  - anyio
  - pytest-asyncio
  - pytest-tornasync
  - pytest-trio
  - pytest-twisted
_____________ test_expected_execution_fingerprint_mismatch_raises _____________
async def functions are not natively supported.
You need to install a suitable plugin for your async framework, for example:
  - anyio
  - pytest-asyncio
  - pytest-tornasync
  - pytest-trio
  - pytest-twisted
_______________ test_execution_identity_sealed_on_short_circuit _______________
async def functions are not natively supported.
You need to install a suitable plugin for your async framework, for example:
  - anyio
  - pytest-asyncio
  - pytest-tornasync
  - pytest-trio
  - pytest-twisted
_______________ test_execution_identity_sealed_on_failure_path ________________
async def functions are not natively supported.
You need to install a suitable plugin for your async framework, for example:
  - anyio
  - pytest-asyncio
  - pytest-tornasync
  - pytest-trio
  - pytest-twisted
________________ test_phase_transitions_follow_canonical_order ________________
async def functions are not natively supported.
You need to install a suitable plugin for your async framework, for example:
  - anyio
  - pytest-asyncio
  - pytest-tornasync
  - pytest-trio
  - pytest-twisted
________________ test_no_stage_executed_twice_in_full_pipeline ________________
async def functions are not natively supported.
You need to install a suitable plugin for your async framework, for example:
  - anyio
  - pytest-asyncio
  - pytest-tornasync
  - pytest-trio
  - pytest-twisted
_______ TestBoundaryGateRuntimeInvariant.test_boundary_gate_exits_zero ________

self = <system_validation.test_drift_monitor.TestBoundaryGateRuntimeInvariant object at 0x0000021AFC25FB10>

    @pytest.mark.timeout(120)
    def test_boundary_gate_exits_zero(self):
        gate_script = _WORKSPACE_ROOT / "ci" / "kernel_boundary_check.py"
        assert gate_script.exists(), f"Boundary gate script not found: {gate_script}"
    
        proc = subprocess.run(
            [sys.executable, str(gate_script)],
            capture_output=True,
            text=True,
            cwd=str(_WORKSPACE_ROOT),
            timeout=90,
        )
    
>       assert proc.returncode == 0, (
            f"Boundary gate FAILED (exit code {proc.returncode}).\n"
            f"stdout:\n{proc.stdout}\n"
            f"stderr:\n{proc.stderr}"
        )
E       AssertionError: Boundary gate FAILED (exit code 1).
E         stdout:
E         [KERNEL BOUNDARY VALIDATOR] enforcing hard layer separation
E         FAIL detected 2 kernel-boundary violation(s)
E         FAIL RULE1_IMPORT_ISOLATION: dadbot/core/services.py:6
E           -> Kernel import targets observability module 'dadbot.tools.executors'
E         FAIL RULE8_DEPENDENCY_DAG: dadbot/core/services.py:6
E           -> Invalid edge kernel -> observability (dadbot.core.services -> dadbot.tools.executors)
E         STOP pipeline due to hard boundary violation
E         
E         stderr:
E         
E       assert 1 == 0
E        +  where 1 = CompletedProcess(args=['C:\\Users\\josep\\OneDrive\\Desktop\\Dad-Bot\\.venv\\Scripts\\python.exe', 'C:\\Users\\josep\\...rvability (dadbot.core.services -> dadbot.tools.executors)\nSTOP pipeline due to hard boundary violation\n", stderr='').returncode

tests\system_validation\test_drift_monitor.py:189: AssertionError
_____ TestBoundaryGateRuntimeInvariant.test_boundary_gate_is_reproducible _____

self = <system_validation.test_drift_monitor.TestBoundaryGateRuntimeInvariant object at 0x0000021AFC25FC50>

    @pytest.mark.timeout(330)
    def test_boundary_gate_is_reproducible(self):
        """Running the gate twice must produce the same exit code."""
        gate_script = _WORKSPACE_ROOT / "ci" / "kernel_boundary_check.py"
        results: list[int] = []
        for _ in range(2):
            proc = subprocess.run(
                [sys.executable, str(gate_script)],
                capture_output=True,
                text=True,
                cwd=str(_WORKSPACE_ROOT),
                timeout=150,
            )
            results.append(proc.returncode)
>       assert results[0] == results[1] == 0, (
            f"Boundary gate non-deterministic or failing: runs returned {results}"
        )
E       AssertionError: Boundary gate non-deterministic or failing: runs returned [1, 1]
E       assert 1 == 0

tests\system_validation\test_drift_monitor.py:209: AssertionError
____________ test_tool_registry_parses_calendar_and_email_commands ____________

bot = <dadbot.core.dadbot.DadBot object at 0x0000021AFFB6CB90>

    def test_tool_registry_parses_calendar_and_email_commands(bot):
>       calendar_command = bot.parse_tool_command("add to calendar project sync tomorrow 2pm")
                           ^^^^^^^^^^^^^^^^^^^^^^
E       AttributeError: 'DadBot' object has no attribute 'parse_tool_command'. Did you mean: 'parse_memory_command'?

tests\test_agentic_local_actions.py:6: AttributeError
---------------------------- Captured stdout setup ----------------------------
[DadBot] validate_managers=True
[DadBot] No durable store available, using in-memory state store.
_____________ test_calendar_event_and_email_draft_use_local_paths _____________

bot = <dadbot.core.dadbot.DadBot object at 0x0000021AFF333390>
tmp_path = WindowsPath('C:/Users/josep/AppData/Local/Temp/pytest-of-josep/pytest-4131/test_calendar_event_and_email_0')
monkeypatch = <_pytest.monkeypatch.MonkeyPatch object at 0x0000021AFBE078C0>

    def test_calendar_event_and_email_draft_use_local_paths(bot, tmp_path, monkeypatch):
        calendar_path = tmp_path / "calendar_events.json"
        drafts_dir = tmp_path / "email_drafts"
        monkeypatch.setenv("DADBOT_CALENDAR_EVENTS_PATH", str(calendar_path))
        monkeypatch.setenv("DADBOT_EMAIL_DRAFT_DIR", str(drafts_dir))
    
>       calendar_reply = bot.handle_tool_command("add to calendar dentist appointment on 2030-03-03 9:30 am")
                         ^^^^^^^^^^^^^^^^^^^^^^^
E       AttributeError: 'DadBot' object has no attribute 'handle_tool_command'

tests\test_agentic_local_actions.py:25: AttributeError
---------------------------- Captured stdout setup ----------------------------
[DadBot] validate_managers=True
[DadBot] No durable store available, using in-memory state store.
_______________ test_voice_toggle_command_updates_profile_state _______________

bot = <dadbot.core.dadbot.DadBot object at 0x0000021AFF457B10>
monkeypatch = <_pytest.monkeypatch.MonkeyPatch object at 0x0000021AFC284750>

    def test_voice_toggle_command_updates_profile_state(bot, monkeypatch):
>       monkeypatch.setattr(bot, "save_profile", lambda: None)
E       AttributeError: <dadbot.core.dadbot.DadBot object at 0x0000021AFF457B10> has no attribute 'save_profile'

tests\test_agentic_local_actions.py:39: AttributeError
---------------------------- Captured stdout setup ----------------------------
[DadBot] validate_managers=True
[DadBot] No durable store available, using in-memory state store.
___________________________ test_plan_and_act_basic ___________________________

make_test_dadbot = <function make_test_dadbot.<locals>.factory at 0x0000021AFF5004A0>

    def test_plan_and_act_basic(make_test_dadbot):
        bot = make_test_dadbot()
>       result = bot.plan_and_act("Remind me to call mom tomorrow")
                 ^^^^^^^^^^^^^^^^
E       AttributeError: 'DadBot' object has no attribute 'plan_and_act'

tests\test_agentic_methods.py:5: AttributeError
---------------------------- Captured stdout call -----------------------------
[DadBot] validate_managers=True
[DadBot] No durable store available, using in-memory state store.
__________________________ test_background_job_runs ___________________________

make_test_dadbot = <function make_test_dadbot.<locals>.factory at 0x0000021AFF502B60>

    def test_background_job_runs(make_test_dadbot):
        bot = make_test_dadbot()
        called = []
        def job():
            called.append(True)
>       t = bot.schedule_background_job(job)
            ^^^^^^^^^^^^^^^^^^^^^^^^^^^
E       AttributeError: 'DadBot' object has no attribute 'schedule_background_job'

tests\test_agentic_methods.py:16: AttributeError
---------------------------- Captured stdout call -----------------------------
[DadBot] validate_managers=True
[DadBot] No durable store available, using in-memory state store.
___________________________ test_goal_and_progress ____________________________

make_test_dadbot = <function make_test_dadbot.<locals>.factory at 0x0000021AFF5004A0>

    def test_goal_and_progress(make_test_dadbot):
        bot = make_test_dadbot()
>       bot.set_goal("Finish project")
        ^^^^^^^^^^^^
E       AttributeError: 'DadBot' object has no attribute 'set_goal'

tests\test_agentic_methods.py:22: AttributeError
---------------------------- Captured stdout call -----------------------------
[DadBot] validate_managers=True
[DadBot] No durable store available, using in-memory state store.
___________________________ test_reflect_and_learn ____________________________

make_test_dadbot = <function make_test_dadbot.<locals>.factory at 0x0000021AFF502E80>

    def test_reflect_and_learn(make_test_dadbot):
        bot = make_test_dadbot()
>       assert bot.reflect_and_learn("Great job!")
               ^^^^^^^^^^^^^^^^^^^^^
E       AttributeError: 'DadBot' object has no attribute 'reflect_and_learn'

tests\test_agentic_methods.py:28: AttributeError
---------------------------- Captured stdout call -----------------------------
[DadBot] validate_managers=True
[DadBot] No durable store available, using in-memory state store.
______________________________ test_notify_user _______________________________

make_test_dadbot = <function make_test_dadbot.<locals>.factory at 0x0000021AFF502700>
capsys = <_pytest.capture.CaptureFixture object at 0x0000021AFF5556A0>

    def test_notify_user(make_test_dadbot, capsys):
        bot = make_test_dadbot()
>       bot.notify_user("Test notification")
        ^^^^^^^^^^^^^^^
E       AttributeError: 'DadBot' object has no attribute 'notify_user'

tests\test_agentic_methods.py:32: AttributeError
---------------------------- Captured stdout call -----------------------------
[DadBot] validate_managers=True
[DadBot] No durable store available, using in-memory state store.
_ TestDadBotConfigNoDriftFromMapKeys.test_no_duplicate_attr_name_points_to_different_values _

self = <test_config_drift.TestDadBotConfigNoDriftFromMapKeys object at 0x0000021AFC6FFB10>

    def test_no_duplicate_attr_name_points_to_different_values(self):
        """If the same external key appears twice, both must map to the same attr."""
        from dadbot.core.dadbot import DadBot
    
>       attr_map = DadBot._CONFIG_ATTR_MAP
                   ^^^^^^^^^^^^^^^^^^^^^^^
E       AttributeError: type object 'DadBot' has no attribute '_CONFIG_ATTR_MAP'

tests\test_config_drift.py:147: AttributeError
__ TestDadBotRegression.test_split_reminder_details_parses_relative_datetime __

self = <test_dadbot_regression.TestDadBotRegression object at 0x0000021AFC85A5D0>

    def test_split_reminder_details_parses_relative_datetime(self):
        title, due_text = self.bot.split_reminder_details("call the dentist tomorrow at 3pm")
    
>       self.assertEqual(title, "call the dentist")
        ^^^^^^^^^^^^^^^^
E       AttributeError: 'TestDadBotRegression' object has no attribute 'assertEqual'

tests\test_dadbot_regression.py:95: AttributeError
---------------------------- Captured stdout setup ----------------------------
[DadBot] validate_managers=True
[DadBot] No durable store available, using in-memory state store.
_ TestDadBotRegression.test_split_reminder_details_without_date_signal_returns_original_text _

self = <test_dadbot_regression.TestDadBotRegression object at 0x0000021AFC85A490>

    def test_split_reminder_details_without_date_signal_returns_original_text(self):
        title, due_text = self.bot.split_reminder_details("call the dentist sometime")
    
>       self.assertEqual(title, "call the dentist sometime")
        ^^^^^^^^^^^^^^^^
E       AttributeError: 'TestDadBotRegression' object has no attribute 'assertEqual'

tests\test_dadbot_regression.py:102: AttributeError
---------------------------- Captured stdout setup ----------------------------
[DadBot] validate_managers=True
[DadBot] No durable store available, using in-memory state store.
______ TestDadBotRegression.test_split_reminder_details_parses_next_week ______

self = <test_dadbot_regression.TestDadBotRegression object at 0x0000021AFC895480>

    def test_split_reminder_details_parses_next_week(self):
        title, due_text = self.bot.split_reminder_details("submit the form next week")
    
>       self.assertEqual(title, "submit the form")
        ^^^^^^^^^^^^^^^^
E       AttributeError: 'TestDadBotRegression' object has no attribute 'assertEqual'

tests\test_dadbot_regression.py:108: AttributeError
---------------------------- Captured stdout setup ----------------------------
[DadBot] validate_managers=True
[DadBot] No durable store available, using in-memory state store.
___ TestDadBotRegression.test_parse_model_json_content_handles_code_fences ____

self = <test_dadbot_regression.TestDadBotRegression object at 0x0000021AFC896520>

    def test_parse_model_json_content_handles_code_fences(self):
        parsed = self.bot.parse_model_json_content('```json\n{"approved": true, "revised_reply": null}\n```')
    
>       self.assertEqual(parsed["approved"], True)
        ^^^^^^^^^^^^^^^^
E       AttributeError: 'TestDadBotRegression' object has no attribute 'assertEqual'

tests\test_dadbot_regression.py:114: AttributeError
---------------------------- Captured stdout setup ----------------------------
[DadBot] validate_managers=True
[DadBot] No durable store available, using in-memory state store.
_ TestDadBotRegression.test_refresh_session_summary_updates_summary_and_coverage_window _

self = <test_dadbot_regression.TestDadBotRegression object at 0x0000021AFC87DFD0>

    def test_refresh_session_summary_updates_summary_and_coverage_window(self):
        self.bot.RECENT_HISTORY_WINDOW = 1
        self.bot.SUMMARY_TRIGGER_MESSAGES = 2
>       self.bot.history = [
        ^^^^^^^^^^^^^^^^
            {"role": "system", "content": "Dad system prompt"},
            {"role": "user", "content": "Work felt heavy today."},
            {"role": "assistant", "content": "I am here with you, buddy."},
            {"role": "user", "content": "I think I handled it better than last week."},
        ]
E       AttributeError: property 'history' of 'DadBot' object has no setter

tests\test_dadbot_regression.py:120: AttributeError
---------------------------- Captured stdout setup ----------------------------
[DadBot] validate_managers=True
[DadBot] No durable store available, using in-memory state store.
_ TestDadBotRegression.test_handle_memory_command_remembers_and_formats_saved_memory _

self = <test_dadbot_regression.TestDadBotRegression object at 0x0000021AFC79BBD0>

    def test_handle_memory_command_remembers_and_formats_saved_memory(self):
>       reply = self.bot.handle_memory_command("please remember I'm saving money for emergencies")
                ^^^^^^^^^^^^^^^^^^^^^^^^^^^^^^
E       AttributeError: 'DadBot' object has no attribute 'handle_memory_command'. Did you mean: 'parse_memory_command'?

tests\test_dadbot_regression.py:149: AttributeError
---------------------------- Captured stdout setup ----------------------------
[DadBot] validate_managers=True
[DadBot] No durable store available, using in-memory state store.
______ TestDadBotRegression.test_embedding_candidates_prioritize_bge_m3 _______

self = <test_dadbot_regression.TestDadBotRegression object at 0x0000021AFC8A85A0>

    def test_embedding_candidates_prioritize_bge_m3(self):
>       candidates = self.bot.embedding_model_candidates()
                     ^^^^^^^^^^^^^^^^^^^^^^^^^^^^^^^^^^^
E       AttributeError: 'DadBot' object has no attribute 'embedding_model_candidates'

tests\test_dadbot_regression.py:159: AttributeError
---------------------------- Captured stdout setup ----------------------------
[DadBot] validate_managers=True
[DadBot] No durable store available, using in-memory state store.
________ TestDadBotRegression.test_normalize_mood_maps_positive_alias _________

self = <test_dadbot_regression.TestDadBotRegression object at 0x0000021AFC881B50>

    def test_normalize_mood_maps_positive_alias(self):
>       self.assertEqual(self.bot.normalize_mood("happy"), "positive")
        ^^^^^^^^^^^^^^^^
E       AttributeError: 'TestDadBotRegression' object has no attribute 'assertEqual'

tests\test_dadbot_regression.py:166: AttributeError
---------------------------- Captured stdout setup ----------------------------
[DadBot] validate_managers=True
[DadBot] No durable store available, using in-memory state store.
_________ TestDadBotRegression.test_normalize_mood_maps_phrase_alias __________

self = <test_dadbot_regression.TestDadBotRegression object at 0x0000021AFC881C50>

    def test_normalize_mood_maps_phrase_alias(self):
>       self.assertEqual(self.bot.normalize_mood("I feel burned out lately"), "tired")
        ^^^^^^^^^^^^^^^^
E       AttributeError: 'TestDadBotRegression' object has no attribute 'assertEqual'

tests\test_dadbot_regression.py:169: AttributeError
---------------------------- Captured stdout setup ----------------------------
[DadBot] validate_managers=True
[DadBot] No durable store available, using in-memory state store.
____ TestDadBotRegression.test_normalize_mood_defaults_unknown_to_neutral _____

self = <test_dadbot_regression.TestDadBotRegression object at 0x0000021AFC7D6210>

    def test_normalize_mood_defaults_unknown_to_neutral(self):
>       self.assertEqual(self.bot.normalize_mood("curious"), "neutral")
        ^^^^^^^^^^^^^^^^
E       AttributeError: 'TestDadBotRegression' object has no attribute 'assertEqual'

tests\test_dadbot_regression.py:172: AttributeError
---------------------------- Captured stdout setup ----------------------------
[DadBot] validate_managers=True
[DadBot] No durable store available, using in-memory state store.
_ TestDadBotRegression.test_decay_relationship_level_without_last_updated_returns_clamped_score _

self = <test_dadbot_regression.TestDadBotRegression object at 0x0000021AFC7D6D50>

    def test_decay_relationship_level_without_last_updated_returns_clamped_score(self):
>       self.assertEqual(self.bot.decay_relationship_level(140, None), 100)
        ^^^^^^^^^^^^^^^^
E       AttributeError: 'TestDadBotRegression' object has no attribute 'assertEqual'

tests\test_dadbot_regression.py:175: AttributeError
---------------------------- Captured stdout setup ----------------------------
[DadBot] validate_managers=True
[DadBot] No durable store available, using in-memory state store.
_ TestDadBotRegression.test_decay_relationship_level_moves_high_score_toward_midpoint _

self = <test_dadbot_regression.TestDadBotRegression object at 0x0000021AFC89B4D0>

    def test_decay_relationship_level_moves_high_score_toward_midpoint(self):
        last_updated = (date.today() - timedelta(days=10)).isoformat()
    
        decayed = self.bot.decay_relationship_level(90, last_updated)
    
>       self.assertLess(decayed, 90)
        ^^^^^^^^^^^^^^^
E       AttributeError: 'TestDadBotRegression' object has no attribute 'assertLess'

tests\test_dadbot_regression.py:182: AttributeError
---------------------------- Captured stdout setup ----------------------------
[DadBot] validate_managers=True
[DadBot] No durable store available, using in-memory state store.
_ TestDadBotRegression.test_decay_relationship_level_moves_low_score_toward_midpoint _

self = <test_dadbot_regression.TestDadBotRegression object at 0x0000021AFC89B850>

    def test_decay_relationship_level_moves_low_score_toward_midpoint(self):
        last_updated = (date.today() - timedelta(days=10)).isoformat()
    
        decayed = self.bot.decay_relationship_level(10, last_updated)
    
>       self.assertGreater(decayed, 10)
        ^^^^^^^^^^^^^^^^^^
E       AttributeError: 'TestDadBotRegression' object has no attribute 'assertGreater'

tests\test_dadbot_regression.py:190: AttributeError
---------------------------- Captured stdout setup ----------------------------
[DadBot] validate_managers=True
[DadBot] No durable store available, using in-memory state store.
_ TestDadBotRegression.test_normalize_confidence_rewards_recency_when_inferred _

self = <test_dadbot_regression.TestDadBotRegression object at 0x0000021AFC8BCE20>

    def test_normalize_confidence_rewards_recency_when_inferred(self):
        recent = self.bot.normalize_confidence(
            None, source_count=2, contradiction_count=0, updated_at=date.today().isoformat()
        )
        older = self.bot.normalize_confidence(
            None, source_count=2, contradiction_count=0, updated_at=(date.today() - timedelta(days=60)).isoformat()
        )
    
>       self.assertGreater(recent, older)
        ^^^^^^^^^^^^^^^^^^
E       AttributeError: 'TestDadBotRegression' object has no attribute 'assertGreater'

tests\test_dadbot_regression.py:201: AttributeError
---------------------------- Captured stdout setup ----------------------------
[DadBot] validate_managers=True
[DadBot] No durable store available, using in-memory state store.
_ TestDadBotRegression.test_normalize_confidence_penalizes_contradictions_when_inferred _

self = <test_dadbot_regression.TestDadBotRegression object at 0x0000021AFC870890>

    def test_normalize_confidence_penalizes_contradictions_when_inferred(self):
        stable = self.bot.normalize_confidence(
            None, source_count=4, contradiction_count=0, updated_at=date.today().isoformat()
        )
        conflicted = self.bot.normalize_confidence(
            None, source_count=4, contradiction_count=2, updated_at=date.today().isoformat()
        )
    
>       self.assertLess(conflicted, stable)
        ^^^^^^^^^^^^^^^
E       AttributeError: 'TestDadBotRegression' object has no attribute 'assertLess'

tests\test_dadbot_regression.py:211: AttributeError
---------------------------- Captured stdout setup ----------------------------
[DadBot] validate_managers=True
[DadBot] No durable store available, using in-memory state store.
_ TestDadBotRegression.test_normalize_confidence_invalid_explicit_value_falls_back_to_midpoint _

self = <test_dadbot_regression.TestDadBotRegression object at 0x0000021AFC870F50>

    def test_normalize_confidence_invalid_explicit_value_falls_back_to_midpoint(self):
        confidence = self.bot.normalize_confidence("not-a-number")
    
>       self.assertEqual(confidence, 0.5)
        ^^^^^^^^^^^^^^^^
E       AttributeError: 'TestDadBotRegression' object has no attribute 'assertEqual'

tests\test_dadbot_regression.py:216: AttributeError
---------------------------- Captured stdout setup ----------------------------
[DadBot] validate_managers=True
[DadBot] No durable store available, using in-memory state store.
___ TestDadBotRegression.test_memory_quality_score_rewards_specific_memory ____

self = <test_dadbot_regression.TestDadBotRegression object at 0x0000021AFC7C3070>

    def test_memory_quality_score_rewards_specific_memory(self):
>       score = self.bot.memory_quality_score({"summary": "Tony is saving money for a trip budget."})
                ^^^^^^^^^^^^^^^^^^^^^^^^^^^^^
E       AttributeError: 'DadBot' object has no attribute 'memory_quality_score'. Did you mean: 'memory_impact_score'?

tests\test_dadbot_regression.py:219: AttributeError
---------------------------- Captured stdout setup ----------------------------
[DadBot] validate_managers=True
[DadBot] No durable store available, using in-memory state store.
___ TestDadBotRegression.test_memory_quality_score_penalizes_generic_memory ___

self = <test_dadbot_regression.TestDadBotRegression object at 0x0000021AFC7C3330>

    def test_memory_quality_score_penalizes_generic_memory(self):
>       score = self.bot.memory_quality_score({"summary": "Tony shared that personal struggles."})
                ^^^^^^^^^^^^^^^^^^^^^^^^^^^^^
E       AttributeError: 'DadBot' object has no attribute 'memory_quality_score'. Did you mean: 'memory_impact_score'?

tests\test_dadbot_regression.py:224: AttributeError
---------------------------- Captured stdout setup ----------------------------
[DadBot] validate_managers=True
[DadBot] No durable store available, using in-memory state store.
_ TestDadBotRegression.test_is_high_quality_memory_rejects_low_signal_summary _

self = <test_dadbot_regression.TestDadBotRegression object at 0x0000021AFC91C410>

    def test_is_high_quality_memory_rejects_low_signal_summary(self):
>       self.assertFalse(
        ^^^^^^^^^^^^^^^^
            self.bot.is_high_quality_memory({"summary": "Tony shared that emotional state.", "category": "health"})
        )
E       AttributeError: 'TestDadBotRegression' object has no attribute 'assertFalse'

tests\test_dadbot_regression.py:229: AttributeError
---------------------------- Captured stdout setup ----------------------------
[DadBot] validate_managers=True
[DadBot] No durable store available, using in-memory state store.
_____ TestDadBotRegression.test_prepare_final_reply_blends_before_signoff _____

self = <test_dadbot_regression.TestDadBotRegression object at 0x0000021AFC91C550>

    def test_prepare_final_reply_blends_before_signoff(self):
        self.bot._pending_daily_checkin_context = True
    
>       reply = self.bot.reply_finalization.finalize("You're doing okay, buddy.", "neutral")
                ^^^^^^^^^^^^^^^^^^^^^^^^^^^
E       AttributeError: 'DadBot' object has no attribute 'reply_finalization'

tests\test_dadbot_regression.py:236: AttributeError
---------------------------- Captured stdout setup ----------------------------
[DadBot] validate_managers=True
[DadBot] No durable store available, using in-memory state store.
_ TestDadBotRegression.test_create_chat_thread_keeps_conversation_state_isolated _

self = <test_dadbot_regression.TestDadBotRegression object at 0x0000021AFC8E6C30>

    def test_create_chat_thread_keeps_conversation_state_isolated(self):
        original_thread_id = self.bot.active_thread_id
        self.bot.history.append({"role": "user", "content": "Thread one is about work."})
        self.bot.history.append({"role": "assistant", "content": "Dad heard the work update."})
        self.bot.sync_active_thread_snapshot()
    
>       new_thread = self.bot.create_chat_thread()
                     ^^^^^^^^^^^^^^^^^^^^^^^^^^^
E       AttributeError: 'DadBot' object has no attribute 'create_chat_thread'

tests\test_dadbot_regression.py:246: AttributeError
---------------------------- Captured stdout setup ----------------------------
[DadBot] validate_managers=True
[DadBot] No durable store available, using in-memory state store.
_ TestDadBotRegression.test_snapshot_session_state_roundtrip_preserves_chat_threads _

self = <test_dadbot_regression.TestDadBotRegression object at 0x0000021AFC914ED0>

    def test_snapshot_session_state_roundtrip_preserves_chat_threads(self):
        first_thread_id = self.bot.active_thread_id
        self.bot.history.append({"role": "user", "content": "Keep this in thread one."})
        self.bot.sync_active_thread_snapshot()
    
>       second_thread = self.bot.create_chat_thread()
                        ^^^^^^^^^^^^^^^^^^^^^^^^^^^
E       AttributeError: 'DadBot' object has no attribute 'create_chat_thread'

tests\test_dadbot_regression.py:265: AttributeError
---------------------------- Captured stdout setup ----------------------------
[DadBot] validate_managers=True
[DadBot] No durable store available, using in-memory state store.
__________ TestDadBotRegression.test_finalize_reply_can_skip_signoff __________

self = <test_dadbot_regression.TestDadBotRegression object at 0x0000021AFC915150>

    def test_finalize_reply_can_skip_signoff(self):
        self.bot.APPEND_SIGNOFF = False
    
>       reply = self.bot.reply_finalization.append_signoff("You're doing okay, buddy.")
                ^^^^^^^^^^^^^^^^^^^^^^^^^^^
E       AttributeError: 'DadBot' object has no attribute 'reply_finalization'

tests\test_dadbot_regression.py:292: AttributeError
---------------------------- Captured stdout setup ----------------------------
[DadBot] validate_managers=True
[DadBot] No durable store available, using in-memory state store.
______ TestDadBotRegression.test_prepare_final_reply_can_add_family_echo ______

self = <test_dadbot_regression.TestDadBotRegression object at 0x0000021AFC9030E0>

    def test_prepare_final_reply_can_add_family_echo(self):
        self.bot._pending_daily_checkin_context = False
        self.bot.session_turn_count = lambda: 4
        self.bot.family_echo = lambda *_args, **_kwargs: (
            "Carrie would probably tell you to breathe and let the good news land."
        )
    
>       reply = self.bot.reply_finalization.finalize("That's great news, buddy.", "positive", "I got promoted today.")
                ^^^^^^^^^^^^^^^^^^^^^^^^^^^
E       AttributeError: 'DadBot' object has no attribute 'reply_finalization'

tests\test_dadbot_regression.py:303: AttributeError
---------------------------- Captured stdout setup ----------------------------
[DadBot] validate_managers=True
[DadBot] No durable store available, using in-memory state store.
______ TestDadBotRegression.test_cadence_settings_can_delay_family_echo _______

self = <test_dadbot_regression.TestDadBotRegression object at 0x0000021AFC903310>

    def test_cadence_settings_can_delay_family_echo(self):
        self.bot.CADENCE = {"family_echo_turn_interval": 6}
        self.bot._pending_daily_checkin_context = False
        self.bot.session_turn_count = lambda: 4
        self.bot.family_echo = lambda *_args, **_kwargs: (
            "Carrie would probably tell you to breathe and let the good news land."
        )
    
>       reply = self.bot.reply_finalization.finalize("That's great news, buddy.", "positive", "I got promoted today.")
                ^^^^^^^^^^^^^^^^^^^^^^^^^^^
E       AttributeError: 'DadBot' object has no attribute 'reply_finalization'

tests\test_dadbot_regression.py:315: AttributeError
---------------------------- Captured stdout setup ----------------------------
[DadBot] validate_managers=True
[DadBot] No durable store available, using in-memory state store.
__ TestDadBotRegression.test_apply_persona_preset_updates_style_without_save __

self = <test_dadbot_regression.TestDadBotRegression object at 0x0000021AFC8DB410>

    def test_apply_persona_preset_updates_style_without_save(self):
>       changed = self.bot.apply_persona_preset("coach", save=False)
                  ^^^^^^^^^^^^^^^^^^^^^^^^^^^^^
E       AttributeError: 'DadBot' object has no attribute 'apply_persona_preset'

tests\test_dadbot_regression.py:320: AttributeError
---------------------------- Captured stdout setup ----------------------------
[DadBot] validate_managers=True
[DadBot] No durable store available, using in-memory state store.
_ TestDadBotRegression.test_update_cadence_profile_normalizes_runtime_settings _

self = <test_dadbot_regression.TestDadBotRegression object at 0x0000021AFC8DB6B0>

    def test_update_cadence_profile_normalizes_runtime_settings(self):
>       updated = self.bot.update_cadence_profile(
                  ^^^^^^^^^^^^^^^^^^^^^^^^^^^^^^^
            {
                "wisdom_turn_interval": 6,
                "family_echo_turn_interval": "7",
                "life_pattern_confidence_threshold": 0,
                "life_pattern_queue_limit": "invalid",
            },
            save=False,
        )
E       AttributeError: 'DadBot' object has no attribute 'update_cadence_profile'

tests\test_dadbot_regression.py:328: AttributeError
---------------------------- Captured stdout setup ----------------------------
[DadBot] validate_managers=True
[DadBot] No durable store available, using in-memory state store.
_ TestDadBotRegression.test_update_runtime_profile_normalizes_runtime_preferences _

self = <test_dadbot_regression.TestDadBotRegression object at 0x0000021AFC8B74D0>

    def test_update_runtime_profile_normalizes_runtime_preferences(self):
>       updated = self.bot.update_runtime_profile(
                  ^^^^^^^^^^^^^^^^^^^^^^^^^^^^^^^
            {
                "preferred_embedding_models": ["mxbai-embed-large", "", "bge-m3", "mxbai-embed-large"],
                "max_thinking_time_seconds": "75",
                "stream_max_chars": "16000",
                "graph_refresh_debounce_seconds": "-4",
            },
            save=False,
        )
E       AttributeError: 'DadBot' object has no attribute 'update_runtime_profile'

tests\test_dadbot_regression.py:346: AttributeError
---------------------------- Captured stdout setup ----------------------------
[DadBot] validate_managers=True
[DadBot] No durable store available, using in-memory state store.
_____ TestDadBotRegression.test_agentic_tool_settings_defaults_to_enabled _____

self = <test_dadbot_regression.TestDadBotRegression object at 0x0000021AFC8B7B60>

    def test_agentic_tool_settings_defaults_to_enabled(self):
        self.bot.AGENTIC_TOOLS = {}
    
>       settings = self.bot.agentic_tool_settings()
                   ^^^^^^^^^^^^^^^^^^^^^^^^^^^^^^
E       AttributeError: 'DadBot' object has no attribute 'agentic_tool_settings'

tests\test_dadbot_regression.py:368: AttributeError
---------------------------- Captured stdout setup ----------------------------
[DadBot] validate_managers=True
[DadBot] No durable store available, using in-memory state store.
_ TestDadBotRegression.test_get_available_tools_exposes_reminder_and_web_search_definitions _

self = <test_dadbot_regression.TestDadBotRegression object at 0x0000021AFC8B7D90>

    def test_get_available_tools_exposes_reminder_and_web_search_definitions(self):
>       tools = self.bot.get_available_tools()
                ^^^^^^^^^^^^^^^^^^^^^^^^^^^^
E       AttributeError: 'DadBot' object has no attribute 'get_available_tools'

tests\test_dadbot_regression.py:375: AttributeError
---------------------------- Captured stdout setup ----------------------------
[DadBot] validate_managers=True
[DadBot] No durable store available, using in-memory state store.
_ TestDadBotRegression.test_update_agentic_tool_profile_persists_runtime_values _

self = <test_dadbot_regression.TestDadBotRegression object at 0x0000021AFC8B7ED0>

    def test_update_agentic_tool_profile_persists_runtime_values(self):
>       updated = self.bot.update_agentic_tool_profile(
                  ^^^^^^^^^^^^^^^^^^^^^^^^^^^^^^^^^^^^
            {
                "enabled": True,
                "auto_reminders": False,
                "auto_web_lookup": True,
            },
            save=False,
        )
E       AttributeError: 'DadBot' object has no attribute 'update_agentic_tool_profile'

tests\test_dadbot_regression.py:387: AttributeError
---------------------------- Captured stdout setup ----------------------------
[DadBot] validate_managers=True
[DadBot] No durable store available, using in-memory state store.
______ TestDadBotRegression.test_autonomous_tool_result_can_set_reminder ______

self = <test_dadbot_regression.TestDadBotRegression object at 0x0000021AFC8E8BE0>

    def test_autonomous_tool_result_can_set_reminder(self):
>       self.bot.update_agentic_tool_profile(
        ^^^^^^^^^^^^^^^^^^^^^^^^^^^^^^^^^^^^
            {"enabled": True, "auto_reminders": True, "auto_web_lookup": False}, save=False
        )
E       AttributeError: 'DadBot' object has no attribute 'update_agentic_tool_profile'

tests\test_dadbot_regression.py:401: AttributeError
---------------------------- Captured stdout setup ----------------------------
[DadBot] validate_managers=True
[DadBot] No durable store available, using in-memory state store.
__ TestDadBotRegression.test_autonomous_tool_result_can_add_web_observation ___

self = <test_dadbot_regression.TestDadBotRegression object at 0x0000021AFC8E8C30>

    def test_autonomous_tool_result_can_add_web_observation(self):
>       self.bot.update_agentic_tool_profile(
        ^^^^^^^^^^^^^^^^^^^^^^^^^^^^^^^^^^^^
            {"enabled": True, "auto_reminders": False, "auto_web_lookup": True}, save=False
        )
E       AttributeError: 'DadBot' object has no attribute 'update_agentic_tool_profile'

tests\test_dadbot_regression.py:418: AttributeError
---------------------------- Captured stdout setup ----------------------------
[DadBot] validate_managers=True
[DadBot] No durable store available, using in-memory state store.
_ TestDadBotRegression.test_plan_agentic_tools_can_set_reminder_from_model_plan _

self = <test_dadbot_regression.TestDadBotRegression object at 0x0000021AFC8E8FF0>

    def test_plan_agentic_tools_can_set_reminder_from_model_plan(self):
>       self.bot.update_agentic_tool_profile(
        ^^^^^^^^^^^^^^^^^^^^^^^^^^^^^^^^^^^^
            {"enabled": True, "auto_reminders": True, "auto_web_lookup": False}, save=False
        )
E       AttributeError: 'DadBot' object has no attribute 'update_agentic_tool_profile'

tests\test_dadbot_regression.py:436: AttributeError
---------------------------- Captured stdout setup ----------------------------
[DadBot] validate_managers=True
[DadBot] No durable store available, using in-memory state store.
_ TestDadBotRegression.test_prepare_user_turn_uses_planner_before_heuristic_tool_logic _

self = <test_dadbot_regression.TestDadBotRegression object at 0x0000021AFC8E9FE0>

    def test_prepare_user_turn_uses_planner_before_heuristic_tool_logic(self):
>       self.bot.mood_manager.detect = lambda *_args, **_kwargs: "neutral"
        ^^^^^^^^^^^^^^^^^^^^^
E       AttributeError: 'DadBot' object has no attribute 'mood_manager'. Did you mean: 'memory_manager'?

tests\test_dadbot_regression.py:465: AttributeError
---------------------------- Captured stdout setup ----------------------------
[DadBot] validate_managers=True
[DadBot] No durable store available, using in-memory state store.
_ TestDadBotRegression.test_prepare_user_turn_records_heuristic_fallback_after_planner_no_tool _

self = <test_dadbot_regression.TestDadBotRegression object at 0x0000021AFC8EA120>

    def test_prepare_user_turn_records_heuristic_fallback_after_planner_no_tool(self):
>       self.bot.mood_manager.detect = lambda *_args, **_kwargs: "neutral"
        ^^^^^^^^^^^^^^^^^^^^^
E       AttributeError: 'DadBot' object has no attribute 'mood_manager'. Did you mean: 'memory_manager'?

tests\test_dadbot_regression.py:503: AttributeError
---------------------------- Captured stdout setup ----------------------------
[DadBot] validate_managers=True
[DadBot] No durable store available, using in-memory state store.
_ TestDadBotRegression.test_planner_debug_snapshot_normalizes_invalid_parameters_payload _

self = <test_dadbot_regression.TestDadBotRegression object at 0x0000021AFC8EA300>

    def test_planner_debug_snapshot_normalizes_invalid_parameters_payload(self):
>       self.bot.runtime_state_manager.planner_debug = {
        ^^^^^^^^^^^^^^^^^^^^^^^^^^^^^^^^^^^^^^^^^^^^
            "updated_at": "2026-04-20T12:00:00",
            "user_input": "Need help",
            "current_mood": "happy",
            "planner_status": "used_tool",
            "planner_parameters": "not-a-dict",
            "final_path": "planner_tool",
        }
E       AttributeError: 'NoneType' object has no attribute 'planner_debug' and no __dict__ for setting new attributes

tests\test_dadbot_regression.py:537: AttributeError
---------------------------- Captured stdout setup ----------------------------
[DadBot] validate_managers=True
[DadBot] No durable store available, using in-memory state store.
_ TestDadBotRegression.test_enrich_multimodal_attachments_adds_analysis_for_text_models _

self = <test_dadbot_regression.TestDadBotRegression object at 0x0000021AFC8EA3A0>

    def test_enrich_multimodal_attachments_adds_analysis_for_text_models(self):
        self.bot.ACTIVE_MODEL = "llama3.2:3b"
        self.bot.find_available_vision_model = lambda: "llava:7b"
        self.bot.call_ollama_chat_with_model = lambda *args, **kwargs: {
            "message": {"content": "A laptop screen shows a traceback in a Python terminal."}
        }
    
>       enriched = self.bot.enrich_multimodal_attachments(
                   ^^^^^^^^^^^^^^^^^^^^^^^^^^^^^^^^^^^^^^
            [{"type": "image", "image_b64": "ZmFrZQ==", "name": "debug.png", "note": "error screenshot"}]
        )
E       AttributeError: 'DadBot' object has no attribute 'enrich_multimodal_attachments'

tests\test_dadbot_regression.py:558: AttributeError
---------------------------- Captured stdout setup ----------------------------
[DadBot] validate_managers=True
[DadBot] No durable store available, using in-memory state store.
_ TestDadBotRegression.test_build_request_system_prompt_adds_visual_debug_context_for_image_turn _

self = <test_dadbot_regression.TestDadBotRegression object at 0x0000021AFC8EAA30>

    def test_build_request_system_prompt_adds_visual_debug_context_for_image_turn(self):
>       prompt = self.bot.build_request_system_prompt(
                 ^^^^^^^^^^^^^^^^^^^^^^^^^^^^^^^^^^^^
            "Can you help me figure out this traceback screenshot?",
            "stressed",
            attachments=[
                {"type": "image", "image_b64": "ZmFrZQ==", "name": "traceback.png", "note": "python terminal error"}
            ],
        )
E       AttributeError: 'DadBot' object has no attribute 'build_request_system_prompt'. Did you mean: 'build_system_prompt'?

tests\test_dadbot_regression.py:567: AttributeError
---------------------------- Captured stdout setup ----------------------------
[DadBot] validate_managers=True
[DadBot] No durable store available, using in-memory state store.
_ TestDadBotRegression.test_build_image_analysis_prompt_routes_homework_images _

self = <test_dadbot_regression.TestDadBotRegression object at 0x0000021AFC8EAAD0>

    def test_build_image_analysis_prompt_routes_homework_images(self):
        prompt = self.bot.build_image_analysis_prompt(
            "math worksheet",
            user_input="Can you help me solve this homework problem?",
            attachment={"type": "image", "name": "worksheet.png"},
        )
    
>       self.assertIn("Homework Help", prompt)
        ^^^^^^^^^^^^^
E       AttributeError: 'TestDadBotRegression' object has no attribute 'assertIn'

tests\test_dadbot_regression.py:585: AttributeError
---------------------------- Captured stdout setup ----------------------------
[DadBot] validate_managers=True
[DadBot] No durable store available, using in-memory state store.
____ TestDadBotRegression.test_add_reminder_persists_due_at_for_scheduler _____

self = <test_dadbot_regression.TestDadBotRegression object at 0x0000021AFC8EAB20>

    def test_add_reminder_persists_due_at_for_scheduler(self):
>       reminder = self.bot.add_reminder("call the bank", "2026-04-20 03:00 PM")
                   ^^^^^^^^^^^^^^^^^^^^^
E       AttributeError: 'DadBot' object has no attribute 'add_reminder'

tests\test_dadbot_regression.py:589: AttributeError
---------------------------- Captured stdout setup ----------------------------
[DadBot] validate_managers=True
[DadBot] No durable store available, using in-memory state store.
_ TestDadBotRegression.test_run_scheduled_proactive_jobs_queues_due_reminder_message _

self = <test_dadbot_regression.TestDadBotRegression object at 0x0000021AFC8EAB70>

    def test_run_scheduled_proactive_jobs_queues_due_reminder_message(self):
        reference_time = datetime(2026, 4, 20, 14, 40)
>       self.bot.add_reminder("call the bank", "2026-04-20 03:00 PM")
        ^^^^^^^^^^^^^^^^^^^^^
E       AttributeError: 'DadBot' object has no attribute 'add_reminder'

tests\test_dadbot_regression.py:597: AttributeError
---------------------------- Captured stdout setup ----------------------------
[DadBot] validate_managers=True
[DadBot] No durable store available, using in-memory state store.
_ TestDadBotRegression.test_run_scheduled_proactive_jobs_queues_matching_day_pattern_once _

self = <test_dadbot_regression.TestDadBotRegression object at 0x0000021AFC8EABC0>

    def test_run_scheduled_proactive_jobs_queues_matching_day_pattern_once(self):
>       self.bot.MEMORY_STORE["life_patterns"] = [
        ^^^^^^^^^^^^^^^^^^^^^^^^^^^^^^^^^^^^^^
            {
                "summary": "Tony often carries work stress on Mondays.",
                "topic": "work",
                "mood": "stressed",
                "day_hint": "Monday",
                "confidence": 88,
                "last_seen_at": "2026-04-18T20:00:00",
                "proactive_message": "Mondays seem to carry extra work weight for you lately.",
            }
        ]
E       TypeError: 'InMemoryStateStore' object does not support item assignment

tests\test_dadbot_regression.py:617: TypeError
---------------------------- Captured stdout setup ----------------------------
[DadBot] validate_managers=True
[DadBot] No durable store available, using in-memory state store.
_ TestDadBotRegression.test_relationship_calibration_profile_can_disable_pushback _

self = <test_dadbot_regression.TestDadBotRegression object at 0x0000021AFC8EAC60>

    def test_relationship_calibration_profile_can_disable_pushback(self):
>       self.bot.update_relationship_calibration_profile(
        ^^^^^^^^^^^^^^^^^^^^^^^^^^^^^^^^^^^^^^^^^^^^^^^^
            {
                "enabled": False,
            },
            save=False,
        )
E       AttributeError: 'DadBot' object has no attribute 'update_relationship_calibration_profile'

tests\test_dadbot_regression.py:645: AttributeError
---------------------------- Captured stdout setup ----------------------------
[DadBot] validate_managers=True
[DadBot] No durable store available, using in-memory state store.
_ TestDadBotRegression.test_relationship_calibration_profile_uses_custom_opening_line _

self = <test_dadbot_regression.TestDadBotRegression object at 0x0000021AFC8EACB0>

    def test_relationship_calibration_profile_uses_custom_opening_line(self):
>       self.bot.update_relationship_calibration_profile(
        ^^^^^^^^^^^^^^^^^^^^^^^^^^^^^^^^^^^^^^^^^^^^^^^^
            {
                "enabled": True,
                "protected_moods": ["sad"],
                "trigger_patterns": [r"\bi keep procrastinating\b"],
                "opening_line": "Straight talk, buddy:",
            },
            save=False,
        )
E       AttributeError: 'DadBot' object has no attribute 'update_relationship_calibration_profile'

tests\test_dadbot_regression.py:657: AttributeError
---------------------------- Captured stdout setup ----------------------------
[DadBot] validate_managers=True
[DadBot] No durable store available, using in-memory state store.
_ TestDadBotRegression.test_cadence_settings_come_from_runtime_config_defaults _

self = <test_dadbot_regression.TestDadBotRegression object at 0x0000021AFC8EAD00>

    def test_cadence_settings_come_from_runtime_config_defaults(self):
        self.bot.CADENCE = {}
    
>       cadence = self.bot.cadence_settings()
                  ^^^^^^^^^^^^^^^^^^^^^^^^^
E       AttributeError: 'DadBot' object has no attribute 'cadence_settings'

tests\test_dadbot_regression.py:674: AttributeError
---------------------------- Captured stdout setup ----------------------------
[DadBot] validate_managers=True
[DadBot] No durable store available, using in-memory state store.
_ TestDadBotRegression.test_memory_manager_normalize_memory_store_applies_configured_limits _

self = <test_dadbot_regression.TestDadBotRegression object at 0x0000021AFC8EADA0>

    def test_memory_manager_normalize_memory_store_applies_configured_limits(self):
        store = self.bot.default_memory_store()
        store["persona_evolution"] = [
            {
                "trait": f"trait-{index}",
                "reason": "earned over time",
                "announcement": "",
                "session_count": index,
                "applied_at": f"2026-04-{index + 1:02d}T20:00:00",
            }
            for index in range(12)
        ]
        store["pending_proactive_messages"] = [
            {
                "message": f"message-{index}",
                "source": "life-pattern",
                "created_at": f"2026-04-{index + 1:02d}T20:00:00",
            }
            for index in range(10)
        ]
        store["session_archive"] = [
            {
                "summary": f"Session {index}",
                "topics": ["work"],
                "dominant_mood": "happy",
                "turn_count": 2,
                "created_at": f"2026-04-{(index % 28) + 1:02d}T20:00:00",
                "id": str(index),
            }
            for index in range(30)
        ]
        store["last_mood"] = "happy"
    
>       normalized = self.bot.memory_manager.normalize_memory_store(store)
                     ^^^^^^^^^^^^^^^^^^^^^^^^^^^^^^^^^^^^^^^^^^^^^^^^^^^^^

tests\test_dadbot_regression.py:717: 
_ _ _ _ _ _ _ _ _ _ _ _ _ _ _ _ _ _ _ _ _ _ _ _ _ _ _ _ _ _ _ _ _ _ _ _ _ _ _ _

self = <dadbot.memory.manager.MemoryManager object at 0x0000021AFFC10E10>
store = {'advice_audits': [], 'consolidated_memories': [], 'environmental_cues_history': [], 'health_history': [], ...}

    def normalize_memory_store(self, store):
>       return self._normalizer.normalize_memory_store(store)
               ^^^^^^^^^^^^^^^^^^^^^^^^^^^^^^^^^^^^^^^
E       AttributeError: 'NoneType' object has no attribute 'normalize_memory_store'

dadbot\base\_memory_integration_mixin.py:226: AttributeError
---------------------------- Captured stdout setup ----------------------------
[DadBot] validate_managers=True
[DadBot] No durable store available, using in-memory state store.
_ TestDadBotRegression.test_long_term_signals_manager_summarize_memory_graph_handles_empty_graph _

self = <test_dadbot_regression.TestDadBotRegression object at 0x0000021AFC8EADF0>

    def test_long_term_signals_manager_summarize_memory_graph_handles_empty_graph(self):
>       self.bot.MEMORY_STORE["memory_graph"] = {"nodes": [], "edges": [], "updated_at": None}
        ^^^^^^^^^^^^^^^^^^^^^^^^^^^^^^^^^^^^^
E       TypeError: 'InMemoryStateStore' object does not support item assignment

tests\test_dadbot_regression.py:730: TypeError
---------------------------- Captured stdout setup ----------------------------
[DadBot] validate_managers=True
[DadBot] No durable store available, using in-memory state store.
_ TestDadBotRegression.test_long_term_signals_manager_build_pattern_message_prefers_proactive_text _

self = <test_dadbot_regression.TestDadBotRegression object at 0x0000021AFC8EAE40>

    def test_long_term_signals_manager_build_pattern_message_prefers_proactive_text(self):
>       message = self.bot.long_term_signals.build_pattern_message(
                  ^^^^^^^^^^^^^^^^^^^^^^^^^^
            {
                "summary": "Tony often carries work stress on Sundays.",
                "proactive_message": "Sundays seem heavy for work lately.",
            }
        )
E       AttributeError: 'DadBot' object has no attribute 'long_term_signals'

tests\test_dadbot_regression.py:737: AttributeError
---------------------------- Captured stdout setup ----------------------------
[DadBot] validate_managers=True
[DadBot] No durable store available, using in-memory state store.
_ TestDadBotRegression.test_long_term_signals_manager_should_offer_family_echo_respects_mom_reference _

self = <test_dadbot_regression.TestDadBotRegression object at 0x0000021AFC8EAE90>

    def test_long_term_signals_manager_should_offer_family_echo_respects_mom_reference(self):
>       self.assertFalse(
        ^^^^^^^^^^^^^^^^
            self.bot.long_term_signals.should_offer_family_echo("I already talked to mom about it.", "stressed")
        )
E       AttributeError: 'TestDadBotRegression' object has no attribute 'assertFalse'

tests\test_dadbot_regression.py:747: AttributeError
---------------------------- Captured stdout setup ----------------------------
[DadBot] validate_managers=True
[DadBot] No durable store available, using in-memory state store.
_ TestDadBotRegression.test_long_term_signals_manager_wisdom_generation_can_trigger_from_topic_overlap _

self = <test_dadbot_regression.TestDadBotRegression object at 0x0000021AFC8EAEE0>

    def test_long_term_signals_manager_wisdom_generation_can_trigger_from_topic_overlap(self):
        self.bot.CADENCE = {"wisdom_min_archived_sessions": 2, "wisdom_turn_interval": 9}
>       self.bot.MEMORY_STORE["session_archive"] = [
        ^^^^^^^^^^^^^^^^^^^^^^^^^^^^^^^^^^^^^^^^
            {
                "summary": "A",
                "topics": ["work"],
                "dominant_mood": "neutral",
                "turn_count": 2,
                "created_at": "2026-04-01T20:00:00",
                "id": "a",
            },
            {
                "summary": "B",
                "topics": ["work"],
                "dominant_mood": "neutral",
                "turn_count": 2,
                "created_at": "2026-04-02T20:00:00",
                "id": "b",
            },
        ]
E       TypeError: 'InMemoryStateStore' object does not support item assignment

tests\test_dadbot_regression.py:754: TypeError
---------------------------- Captured stdout setup ----------------------------
[DadBot] validate_managers=True
[DadBot] No durable store available, using in-memory state store.
_ TestDadBotRegression.test_long_term_signals_manager_detect_life_patterns_skips_existing_summary _

self = <test_dadbot_regression.TestDadBotRegression object at 0x0000021AFC8EAF30>

    def test_long_term_signals_manager_detect_life_patterns_skips_existing_summary(self):
>       self.bot.MEMORY_STORE["life_patterns"] = [
        ^^^^^^^^^^^^^^^^^^^^^^^^^^^^^^^^^^^^^^
            {
                "summary": "Tony often carries work stressed on Saturdays.",
                "topic": "work",
                "mood": "stressed",
                "day_hint": "Saturday",
                "confidence": 85,
                "last_seen_at": "2026-04-11T20:00:00",
                "proactive_message": "Saturdays seem heavy for work lately.",
            }
        ]
E       TypeError: 'InMemoryStateStore' object does not support item assignment

tests\test_dadbot_regression.py:785: TypeError
---------------------------- Captured stdout setup ----------------------------
[DadBot] validate_managers=True
[DadBot] No durable store available, using in-memory state store.
_ TestDadBotRegression.test_safety_support_manager_settings_uses_profile_configuration _

self = <test_dadbot_regression.TestDadBotRegression object at 0x0000021AFC8EAF80>

    def test_safety_support_manager_settings_uses_profile_configuration(self):
        self.bot.CRISIS_SUPPORT = {
            "enabled": False,
            "high_risk_phrases": ["jump off a bridge"],
            "grounding_lines": ["Stay with me.", "Call someone now."],
            "resource_line": "Call emergency services now.",
        }
    
>       settings = self.bot.safety_support.settings()
                   ^^^^^^^^^^^^^^^^^^^^^^^
E       AttributeError: 'DadBot' object has no attribute 'safety_support'

tests\test_dadbot_regression.py:844: AttributeError
---------------------------- Captured stdout setup ----------------------------
[DadBot] validate_managers=True
[DadBot] No durable store available, using in-memory state store.
_ TestDadBotRegression.test_safety_support_manager_direct_reply_returns_shadow_signal _

self = <test_dadbot_regression.TestDadBotRegression object at 0x0000021AFC8EAFD0>

    def test_safety_support_manager_direct_reply_returns_shadow_signal(self):
>       reply = self.bot.safety_support.direct_reply_for_input("I want to kill myself tonight.")
                ^^^^^^^^^^^^^^^^^^^^^^^
E       AttributeError: 'DadBot' object has no attribute 'safety_support'

tests\test_dadbot_regression.py:852: AttributeError
---------------------------- Captured stdout setup ----------------------------
[DadBot] validate_managers=True
[DadBot] No durable store available, using in-memory state store.
_ TestDadBotRegression.test_safety_support_manager_direct_reply_returns_none_without_crisis_signal _

self = <test_dadbot_regression.TestDadBotRegression object at 0x0000021AFC8EB020>

    def test_safety_support_manager_direct_reply_returns_none_without_crisis_signal(self):
>       reply = self.bot.safety_support.direct_reply_for_input("I had a long day and feel off.")
                ^^^^^^^^^^^^^^^^^^^^^^^
E       AttributeError: 'DadBot' object has no attribute 'safety_support'

tests\test_dadbot_regression.py:861: AttributeError
---------------------------- Captured stdout setup ----------------------------
[DadBot] validate_managers=True
[DadBot] No durable store available, using in-memory state store.
_ TestDadBotRegression.test_safety_support_manager_negated_reassurance_matches_common_variants _

self = <test_dadbot_regression.TestDadBotRegression object at 0x0000021AFC8EB070>

    def test_safety_support_manager_negated_reassurance_matches_common_variants(self):
>       self.assertTrue(self.bot.safety_support.has_negated_reassurance("i won't hurt myself"))
        ^^^^^^^^^^^^^^^
E       AttributeError: 'TestDadBotRegression' object has no attribute 'assertTrue'

tests\test_dadbot_regression.py:866: AttributeError
---------------------------- Captured stdout setup ----------------------------
[DadBot] validate_managers=True
[DadBot] No durable store available, using in-memory state store.
_ TestDadBotRegression.test_memory_manager_normalize_consolidated_entry_limits_lists_and_recomputes_confidence _

self = <test_dadbot_regression.TestDadBotRegression object at 0x0000021AFC8EB0C0>

    def test_memory_manager_normalize_consolidated_entry_limits_lists_and_recomputes_confidence(self):
>       normalized = self.bot.memory_manager.normalize_consolidated_memory_entry(
            {
                "summary": "i'm saving money for a house",
                "category": "finance",
                "source_count": 3,
                "confidence": None,
                "supporting_summaries": [
                    "i'm saving money",
                    "i've been sticking to a budget",
                    "saving matters to me",
                    "trying to spend less",
                    "extra summary should drop",
                ],
                "contradictions": ["A", "B", "C", "D", "E"],
                "updated_at": date.today().isoformat(),
            }
        )

tests\test_dadbot_regression.py:871: 
_ _ _ _ _ _ _ _ _ _ _ _ _ _ _ _ _ _ _ _ _ _ _ _ _ _ _ _ _ _ _ _ _ _ _ _ _ _ _ _

self = <dadbot.memory.manager.MemoryManager object at 0x0000021AFFA43250>
entry = {'category': 'finance', 'confidence': None, 'contradictions': ['A', 'B', 'C', 'D', 'E'], 'source_count': 3, ...}

    def normalize_consolidated_memory_entry(self, entry):
>       return self._normalizer.normalize_consolidated_memory_entry(entry)
               ^^^^^^^^^^^^^^^^^^^^^^^^^^^^^^^^^^^^^^^^^^^^^^^^^^^^
E       AttributeError: 'NoneType' object has no attribute 'normalize_consolidated_memory_entry'

dadbot\base\_memory_integration_mixin.py:127: AttributeError
---------------------------- Captured stdout setup ----------------------------
[DadBot] validate_managers=True
[DadBot] No durable store available, using in-memory state store.
_ TestDadBotRegression.test_memory_manager_normalize_relationship_state_decays_levels_and_limits_recent_checkins _

self = <test_dadbot_regression.TestDadBotRegression object at 0x0000021AFC8EB160>

    def test_memory_manager_normalize_relationship_state_decays_levels_and_limits_recent_checkins(self):
        stale_date = (date.today() - timedelta(days=200)).isoformat()
>       normalized = self.bot.memory_manager.normalize_relationship_state(
            {
                "trust_level": 95,
                "openness_level": 5,
                "emotional_momentum": "stormy",
                "hypotheses": [
                    {
                        "name": "guarded_distance",
                        "label": "Guarded Distance",
                        "summary": "Needs room.",
                        "probability": 0.75,
                    },
                    {
                        "name": "supportive_baseline",
                        "label": "Supportive Baseline",
                        "summary": "Stable.",
                        "probability": 0.25,
                    },
                ],
                "active_hypothesis": "guarded_distance",
                "last_hypothesis_updated": stale_date,
                "recurring_topics": {"work": "3", "": 9, "family": 2},
                "recent_checkins": [
                    {"date": f"2026-04-{(index % 28) + 1:02d}", "mood": "happy", "topic": f"topic-{index}"}
                    for index in range(40)
                ],
                "last_reflection": "Still showing up.",
                "last_updated": stale_date,
            }
        )

tests\test_dadbot_regression.py:898: 
_ _ _ _ _ _ _ _ _ _ _ _ _ _ _ _ _ _ _ _ _ _ _ _ _ _ _ _ _ _ _ _ _ _ _ _ _ _ _ _

self = <dadbot.memory.manager.MemoryManager object at 0x0000021AFFA43C50>
state = {'active_hypothesis': 'guarded_distance', 'emotional_momentum': 'stormy', 'hypotheses': [{'label': 'Guarded Distance',...ame': 'supportive_baseline', 'probability': 0.25, 'summary': 'Stable.'}], 'last_hypothesis_updated': '2025-11-07', ...}

    def normalize_relationship_state(self, state):
>       return self._normalizer.normalize_relationship_state(state)
               ^^^^^^^^^^^^^^^^^^^^^^^^^^^^^^^^^^^^^^^^^^^^^
E       AttributeError: 'NoneType' object has no attribute 'normalize_relationship_state'

dadbot\base\_memory_integration_mixin.py:145: AttributeError
---------------------------- Captured stdout setup ----------------------------
[DadBot] validate_managers=True
[DadBot] No durable store available, using in-memory state store.
_ TestDadBotRegression.test_update_relationship_state_tracks_active_hypothesis _

self = <test_dadbot_regression.TestDadBotRegression object at 0x0000021AFC8EB1B0>

    def test_update_relationship_state_tracks_active_hypothesis(self):
        snapshot = self.bot.relationship.current_state()
    
>       self.assertIsInstance(snapshot, dict)
        ^^^^^^^^^^^^^^^^^^^^^
E       AttributeError: 'TestDadBotRegression' object has no attribute 'assertIsInstance'

tests\test_dadbot_regression.py:941: AttributeError
---------------------------- Captured stdout setup ----------------------------
[DadBot] validate_managers=True
[DadBot] No durable store available, using in-memory state store.
_ TestDadBotRegression.test_memory_manager_detected_contradictions_deduplicate_repeat_pairs _

self = <test_dadbot_regression.TestDadBotRegression object at 0x0000021AFC8EB200>

    def test_memory_manager_detected_contradictions_deduplicate_repeat_pairs(self):
>       contradictions = self.bot.detect_memory_contradictions(
                         ^^^^^^^^^^^^^^^^^^^^^^^^^^^^^^^^^^^^^
            memories=[
                {"summary": "Tony is saving money for a car.", "category": "finance"},
                {"summary": "Tony is not saving money for a car right now.", "category": "finance"},
            ],
            existing_insights=[
                {"summary": "Tony is saving money for a car.", "category": "finance"},
                {"summary": "Tony is not saving money for a car right now.", "category": "finance"},
            ],
        )
E       AttributeError: 'DadBot' object has no attribute 'detect_memory_contradictions'

tests\test_dadbot_regression.py:946: AttributeError
---------------------------- Captured stdout setup ----------------------------
[DadBot] validate_managers=True
[DadBot] No durable store available, using in-memory state store.
_ TestDadBotRegression.test_living_dad_snapshot_surfaces_latest_long_term_signals _

self = <test_dadbot_regression.TestDadBotRegression object at 0x0000021AFC8EB250>

    def test_living_dad_snapshot_surfaces_latest_long_term_signals(self):
>       self.bot.MEMORY_STORE["persona_evolution"] = [
        ^^^^^^^^^^^^^^^^^^^^^^^^^^^^^^^^^^^^^^^^^^
            {
                "trait": "more coach-like",
                "reason": "Tony responds well to structure",
                "announcement": "",
                "session_count": 10,
                "applied_at": "2026-04-10T20:00:00",
            }
        ]
E       TypeError: 'InMemoryStateStore' object does not support item assignment

tests\test_dadbot_regression.py:960: TypeError
---------------------------- Captured stdout setup ----------------------------
[DadBot] validate_managers=True
[DadBot] No durable store available, using in-memory state store.
_ TestDadBotRegression.test_evolve_persona_stores_trait_and_queues_announcement _

self = <test_dadbot_regression.TestDadBotRegression object at 0x0000021AFC8EB2A0>

    def test_evolve_persona_stores_trait_and_queues_announcement(self):
        responses = iter(
            [
                {
                    "message": {
                        "content": json.dumps(
                            {"new_trait": "more coach-like", "reason": "Tony responds well to structured encouragement"}
                        )
                    }
                },
                {
                    "message": {
                        "content": json.dumps(
                            {
                                "score": 8,
                                "approved": True,
                                "feedback": "Strong and grounded.",
                                "suggested_refinement": None,
                            }
                        )
                    }
                },
            ]
        )
        self.bot.call_ollama_chat = lambda *args, **kwargs: next(responses)
    
>       entry = self.bot.evolve_persona(force=True)
                ^^^^^^^^^^^^^^^^^^^^^^^
E       AttributeError: 'DadBot' object has no attribute 'evolve_persona'

tests\test_dadbot_regression.py:1033: AttributeError
---------------------------- Captured stdout setup ----------------------------
[DadBot] validate_managers=True
[DadBot] No durable store available, using in-memory state store.
___ TestDadBotRegression.test_cadence_settings_can_delay_persona_evolution ____

self = <test_dadbot_regression.TestDadBotRegression object at 0x0000021AFC8EB2F0>

    def test_cadence_settings_can_delay_persona_evolution(self):
        self.bot.CADENCE = {"persona_evolution_min_sessions": 12, "persona_evolution_session_gap": 12}
>       self.bot.MEMORY_STORE["session_archive"] = [
        ^^^^^^^^^^^^^^^^^^^^^^^^^^^^^^^^^^^^^^^^
            {
                "summary": f"Session {index}",
                "topics": ["work"],
                "dominant_mood": "neutral",
                "turn_count": 2,
                "created_at": f"2026-04-{index + 1:02d}T20:00:00",
                "id": str(index),
            }
            for index in range(10)
        ]
E       TypeError: 'InMemoryStateStore' object does not support item assignment

tests\test_dadbot_regression.py:1042: TypeError
---------------------------- Captured stdout setup ----------------------------
[DadBot] validate_managers=True
[DadBot] No durable store available, using in-memory state store.
___ TestDadBotRegression.test_should_evolve_persona_when_cadence_gap_is_met ___

self = <test_dadbot_regression.TestDadBotRegression object at 0x0000021AFC8EB340>

    def test_should_evolve_persona_when_cadence_gap_is_met(self):
        self.bot.CADENCE = {"persona_evolution_min_sessions": 10, "persona_evolution_session_gap": 3}
>       self.bot.MEMORY_STORE["session_archive"] = [
        ^^^^^^^^^^^^^^^^^^^^^^^^^^^^^^^^^^^^^^^^
            {
                "summary": f"Session {index}",
                "topics": ["work"],
                "dominant_mood": "neutral",
                "turn_count": 2,
                "created_at": f"2026-04-{index + 1:02d}T20:00:00",
                "id": str(index),
            }
            for index in range(12)
        ]
E       TypeError: 'InMemoryStateStore' object does not support item assignment

tests\test_dadbot_regression.py:1058: TypeError
---------------------------- Captured stdout setup ----------------------------
[DadBot] validate_managers=True
[DadBot] No durable store available, using in-memory state store.
_ TestDadBotRegression.test_generate_wisdom_insight_stores_special_wisdom_entry _

self = <test_dadbot_regression.TestDadBotRegression object at 0x0000021AFC8EB390>

    def test_generate_wisdom_insight_stores_special_wisdom_entry(self):
        today_stamp = date.today().isoformat()
>       self.bot.MEMORY_STORE["consolidated_memories"] = [
        ^^^^^^^^^^^^^^^^^^^^^^^^^^^^^^^^^^^^^^^^^^^^^^
            {
                "summary": "Tony has recurring stress around work deadlines.",
                "category": "work",
                "source_count": 2,
                "confidence": 0.74,
                "supporting_summaries": [],
                "contradictions": [],
                "updated_at": today_stamp,
            }
        ]
E       TypeError: 'InMemoryStateStore' object does not support item assignment

tests\test_dadbot_regression.py:1083: TypeError
---------------------------- Captured stdout setup ----------------------------
[DadBot] validate_managers=True
[DadBot] No durable store available, using in-memory state store.
___ TestDadBotRegression.test_cadence_settings_can_delay_wisdom_generation ____

self = <test_dadbot_regression.TestDadBotRegression object at 0x0000021AFC8EB3E0>

    def test_cadence_settings_can_delay_wisdom_generation(self):
        self.bot.CADENCE = {"wisdom_min_archived_sessions": 2, "wisdom_turn_interval": 5}
>       self.bot.MEMORY_STORE["session_archive"] = [
        ^^^^^^^^^^^^^^^^^^^^^^^^^^^^^^^^^^^^^^^^
            {
                "summary": "A",
                "topics": ["work"],
                "dominant_mood": "neutral",
                "turn_count": 2,
                "created_at": "2026-04-01T20:00:00",
                "id": "a",
            },
            {
                "summary": "B",
                "topics": ["work"],
                "dominant_mood": "neutral",
                "turn_count": 2,
                "created_at": "2026-04-02T20:00:00",
                "id": "b",
            },
        ]
E       TypeError: 'InMemoryStateStore' object does not support item assignment

tests\test_dadbot_regression.py:1118: TypeError
---------------------------- Captured stdout setup ----------------------------
[DadBot] validate_managers=True
[DadBot] No durable store available, using in-memory state store.
___ TestDadBotRegression.test_detect_life_patterns_queues_proactive_message ___

self = <test_dadbot_regression.TestDadBotRegression object at 0x0000021AFC8EB430>

    def test_detect_life_patterns_queues_proactive_message(self):
>       self.bot.MEMORY_STORE["session_archive"] = [
        ^^^^^^^^^^^^^^^^^^^^^^^^^^^^^^^^^^^^^^^^
            {
                "summary": "Work felt heavy again.",
                "topics": ["work"],
                "dominant_mood": "stressed",
                "turn_count": 4,
                "created_at": "2026-04-05T20:00:00",
                "id": "a",
            },
            {
                "summary": "Sunday work dread again.",
                "topics": ["work"],
                "dominant_mood": "stressed",
                "turn_count": 4,
                "created_at": "2026-04-12T20:00:00",
                "id": "b",
            },
            {
                "summary": "Another tough Sunday night about work.",
                "topics": ["work"],
                "dominant_mood": "stressed",
                "turn_count": 4,
                "created_at": "2026-04-19T20:00:00",
                "id": "c",
            },
            {
                "summary": "Still talking about work stress.",
                "topics": ["work"],
                "dominant_mood": "stressed",
                "turn_count": 4,
                "created_at": "2026-04-26T20:00:00",
                "id": "d",
            },
        ]
E       TypeError: 'InMemoryStateStore' object does not support item assignment

tests\test_dadbot_regression.py:1147: TypeError
---------------------------- Captured stdout setup ----------------------------
[DadBot] validate_managers=True
[DadBot] No durable store available, using in-memory state store.
___ TestDadBotRegression.test_cadence_settings_can_raise_pattern_threshold ____

self = <test_dadbot_regression.TestDadBotRegression object at 0x0000021AFC8EB480>

    def test_cadence_settings_can_raise_pattern_threshold(self):
        self.bot.CADENCE = {
            "life_pattern_min_archived_sessions": 4,
            "life_pattern_window": 12,
            "life_pattern_min_occurrences": 5,
            "life_pattern_confidence_threshold": 80,
            "life_pattern_queue_limit": 2,
        }
>       self.bot.MEMORY_STORE["session_archive"] = [
        ^^^^^^^^^^^^^^^^^^^^^^^^^^^^^^^^^^^^^^^^
            {
                "summary": "Work felt heavy again.",
                "topics": ["work"],
                "dominant_mood": "stressed",
                "turn_count": 4,
                "created_at": "2026-04-05T20:00:00",
                "id": "a",
            },
            {
                "summary": "Sunday work dread again.",
                "topics": ["work"],
                "dominant_mood": "stressed",
                "turn_count": 4,
                "created_at": "2026-04-12T20:00:00",
                "id": "b",
            },
            {
                "summary": "Another tough Sunday night about work.",
                "topics": ["work"],
                "dominant_mood": "stressed",
                "turn_count": 4,
                "created_at": "2026-04-19T20:00:00",
                "id": "c",
            },
            {
                "summary": "Still talking about work stress.",
                "topics": ["work"],
                "dominant_mood": "stressed",
                "turn_count": 4,
                "created_at": "2026-04-26T20:00:00",
                "id": "d",
            },
        ]
E       TypeError: 'InMemoryStateStore' object does not support item assignment

tests\test_dadbot_regression.py:1196: TypeError
---------------------------- Captured stdout setup ----------------------------
[DadBot] validate_managers=True
[DadBot] No durable store available, using in-memory state store.
_ TestDadBotRegression.test_opening_message_consumes_queued_proactive_message _

self = <test_dadbot_regression.TestDadBotRegression object at 0x0000021AFC8EB4D0>

    def test_opening_message_consumes_queued_proactive_message(self):
>       self.bot.MEMORY_STORE["last_mood_updated_at"] = (date.today() - timedelta(days=1)).isoformat()
        ^^^^^^^^^^^^^^^^^^^^^^^^^^^^^^^^^^^^^^^^^^^^^
E       TypeError: 'InMemoryStateStore' object does not support item assignment

tests\test_dadbot_regression.py:1234: TypeError
---------------------------- Captured stdout setup ----------------------------
[DadBot] validate_managers=True
[DadBot] No durable store available, using in-memory state store.
_ TestDadBotRegression.test_opening_message_uses_profile_opening_messages_when_idle _

self = <test_dadbot_regression.TestDadBotRegression object at 0x0000021AFC8EB520>

    def test_opening_message_uses_profile_opening_messages_when_idle(self):
        self.bot.PROFILE["opening_messages"] = ["Hey buddy, good to see you."]
>       self.bot.refresh_profile_runtime()
        ^^^^^^^^^^^^^^^^^^^^^^^^^^^^^^^^
E       AttributeError: 'DadBot' object has no attribute 'refresh_profile_runtime'

tests\test_dadbot_regression.py:1245: AttributeError
---------------------------- Captured stdout setup ----------------------------
[DadBot] validate_managers=True
[DadBot] No durable store available, using in-memory state store.
__ TestDadBotRegression.test_refresh_memory_graph_debounces_recent_refreshes __

self = <test_dadbot_regression.TestDadBotRegression object at 0x0000021AFC8EB570>

    def test_refresh_memory_graph_debounces_recent_refreshes(self):
        sync_calls = []
        self.bot.GRAPH_REFRESH_DEBOUNCE_SECONDS = 30
        self.bot._memory_graph_dirty = True
        self.bot._last_memory_graph_refresh_monotonic = time.monotonic()
        self.bot.sync_graph_store = lambda: (
            sync_calls.append("sync") or {"nodes": [], "edges": [], "updated_at": "2026-04-19T12:00:00"}
        )
        self.bot.memory_manager.preview_memory_graph = lambda snapshot: {
            "nodes": [],
            "edges": [],
            "updated_at": snapshot["updated_at"],
        }
    
        self.bot.refresh_memory_graph()
>       self.assertEqual(sync_calls, [])
        ^^^^^^^^^^^^^^^^
E       AttributeError: 'TestDadBotRegression' object has no attribute 'assertEqual'

tests\test_dadbot_regression.py:1267: AttributeError
---------------------------- Captured stdout setup ----------------------------
[DadBot] validate_managers=True
[DadBot] No durable store available, using in-memory state store.
_ TestDadBotRegression.test_refresh_memory_graph_records_issue_and_preserves_previous_snapshot_on_failure _

self = <test_dadbot_regression.TestDadBotRegression object at 0x0000021AFC8EB5C0>

    def test_refresh_memory_graph_records_issue_and_preserves_previous_snapshot_on_failure(self):
        self.bot.GRAPH_REFRESH_DEBOUNCE_SECONDS = 0
        self.bot._memory_graph_dirty = True
>       self.bot.MEMORY_STORE["memory_graph"] = {"nodes": [{"label": "existing"}], "edges": [], "updated_at": "before"}
        ^^^^^^^^^^^^^^^^^^^^^^^^^^^^^^^^^^^^^
E       TypeError: 'InMemoryStateStore' object does not support item assignment

tests\test_dadbot_regression.py:1279: TypeError
---------------------------- Captured stdout setup ----------------------------
[DadBot] validate_managers=True
[DadBot] No durable store available, using in-memory state store.
_ TestDadBotRegression.test_compose_user_turn_text_includes_voice_note_transcript _

self = <test_dadbot_regression.TestDadBotRegression object at 0x0000021AFC8EB610>

    def test_compose_user_turn_text_includes_voice_note_transcript(self):
>       turn_text = self.bot.compose_user_turn_text(
                    ^^^^^^^^^^^^^^^^^^^^^^^^^^^^^^^
            "",
            attachments=[{"type": "audio", "transcript": "I had a rough day at work.", "name": "note.wav"}],
        )
E       AttributeError: 'DadBot' object has no attribute 'compose_user_turn_text'

tests\test_dadbot_regression.py:1289: AttributeError
---------------------------- Captured stdout setup ----------------------------
[DadBot] validate_managers=True
[DadBot] No durable store available, using in-memory state store.
_ TestDadBotRegression.test_build_chat_request_messages_attaches_images_for_multimodal_models _

self = <test_dadbot_regression.TestDadBotRegression object at 0x0000021AFC8EB660>

    def test_build_chat_request_messages_attaches_images_for_multimodal_models(self):
        self.bot.ACTIVE_MODEL = "llava:7b"
    
>       messages = self.bot.build_chat_request_messages(
                   ^^^^^^^^^^^^^^^^^^^^^^^^^^^^^^^^^^^^
            "Take a look at this.",
            "neutral",
            attachments=[{"type": "image", "image_b64": "ZmFrZQ==", "name": "photo.png"}],
        )
E       AttributeError: 'DadBot' object has no attribute 'build_chat_request_messages'

tests\test_dadbot_regression.py:1300: AttributeError
---------------------------- Captured stdout setup ----------------------------
[DadBot] validate_managers=True
[DadBot] No durable store available, using in-memory state store.
_ TestDadBotRegression.test_validate_managers_raises_when_required_manager_method_is_missing _

self = <test_dadbot_regression.TestDadBotRegression object at 0x0000021AFC8EB6B0>

    def test_validate_managers_raises_when_required_manager_method_is_missing(self):
>       original_runtime_client = self.bot.runtime_client
                                  ^^^^^^^^^^^^^^^^^^^^^^^
E       AttributeError: 'DadBot' object has no attribute 'runtime_client'. Did you mean: 'runtime_config'?

tests\test_dadbot_regression.py:1310: AttributeError
---------------------------- Captured stdout setup ----------------------------
[DadBot] validate_managers=True
[DadBot] No durable store available, using in-memory state store.
_ TestDadBotRegression.test_validate_managers_smoke_mode_raises_when_probe_fails _

self = <test_dadbot_regression.TestDadBotRegression object at 0x0000021AFC8EB700>

    def test_validate_managers_smoke_mode_raises_when_probe_fails(self):
>       with patch.object(self.bot.status_reporting, "status_snapshot", side_effect=RuntimeError("smoke boom")):
                          ^^^^^^^^^^^^^^^^^^^^^^^^^
E       AttributeError: 'DadBot' object has no attribute 'status_reporting'

tests\test_dadbot_regression.py:1318: AttributeError
---------------------------- Captured stdout setup ----------------------------
[DadBot] validate_managers=True
[DadBot] No durable store available, using in-memory state store.
_ TestDadBotRegression.test_process_user_message_applies_top_level_prompt_guard_before_runtime_client _

self = <test_dadbot_regression.TestDadBotRegression object at 0x0000021AFC8EB750>

    def test_process_user_message_applies_top_level_prompt_guard_before_runtime_client(self):
        self.bot.effective_context_token_budget = lambda _model_name=None: 320
        self.bot.RESERVED_RESPONSE_TOKENS = 120
>       self.bot.mood_manager.detect = lambda *_args, **_kwargs: "neutral"
        ^^^^^^^^^^^^^^^^^^^^^
E       AttributeError: 'DadBot' object has no attribute 'mood_manager'. Did you mean: 'memory_manager'?

tests\test_dadbot_regression.py:1325: AttributeError
---------------------------- Captured stdout setup ----------------------------
[DadBot] validate_managers=True
[DadBot] No durable store available, using in-memory state store.
_ TestDadBotRegression.test_process_user_message_combines_memory_pruning_and_prompt_guard_under_pressure _

self = <test_dadbot_regression.TestDadBotRegression object at 0x0000021AFC8EB7A0>

    def test_process_user_message_combines_memory_pruning_and_prompt_guard_under_pressure(self):
        self.bot.effective_context_token_budget = lambda _model_name=None: 360
        self.bot.RESERVED_RESPONSE_TOKENS = 160
>       self.bot.mood_manager.detect = lambda *_args, **_kwargs: "stressed"
        ^^^^^^^^^^^^^^^^^^^^^
E       AttributeError: 'DadBot' object has no attribute 'mood_manager'. Did you mean: 'memory_manager'?

tests\test_dadbot_regression.py:1388: AttributeError
---------------------------- Captured stdout setup ----------------------------
[DadBot] validate_managers=True
[DadBot] No durable store available, using in-memory state store.
_ TestDadBotRegression.test_reflection_retry_loop_stays_within_prompt_guard_budget _

self = <test_dadbot_regression.TestDadBotRegression object at 0x0000021AFC8EB840>

    def test_reflection_retry_loop_stays_within_prompt_guard_budget(self):
        self.bot.effective_context_token_budget = lambda _model_name=None: 320
        self.bot.RESERVED_RESPONSE_TOKENS = 120
        long_observation = "Initial web observation: " + ("market stress context " * 140)
        captured_token_counts = []
    
        responses = iter(
            [
                {
                    "message": {
                        "content": '{"sufficient": false, "refined_query": "better work stress coping query", "reason": "Need a more specific source."}'
                    }
                },
                {
                    "message": {
                        "content": '{"sufficient": true, "refined_query": null, "reason": "The refined source is good enough."}'
                    }
                },
            ]
        )
    
        def fake_runtime_chat(model_name, messages, options=None, response_format=None, purpose="chat"):
            if purpose == "agentic reflection":
                captured_token_counts.append(sum(self.bot.message_token_cost(message) for message in messages))
            return next(responses)
    
        self.bot.lookup_web = lambda query: {
            "heading": "Coping guide",
            "summary": f"Refined result for {query}",
            "source_label": "Example Source",
        }
    
>       with patch.object(self.bot.runtime_client, "call_ollama_chat_with_model", side_effect=fake_runtime_chat):
                          ^^^^^^^^^^^^^^^^^^^^^^^
E       AttributeError: 'DadBot' object has no attribute 'runtime_client'. Did you mean: 'runtime_config'?

tests\test_dadbot_regression.py:1465: AttributeError
---------------------------- Captured stdout setup ----------------------------
[DadBot] validate_managers=True
[DadBot] No durable store available, using in-memory state store.
_____ TestDadBotRegression.test_reflection_retry_loop_logs_retry_attempts _____

self = <test_dadbot_regression.TestDadBotRegression object at 0x0000021AFC8EB8E0>

    def test_reflection_retry_loop_logs_retry_attempts(self):
        responses = iter(
            [
                {
                    "message": {
                        "content": '{"sufficient": false, "refined_query": "better work stress coping query", "reason": "Need a more specific source."}'
                    }
                },
                {"message": {"content": '{"sufficient": true, "refined_query": null, "reason": "Looks good."}'}},
            ]
        )
    
        def fake_runtime_chat(model_name, messages, options=None, response_format=None, purpose="chat"):
            return next(responses)
    
        self.bot.lookup_web = lambda query: {
            "heading": "Coping guide",
            "summary": f"Refined result for {query}",
            "source_label": "Example Source",
        }
    
>       with patch.object(self.bot.runtime_client, "call_ollama_chat_with_model", side_effect=fake_runtime_chat):
                          ^^^^^^^^^^^^^^^^^^^^^^^
E       AttributeError: 'DadBot' object has no attribute 'runtime_client'. Did you mean: 'runtime_config'?

tests\test_dadbot_regression.py:1504: AttributeError
---------------------------- Captured stdout setup ----------------------------
[DadBot] validate_managers=True
[DadBot] No durable store available, using in-memory state store.
_ TestDadBotRegression.test_reflect_relationship_state_updates_store_with_mocked_reflection_json _

self = <test_dadbot_regression.TestDadBotRegression object at 0x0000021AFC8EB930>

    def test_reflect_relationship_state_updates_store_with_mocked_reflection_json(self):
>       self.bot.history = [
        ^^^^^^^^^^^^^^^^
            {"role": "system", "content": "Dad system prompt"},
            {"role": "user", "content": "Work has been heavy this week."},
            {"role": "assistant", "content": "I am with you through it, buddy."},
            {"role": "user", "content": "I feel calmer after talking."},
            {"role": "assistant", "content": "That is a strong step forward."},
            {"role": "user", "content": "I think I can keep going tomorrow."},
        ]
E       AttributeError: property 'history' of 'DadBot' object has no setter

tests\test_dadbot_regression.py:1519: AttributeError
---------------------------- Captured stdout setup ----------------------------
[DadBot] validate_managers=True
[DadBot] No durable store available, using in-memory state store.
_ TestDadBotRegression.test_validate_reply_returns_unfinalized_fact_fallback __

self = <test_dadbot_regression.TestDadBotRegression object at 0x0000021AFC8EB980>

    def test_validate_reply_returns_unfinalized_fact_fallback(self):
        self.bot.get_memory_reply = lambda *_args, **_kwargs: None
        self.bot.get_fact_reply = lambda *_args, **_kwargs: "Fact fallback"
    
>       reply = self.bot.validate_reply("Where was I born?", "Draft reply")
                ^^^^^^^^^^^^^^^^^^^^^^^
E       AttributeError: 'DadBot' object has no attribute 'validate_reply'

tests\test_dadbot_regression.py:1537: AttributeError
---------------------------- Captured stdout setup ----------------------------
[DadBot] validate_managers=True
[DadBot] No durable store available, using in-memory state store.
___ TestDadBotRegression.test_critique_reply_uses_alignment_judge_revision ____

self = <test_dadbot_regression.TestDadBotRegression object at 0x0000021AFC8EB9D0>

    def test_critique_reply_uses_alignment_judge_revision(self):
        calls = []
    
        def fake_call(*args, **kwargs):
            calls.append(kwargs.get("purpose"))
            return {
                "message": {
                    "content": (
                        '{"approved": false, "score": 6, "dad_likeness": 5, '
                        '"groundedness": 9, "emotional_fit": 6, '
                        '"issues": ["too generic"], '
                        '"revised_reply": "I know this has been weighing on you, buddy. Take one breath and we will handle it together."}'
                    )
                }
            }
    
        self.bot.call_ollama_chat = fake_call
    
>       revised = self.bot.critique_reply("I am overwhelmed at work.", "You can do it.", "stressed")
                  ^^^^^^^^^^^^^^^^^^^^^^^
E       AttributeError: 'DadBot' object has no attribute 'critique_reply'

tests\test_dadbot_regression.py:1559: AttributeError
---------------------------- Captured stdout setup ----------------------------
[DadBot] validate_managers=True
[DadBot] No durable store available, using in-memory state store.
_ TestDadBotRegression.test_judge_reply_alignment_uses_unified_supervisor_call _

self = <test_dadbot_regression.TestDadBotRegression object at 0x0000021AFC8EBA20>

    def test_judge_reply_alignment_uses_unified_supervisor_call(self):
        calls = []
    
        def fake_call(*args, **kwargs):
            calls.append(kwargs.get("purpose"))
            return {
                "message": {
                    "content": (
                        '{"approved": false, "score": 7, "dad_likeness": 7, '
                        '"groundedness": 9, "emotional_fit": 8, '
                        '"issues": ["tighten warmth"], '
                        '"revised_reply": "I am with you, buddy. Let us take this one steady step at a time."}'
                    )
                }
            }
    
        self.bot.call_ollama_chat = fake_call
    
>       revised = self.bot.judge_reply_alignment("Work still feels heavy.", "I am here for you.", "stressed")
                  ^^^^^^^^^^^^^^^^^^^^^^^^^^^^^^
E       AttributeError: 'DadBot' object has no attribute 'judge_reply_alignment'

tests\test_dadbot_regression.py:1584: AttributeError
---------------------------- Captured stdout setup ----------------------------
[DadBot] validate_managers=True
[DadBot] No durable store available, using in-memory state store.
_ TestDadBotRegression.test_reply_supervisor_prompt_includes_anchor_examples_and_hidden_reasoning_instruction _

self = <test_dadbot_regression.TestDadBotRegression object at 0x0000021AFC8EBA70>

    def test_reply_supervisor_prompt_includes_anchor_examples_and_hidden_reasoning_instruction(self):
>       prompt = self.bot.build_reply_supervisor_prompt(
                 ^^^^^^^^^^^^^^^^^^^^^^^^^^^^^^^^^^^^^^
            "Work still feels heavy.",
            "I am here for you, buddy.",
            "stressed",
        )
E       AttributeError: 'DadBot' object has no attribute 'build_reply_supervisor_prompt'

tests\test_dadbot_regression.py:1590: AttributeError
---------------------------- Captured stdout setup ----------------------------
[DadBot] validate_managers=True
[DadBot] No durable store available, using in-memory state store.
___ TestDadBotRegression.test_reply_supervisor_snapshot_records_duration_ms ___

self = <test_dadbot_regression.TestDadBotRegression object at 0x0000021AFC8EBAC0>

    def test_reply_supervisor_snapshot_records_duration_ms(self):
        self.bot.call_ollama_chat = lambda *args, **kwargs: {
            "message": {
                "content": (
                    '{"approved": true, "score": 8, "dad_likeness": 8, '
                    '"groundedness": 9, "emotional_fit": 8, '
                    '"issues": [], "revised_reply": null}'
                )
            }
        }
    
>       self.bot.critique_reply("Work still feels heavy.", "I am here for you, buddy.", "stressed")
        ^^^^^^^^^^^^^^^^^^^^^^^
E       AttributeError: 'DadBot' object has no attribute 'critique_reply'

tests\test_dadbot_regression.py:1612: AttributeError
---------------------------- Captured stdout setup ----------------------------
[DadBot] validate_managers=True
[DadBot] No durable store available, using in-memory state store.
_ TestDadBotRegression.test_apply_reply_supervisor_decision_clamps_scores_and_trims_issues _

self = <test_dadbot_regression.TestDadBotRegression object at 0x0000021AFC8EBB10>

    def test_apply_reply_supervisor_decision_clamps_scores_and_trims_issues(self):
>       revised = self.bot.apply_reply_supervisor_decision(
                  ^^^^^^^^^^^^^^^^^^^^^^^^^^^^^^^^^^^^^^^^
            {
                "approved": False,
                "score": 99,
                "dad_likeness": "9",
                "groundedness": 0,
                "emotional_fit": "7",
                "issues": ["  too generic  ", ""],
                "revised_reply": "  I am with you, buddy. Let us take it one steady step at a time.  ",
            },
            "Draft reply",
            stage="alignment_judge",
        )
E       AttributeError: 'DadBot' object has no attribute 'apply_reply_supervisor_decision'

tests\test_dadbot_regression.py:1619: AttributeError
---------------------------- Captured stdout setup ----------------------------
[DadBot] validate_managers=True
[DadBot] No durable store available, using in-memory state store.
___ TestDadBotRegression.test_memory_extraction_prompt_requires_json_array ____

self = <test_dadbot_regression.TestDadBotRegression object at 0x0000021AFC8EBB60>

    def test_memory_extraction_prompt_requires_json_array(self):
        prompt = self.bot.memory_extraction_prompt()
    
>       self.assertIn("Return ONLY a JSON array of objects.", prompt)
        ^^^^^^^^^^^^^
E       AttributeError: 'TestDadBotRegression' object has no attribute 'assertIn'

tests\test_dadbot_regression.py:1645: AttributeError
---------------------------- Captured stdout setup ----------------------------
[DadBot] validate_managers=True
[DadBot] No durable store available, using in-memory state store.
_ TestDadBotRegression.test_build_cross_session_context_includes_consolidated_memories _

self = <test_dadbot_regression.TestDadBotRegression object at 0x0000021AFC8EBBB0>

    def test_build_cross_session_context_includes_consolidated_memories(self):
>       self.bot.MEMORY_STORE["consolidated_memories"] = [
        ^^^^^^^^^^^^^^^^^^^^^^^^^^^^^^^^^^^^^^^^^^^^^^
            {
                "summary": "Tony has been working steadily on saving money goals.",
                "category": "finance",
                "source_count": 2,
                "updated_at": date.today().isoformat(),
            }
        ]
E       TypeError: 'InMemoryStateStore' object does not support item assignment

tests\test_dadbot_regression.py:1649: TypeError
---------------------------- Captured stdout setup ----------------------------
[DadBot] validate_managers=True
[DadBot] No durable store available, using in-memory state store.
_ TestDadBotRegression.test_select_active_consolidated_memories_uses_model_selected_indices _

self = <test_dadbot_regression.TestDadBotRegression object at 0x0000021AFC8EBC00>

    def test_select_active_consolidated_memories_uses_model_selected_indices(self):
        today = date.today().isoformat()
>       self.bot.MEMORY_STORE["consolidated_memories"] = [
        ^^^^^^^^^^^^^^^^^^^^^^^^^^^^^^^^^^^^^^^^^^^^^^
            {
                "summary": "Tony has been carrying steady work stress lately.",
                "category": "work",
                "confidence": 0.82,
                "source_count": 2,
                "updated_at": today,
            },
            {
                "summary": "Tony has been saving money for an emergency fund.",
                "category": "finance",
                "confidence": 0.91,
                "source_count": 3,
                "updated_at": today,
            },
            {
                "summary": "Tony keeps trying to sleep earlier during stressful weeks.",
                "category": "health",
                "confidence": 0.67,
                "source_count": 2,
                "updated_at": today,
            },
        ]
E       TypeError: 'InMemoryStateStore' object does not support item assignment

tests\test_dadbot_regression.py:1666: TypeError
---------------------------- Captured stdout setup ----------------------------
[DadBot] validate_managers=True
[DadBot] No durable store available, using in-memory state store.
_ TestDadBotRegression.test_select_active_consolidated_memories_reuses_cached_selection _

self = <test_dadbot_regression.TestDadBotRegression object at 0x0000021AFC8EBC50>

    def test_select_active_consolidated_memories_reuses_cached_selection(self):
        today = date.today().isoformat()
>       self.bot.MEMORY_STORE["consolidated_memories"] = [
        ^^^^^^^^^^^^^^^^^^^^^^^^^^^^^^^^^^^^^^^^^^^^^^
            {
                "summary": "Tony has been carrying steady work stress lately.",
                "category": "work",
                "confidence": 0.82,
                "source_count": 2,
                "updated_at": today,
            },
            {
                "summary": "Tony has been saving money for an emergency fund.",
                "category": "finance",
                "confidence": 0.91,
                "source_count": 3,
                "updated_at": today,
            },
        ]
E       TypeError: 'InMemoryStateStore' object does not support item assignment

tests\test_dadbot_regression.py:1699: TypeError
---------------------------- Captured stdout setup ----------------------------
[DadBot] validate_managers=True
[DadBot] No durable store available, using in-memory state store.
_ TestDadBotRegression.test_build_cross_session_context_prioritizes_positive_traits_and_recent_notes _

self = <test_dadbot_regression.TestDadBotRegression object at 0x0000021AFC8EBCF0>

    def test_build_cross_session_context_prioritizes_positive_traits_and_recent_notes(self):
        today = date.today().isoformat()
>       self.bot.MEMORY_STORE["persona_evolution"] = [
        ^^^^^^^^^^^^^^^^^^^^^^^^^^^^^^^^^^^^^^^^^^
            {
                "trait": "more intense when you stall",
                "reason": "",
                "announcement": "",
                "session_count": 12,
                "applied_at": today + "T08:00:00",
                "last_reinforced_at": today + "T08:00:00",
                "strength": 2.6,
                "impact_score": -1.5,
            },
            {
                "trait": "gentler when you are hard on yourself",
                "reason": "",
                "announcement": "",
                "session_count": 12,
                "applied_at": today + "T09:00:00",
                "last_reinforced_at": today + "T09:00:00",
                "strength": 1.2,
                "impact_score": 2.4,
            },
        ]
E       TypeError: 'InMemoryStateStore' object does not support item assignment

tests\test_dadbot_regression.py:1728: TypeError
---------------------------- Captured stdout setup ----------------------------
[DadBot] validate_managers=True
[DadBot] No durable store available, using in-memory state store.
____ TestDadBotRegression.test_consolidate_memories_stores_merged_insights ____

self = <test_dadbot_regression.TestDadBotRegression object at 0x0000021AFC8EBD90>

    def test_consolidate_memories_stores_merged_insights(self):
        today_stamp = date.today().isoformat()
>       self.bot.MEMORY_STORE["memories"] = [
        ^^^^^^^^^^^^^^^^^^^^^^^^^^^^^^^^^
            {
                "summary": "Tony is saving money for a car.",
                "category": "finance",
                "mood": "positive",
                "created_at": today_stamp,
                "updated_at": today_stamp,
            },
            {
                "summary": "Tony has been stressed about work deadlines.",
                "category": "work",
                "mood": "stressed",
                "created_at": today_stamp,
                "updated_at": today_stamp,
            },
            {
                "summary": "Tony is trying to exercise more consistently.",
                "category": "health",
                "mood": "positive",
                "created_at": today_stamp,
                "updated_at": today_stamp,
            },
        ]
E       TypeError: 'InMemoryStateStore' object does not support item assignment

tests\test_dadbot_regression.py:1779: TypeError
---------------------------- Captured stdout setup ----------------------------
[DadBot] validate_managers=True
[DadBot] No durable store available, using in-memory state store.
_ TestDadBotRegression.test_detect_memory_contradictions_flags_negated_overlap _

self = <test_dadbot_regression.TestDadBotRegression object at 0x0000021AFC8EBDE0>

    def test_detect_memory_contradictions_flags_negated_overlap(self):
>       contradictions = self.bot.detect_memory_contradictions(
                         ^^^^^^^^^^^^^^^^^^^^^^^^^^^^^^^^^^^^^
            memories=[
                {"summary": "Tony is saving money for a car.", "category": "finance"},
                {"summary": "Tony is not saving money for a car right now.", "category": "finance"},
            ]
        )
E       AttributeError: 'DadBot' object has no attribute 'detect_memory_contradictions'

tests\test_dadbot_regression.py:1836: AttributeError
---------------------------- Captured stdout setup ----------------------------
[DadBot] validate_managers=True
[DadBot] No durable store available, using in-memory state store.
_ TestDadBotRegression.test_detect_memory_contradictions_flags_opposing_states _

self = <test_dadbot_regression.TestDadBotRegression object at 0x0000021AFC8EBE30>

    def test_detect_memory_contradictions_flags_opposing_states(self):
>       contradictions = self.bot.detect_memory_contradictions(
                         ^^^^^^^^^^^^^^^^^^^^^^^^^^^^^^^^^^^^^
            memories=[
                {"summary": "Tony is single right now.", "category": "relationships"},
                {"summary": "Tony is married now.", "category": "relationships"},
            ]
        )
E       AttributeError: 'DadBot' object has no attribute 'detect_memory_contradictions'

tests\test_dadbot_regression.py:1847: AttributeError
---------------------------- Captured stdout setup ----------------------------
[DadBot] validate_managers=True
[DadBot] No durable store available, using in-memory state store.
_ TestDadBotRegression.test_merge_consolidated_memories_marks_superseded_conflicts _

self = <test_dadbot_regression.TestDadBotRegression object at 0x0000021AFC8EBE80>

    def test_merge_consolidated_memories_marks_superseded_conflicts(self):
>       self.bot.MEMORY_STORE["consolidated_memories"] = [
        ^^^^^^^^^^^^^^^^^^^^^^^^^^^^^^^^^^^^^^^^^^^^^^
            {
                "summary": "Tony is single right now.",
                "category": "relationships",
                "source_count": 2,
                "confidence": 0.82,
                "updated_at": "2024-01-01",
            }
        ]
E       TypeError: 'InMemoryStateStore' object does not support item assignment

tests\test_dadbot_regression.py:1858: TypeError
---------------------------- Captured stdout setup ----------------------------
[DadBot] validate_managers=True
[DadBot] No durable store available, using in-memory state store.
______ TestDadBotRegression.test_retrieve_context_returns_hybrid_bundle _______

self = <test_dadbot_regression.TestDadBotRegression object at 0x0000021AFC8EBED0>

    def test_retrieve_context_returns_hybrid_bundle(self):
        today_stamp = date.today().isoformat()
>       self.bot.MEMORY_STORE["memories"] = [
        ^^^^^^^^^^^^^^^^^^^^^^^^^^^^^^^^^
            {
                "summary": "Tony is preparing for a hard deadline at work.",
                "category": "work",
                "mood": "stressed",
                "created_at": today_stamp,
                "updated_at": today_stamp,
                "impact_score": 2.0,
            }
        ]
E       TypeError: 'InMemoryStateStore' object does not support item assignment

tests\test_dadbot_regression.py:1892: TypeError
---------------------------- Captured stdout setup ----------------------------
[DadBot] validate_managers=True
[DadBot] No durable store available, using in-memory state store.
__ TestDadBotRegression.test_extract_mood_label_maps_alias_to_known_category __

self = <test_dadbot_regression.TestDadBotRegression object at 0x0000021AFC8EBF20>

    def test_extract_mood_label_maps_alias_to_known_category(self):
>       self.assertEqual(
        ^^^^^^^^^^^^^^^^
            self.bot.mood_manager.extract_label("Mood: overwhelmed\nReason: Too much going on."), "stressed"
        )
E       AttributeError: 'TestDadBotRegression' object has no attribute 'assertEqual'

tests\test_dadbot_regression.py:1922: AttributeError
---------------------------- Captured stdout setup ----------------------------
[DadBot] validate_managers=True
[DadBot] No durable store available, using in-memory state store.
___ TestDadBotRegression.test_detect_crisis_signal_flags_high_risk_language ___

self = <test_dadbot_regression.TestDadBotRegression object at 0x0000021AFC8EBF70>

    def test_detect_crisis_signal_flags_high_risk_language(self):
>       self.assertTrue(self.bot.detect_crisis_signal("I want to kill myself tonight."))
        ^^^^^^^^^^^^^^^
E       AttributeError: 'TestDadBotRegression' object has no attribute 'assertTrue'

tests\test_dadbot_regression.py:1927: AttributeError
---------------------------- Captured stdout setup ----------------------------
[DadBot] validate_managers=True
[DadBot] No durable store available, using in-memory state store.
_ TestDadBotRegression.test_detect_crisis_signal_ignores_negated_reassurance __

self = <test_dadbot_regression.TestDadBotRegression object at 0x0000021AFC8EBFC0>

    def test_detect_crisis_signal_ignores_negated_reassurance(self):
>       self.assertFalse(self.bot.detect_crisis_signal("I'm not suicidal, just exhausted and overwhelmed."))
        ^^^^^^^^^^^^^^^^
E       AttributeError: 'TestDadBotRegression' object has no attribute 'assertFalse'

tests\test_dadbot_regression.py:1930: AttributeError
---------------------------- Captured stdout setup ----------------------------
[DadBot] validate_managers=True
[DadBot] No durable store available, using in-memory state store.
_ TestDadBotRegression.test_process_user_message_short_circuits_to_crisis_support_reply _

self = <test_dadbot_regression.TestDadBotRegression object at 0x0000021AFC95C050>

    def test_process_user_message_short_circuits_to_crisis_support_reply(self):
>       self.bot.mood_manager.detect = lambda *_args, **_kwargs: "sad"
        ^^^^^^^^^^^^^^^^^^^^^
E       AttributeError: 'DadBot' object has no attribute 'mood_manager'. Did you mean: 'memory_manager'?

tests\test_dadbot_regression.py:1933: AttributeError
---------------------------- Captured stdout setup ----------------------------
[DadBot] validate_managers=True
[DadBot] No durable store available, using in-memory state store.
_ TestDadBotRegression.test_handle_tool_command_status_snapshot_reports_core_runtime _

self = <test_dadbot_regression.TestDadBotRegression object at 0x0000021AFC95C0A0>

    def test_handle_tool_command_status_snapshot_reports_core_runtime(self):
>       self.bot.MEMORY_STORE["memories"] = [
        ^^^^^^^^^^^^^^^^^^^^^^^^^^^^^^^^^
            {
                "summary": "Tony is saving money.",
                "category": "finance",
                "mood": "positive",
                "created_at": date.today().isoformat(),
                "updated_at": date.today().isoformat(),
            }
        ]
E       TypeError: 'InMemoryStateStore' object does not support item assignment

tests\test_dadbot_regression.py:1945: TypeError
---------------------------- Captured stdout setup ----------------------------
[DadBot] validate_managers=True
[DadBot] No durable store available, using in-memory state store.
_ TestDadBotRegression.test_dashboard_status_snapshot_reports_operational_details _

self = <test_dadbot_regression.TestDadBotRegression object at 0x0000021AFC95C0F0>

    def test_dashboard_status_snapshot_reports_operational_details(self):
>       self.bot.MEMORY_STORE["memories"] = [
        ^^^^^^^^^^^^^^^^^^^^^^^^^^^^^^^^^
            {
                "summary": "Tony is saving money.",
                "category": "finance",
                "mood": "positive",
                "created_at": date.today().isoformat(),
                "updated_at": date.today().isoformat(),
            }
        ]
E       TypeError: 'InMemoryStateStore' object does not support item assignment

tests\test_dadbot_regression.py:1969: TypeError
---------------------------- Captured stdout setup ----------------------------
[DadBot] validate_managers=True
[DadBot] No durable store available, using in-memory state store.
_ TestDadBotRegression.test_runtime_health_snapshot_warns_for_high_pressure_signals _

self = <test_dadbot_regression.TestDadBotRegression object at 0x0000021AFC95C140>

    def test_runtime_health_snapshot_warns_for_high_pressure_signals(self):
>       self.bot.record_memory_context_stats(
        ^^^^^^^^^^^^^^^^^^^^^^^^^^^^^^^^^^^^
            tokens=3050,
            budget_tokens=3200,
            selected_sections=4,
            total_sections=6,
            pruned=True,
            user_input="long stress check-in",
        )
E       AttributeError: 'DadBot' object has no attribute 'record_memory_context_stats'. Did you mean: 'last_memory_context_stats'?

tests\test_dadbot_regression.py:2020: AttributeError
---------------------------- Captured stdout setup ----------------------------
[DadBot] validate_managers=True
[DadBot] No durable store available, using in-memory state store.
_ TestDadBotRegression.test_runtime_health_snapshot_red_reduces_worker_limit_in_light_mode _

self = <test_dadbot_regression.TestDadBotRegression object at 0x0000021AFC95C190>

    def test_runtime_health_snapshot_red_reduces_worker_limit_in_light_mode(self):
        self.bot.LIGHT_MODE = True
>       self.bot.record_memory_context_stats(
        ^^^^^^^^^^^^^^^^^^^^^^^^^^^^^^^^^^^^
            tokens=960,
            budget_tokens=1000,
            selected_sections=3,
            total_sections=5,
            pruned=True,
            user_input="high pressure check",
        )
E       AttributeError: 'DadBot' object has no attribute 'record_memory_context_stats'. Did you mean: 'last_memory_context_stats'?

tests\test_dadbot_regression.py:2045: AttributeError
---------------------------- Captured stdout setup ----------------------------
[DadBot] validate_managers=True
[DadBot] No durable store available, using in-memory state store.
_ TestDadBotRegression.test_current_runtime_health_snapshot_uses_cached_value_until_stale _

self = <test_dadbot_regression.TestDadBotRegression object at 0x0000021AFC95C230>

    def test_current_runtime_health_snapshot_uses_cached_value_until_stale(self):
        call_counter = {"count": 0}
        original = self.bot.runtime_health_snapshot
    
        def _wrapped(*args, **kwargs):
            call_counter["count"] += 1
            return original(*args, **kwargs)
    
        with patch.object(self.bot, "runtime_health_snapshot", side_effect=_wrapped):
            first = self.bot.current_runtime_health_snapshot(force=True, log_warnings=False, persist=False)
            second = self.bot.current_runtime_health_snapshot(
                force=False, log_warnings=False, persist=False, max_age_seconds=999
            )
    
>       self.assertEqual(call_counter["count"], 1)
        ^^^^^^^^^^^^^^^^
E       AttributeError: 'TestDadBotRegression' object has no attribute 'assertEqual'

tests\test_dadbot_regression.py:2075: AttributeError
---------------------------- Captured stdout setup ----------------------------
[DadBot] validate_managers=True
[DadBot] No durable store available, using in-memory state store.
_ TestDadBotRegression.test_process_user_message_refreshes_health_snapshot_at_turn_end _

self = <test_dadbot_regression.TestDadBotRegression object at 0x0000021AFC95C2D0>

    def test_process_user_message_refreshes_health_snapshot_at_turn_end(self):
>       self.bot.mood_manager.detect = lambda *_args, **_kwargs: "neutral"
        ^^^^^^^^^^^^^^^^^^^^^
E       AttributeError: 'DadBot' object has no attribute 'mood_manager'. Did you mean: 'memory_manager'?

tests\test_dadbot_regression.py:2079: AttributeError
---------------------------- Captured stdout setup ----------------------------
[DadBot] validate_managers=True
[DadBot] No durable store available, using in-memory state store.
______ TestDadBotRegression.test_status_snapshot_includes_health_payload ______

self = <test_dadbot_regression.TestDadBotRegression object at 0x0000021AFC95C320>

    def test_status_snapshot_includes_health_payload(self):
>       snapshot = self.bot.status_snapshot()
                   ^^^^^^^^^^^^^^^^^^^^^^^^
E       AttributeError: 'DadBot' object has no attribute 'status_snapshot'

tests\test_dadbot_regression.py:2091: AttributeError
---------------------------- Captured stdout setup ----------------------------
[DadBot] validate_managers=True
[DadBot] No durable store available, using in-memory state store.
____ TestDadBotRegression.test_apply_relationship_feedback_records_history ____

self = <test_dadbot_regression.TestDadBotRegression object at 0x0000021AFC95C370>

    def test_apply_relationship_feedback_records_history(self):
>       before = len(self.bot.relationship_history(limit=200))
                     ^^^^^^^^^^^^^^^^^^^^^^^^^^^^^
E       AttributeError: 'DadBot' object has no attribute 'relationship_history'

tests\test_dadbot_regression.py:2098: AttributeError
---------------------------- Captured stdout setup ----------------------------
[DadBot] validate_managers=True
[DadBot] No durable store available, using in-memory state store.
_ TestDadBotRegression.test_apply_consolidated_feedback_adjusts_entry_scores __

self = <test_dadbot_regression.TestDadBotRegression object at 0x0000021AFC95C3C0>

    def test_apply_consolidated_feedback_adjusts_entry_scores(self):
>       self.bot.mutate_memory_store(
        ^^^^^^^^^^^^^^^^^^^^^^^^^^^^
            consolidated_memories=[
                {
                    "summary": "Tony has been consistent with his budget.",
                    "category": "finance",
                    "source_count": 2,
                    "confidence": 0.6,
                    "importance_score": 0.5,
                    "updated_at": date.today().isoformat(),
                }
            ]
        )
E       AttributeError: 'DadBot' object has no attribute 'mutate_memory_store'. Did you mean: 'save_memory_store'?

tests\test_dadbot_regression.py:2106: AttributeError
---------------------------- Captured stdout setup ----------------------------
[DadBot] validate_managers=True
[DadBot] No durable store available, using in-memory state store.
_ TestDadBotRegression.test_resolve_consolidated_contradiction_marks_loser_superseded _

self = <test_dadbot_regression.TestDadBotRegression object at 0x0000021AFC95C410>

    def test_resolve_consolidated_contradiction_marks_loser_superseded(self):
>       self.bot.mutate_memory_store(
        ^^^^^^^^^^^^^^^^^^^^^^^^^^^^
            consolidated_memories=[
                {
                    "summary": "Tony is single.",
                    "category": "relationships",
                    "source_count": 2,
                    "confidence": 0.7,
                    "importance_score": 0.6,
                    "updated_at": "2026-04-15",
                },
                {
                    "summary": "Tony is married.",
                    "category": "relationships",
                    "source_count": 2,
                    "confidence": 0.72,
                    "importance_score": 0.62,
                    "updated_at": "2026-04-20",
                },
            ]
        )
E       AttributeError: 'DadBot' object has no attribute 'mutate_memory_store'. Did you mean: 'save_memory_store'?

tests\test_dadbot_regression.py:2131: AttributeError
---------------------------- Captured stdout setup ----------------------------
[DadBot] validate_managers=True
[DadBot] No durable store available, using in-memory state store.
_ TestDadBotRegression.test_dashboard_status_snapshot_includes_memory_contradictions _

self = <test_dadbot_regression.TestDadBotRegression object at 0x0000021AFC95C460>

    def test_dashboard_status_snapshot_includes_memory_contradictions(self):
>       self.bot.mutate_memory_store(
        ^^^^^^^^^^^^^^^^^^^^^^^^^^^^
            consolidated_memories=[
                {
                    "summary": "Tony is employed.",
                    "category": "work",
                    "source_count": 1,
                    "confidence": 0.6,
                    "importance_score": 0.5,
                    "updated_at": "2026-04-18",
                },
                {
                    "summary": "Tony is unemployed.",
                    "category": "work",
                    "source_count": 1,
                    "confidence": 0.62,
                    "importance_score": 0.55,
                    "updated_at": "2026-04-19",
                },
            ]
        )
E       AttributeError: 'DadBot' object has no attribute 'mutate_memory_store'. Did you mean: 'save_memory_store'?

tests\test_dadbot_regression.py:2166: AttributeError
---------------------------- Captured stdout setup ----------------------------
[DadBot] validate_managers=True
[DadBot] No durable store available, using in-memory state store.
_______ TestDadBotRegression.test_handle_tool_command_quiet_mode_toggle _______

self = <test_dadbot_regression.TestDadBotRegression object at 0x0000021AFC95C500>

    def test_handle_tool_command_quiet_mode_toggle(self):
>       on_reply = self.bot.handle_tool_command("/quiet on")
                   ^^^^^^^^^^^^^^^^^^^^^^^^^^^^
E       AttributeError: 'DadBot' object has no attribute 'handle_tool_command'

tests\test_dadbot_regression.py:2193: AttributeError
---------------------------- Captured stdout setup ----------------------------
[DadBot] validate_managers=True
[DadBot] No durable store available, using in-memory state store.
_ TestDadBotRegression.test_concurrent_background_tasks_complete_without_failures _

self = <test_dadbot_regression.TestDadBotRegression object at 0x0000021AFC95C550>

    def test_concurrent_background_tasks_complete_without_failures(self):
        self.bot.LIGHT_MODE = False
        memory_entry = {
            "summary": "Tony wants to save for emergencies.",
            "details": "budget and planning",
            "category": "finance",
            "mood": "focused",
            "created_at": date.today().isoformat(),
            "updated_at": date.today().isoformat(),
        }
    
        with (
            patch.object(self.bot.memory_manager, "sync_semantic_memory_index", return_value=None),
>           patch.object(
                self.bot,
                "refresh_session_summary",
                return_value="Tony kept showing up even under pressure.",
            ),
        ):

tests\test_dadbot_regression.py:2214: 
_ _ _ _ _ _ _ _ _ _ _ _ _ _ _ _ _ _ _ _ _ _ _ _ _ _ _ _ _ _ _ _ _ _ _ _ _ _ _ _
..\..\..\AppData\Local\Programs\Python\Python313\Lib\unittest\mock.py:1497: in __enter__
    original, local = self.get_original()
                      ^^^^^^^^^^^^^^^^^^^
_ _ _ _ _ _ _ _ _ _ _ _ _ _ _ _ _ _ _ _ _ _ _ _ _ _ _ _ _ _ _ _ _ _ _ _ _ _ _ _

self = <unittest.mock._patch object at 0x0000021AFF6D3BB0>

    def get_original(self):
        target = self.getter()
        name = self.attribute
    
        original = DEFAULT
        local = False
    
        try:
            original = target.__dict__[name]
        except (AttributeError, KeyError):
            original = getattr(target, name, DEFAULT)
        else:
            local = True
    
        if name in _builtins and isinstance(target, ModuleType):
            self.create = True
    
        if not self.create and original is DEFAULT:
>           raise AttributeError(
                "%s does not have the attribute %r" % (target, name)
            )
E           AttributeError: <dadbot.core.dadbot.DadBot object at 0x0000021A80A72990> does not have the attribute 'refresh_session_summary'

..\..\..\AppData\Local\Programs\Python\Python313\Lib\unittest\mock.py:1467: AttributeError
---------------------------- Captured stdout setup ----------------------------
[DadBot] validate_managers=True
[DadBot] No durable store available, using in-memory state store.
_ TestDadBotRegression.test_load_memory_store_restores_from_backup_when_primary_corrupt _

self = <test_dadbot_regression.TestDadBotRegression object at 0x0000021AFC95C5F0>

    def test_load_memory_store_restores_from_backup_when_primary_corrupt(self):
>       primary_path = self.bot.MEMORY_PATH
                       ^^^^^^^^^^^^^^^^^^^^
E       AttributeError: 'DadBot' object has no attribute 'MEMORY_PATH'

tests\test_dadbot_regression.py:2233: AttributeError
---------------------------- Captured stdout setup ----------------------------
[DadBot] validate_managers=True
[DadBot] No durable store available, using in-memory state store.
_ TestDadBotRegression.test_persist_conversation_async_tracks_runtime_background_task_state _

self = <test_dadbot_regression.TestDadBotRegression object at 0x0000021AFC95C640>

    def test_persist_conversation_async_tracks_runtime_background_task_state(self):
>       future = self.bot.persist_conversation_async()
                 ^^^^^^^^^^^^^^^^^^^^^^^^^^^^^^^^^^^
E       AttributeError: 'DadBot' object has no attribute 'persist_conversation_async'

tests\test_dadbot_regression.py:2257: AttributeError
---------------------------- Captured stdout setup ----------------------------
[DadBot] validate_managers=True
[DadBot] No durable store available, using in-memory state store.
_ TestDadBotRegression.test_queue_semantic_memory_index_tracks_runtime_background_task_state _

self = <test_dadbot_regression.TestDadBotRegression object at 0x0000021AFC95C6E0>

    def test_queue_semantic_memory_index_tracks_runtime_background_task_state(self):
        memory_entry = {
            "summary": "Tony wants to save more money this month.",
            "details": "Budget planning and bills.",
            "category": "finance",
            "mood": "focused",
            "created_at": date.today().isoformat(),
            "updated_at": date.today().isoformat(),
        }
    
        with patch.object(self.bot.memory_manager, "sync_semantic_memory_index", return_value=None):
>           future = self.bot.queue_semantic_memory_index([memory_entry])
                     ^^^^^^^^^^^^^^^^^^^^^^^^^^^^^^^^^^^^
E           AttributeError: 'DadBot' object has no attribute 'queue_semantic_memory_index'

tests\test_dadbot_regression.py:2287: AttributeError
---------------------------- Captured stdout setup ----------------------------
[DadBot] validate_managers=True
[DadBot] No durable store available, using in-memory state store.
_ TestDadBotRegression.test_schedule_post_turn_maintenance_tracks_runtime_background_task_state _

self = <test_dadbot_regression.TestDadBotRegression object at 0x0000021AFC95C730>

    def test_schedule_post_turn_maintenance_tracks_runtime_background_task_state(self):
        self.bot.LIGHT_MODE = False
>       self.bot.MEMORY_STORE["relationship_state"]["active_hypothesis"] = "supportive_baseline"
        ^^^^^^^^^^^^^^^^^^^^^^^^^^^^^^^^^^^^^^^^^^^
E       TypeError: 'InMemoryStateStore' object is not subscriptable

tests\test_dadbot_regression.py:2303: TypeError
---------------------------- Captured stdout setup ----------------------------
[DadBot] validate_managers=True
[DadBot] No durable store available, using in-memory state store.
_ TestDadBotRegression.test_archive_session_context_replaces_same_turn_snapshot _

self = <test_dadbot_regression.TestDadBotRegression object at 0x0000021AFC95C7D0>

    def test_archive_session_context_replaces_same_turn_snapshot(self):
        history = [
            {"role": "user", "content": "Work has been rough lately."},
            {"role": "assistant", "content": "I'm here with you, buddy."},
        ]
>       self.bot.session_summary = "Tony feels stretched thin at work."
        ^^^^^^^^^^^^^^^^^^^^^^^^
E       AttributeError: property 'session_summary' of 'DadBot' object has no setter

tests\test_dadbot_regression.py:2324: AttributeError
---------------------------- Captured stdout setup ----------------------------
[DadBot] validate_managers=True
[DadBot] No durable store available, using in-memory state store.
_ TestDadBotRegression.test_document_store_persists_profile_and_memory_per_tenant _

self = <test_dadbot_regression.TestDadBotRegression object at 0x0000021AFC95C820>

    def test_document_store_persists_profile_and_memory_per_tenant(self):
        shared_store = InMemoryStateStore()
    
        with (
            TemporaryDirectory() as temp_dir,
            patch.dict(
                os.environ,
                {
                    "DADBOT_PROFILE_PATH": str(Path(temp_dir) / "dad_profile.json"),
                    "DADBOT_MEMORY_PATH": str(Path(temp_dir) / "dad_memory.json"),
                    "DADBOT_SEMANTIC_DB_PATH": str(Path(temp_dir) / "dad_memory_semantic.sqlite3"),
                    "DADBOT_GRAPH_DB_PATH": str(Path(temp_dir) / "dad_memory_graph.sqlite3"),
                    "DADBOT_SESSION_LOG_DIR": str(Path(temp_dir) / "session_logs"),
                },
                clear=False,
            ),
        ):
>           tenant_a = make_test_dadbot()
                       ^^^^^^^^^^^^^^^^
E           NameError: name 'make_test_dadbot' is not defined

tests\test_dadbot_regression.py:2355: NameError
---------------------------- Captured stdout setup ----------------------------
[DadBot] validate_managers=True
[DadBot] No durable store available, using in-memory state store.
_ TestDadBotRegression.test_document_store_memory_save_also_updates_json_mirror _

self = <test_dadbot_regression.TestDadBotRegression object at 0x0000021AFC95C870>

    def test_document_store_memory_save_also_updates_json_mirror(self):
        shared_store = InMemoryStateStore()
    
        with (
            TemporaryDirectory() as temp_dir,
            patch.dict(
                os.environ,
                {
                    "DADBOT_PROFILE_PATH": str(Path(temp_dir) / "dad_profile.json"),
                    "DADBOT_MEMORY_PATH": str(Path(temp_dir) / "dad_memory.json"),
                    "DADBOT_SEMANTIC_DB_PATH": str(Path(temp_dir) / "dad_memory_semantic.sqlite3"),
                    "DADBOT_GRAPH_DB_PATH": str(Path(temp_dir) / "dad_memory_graph.sqlite3"),
                    "DADBOT_SESSION_LOG_DIR": str(Path(temp_dir) / "session_logs"),
                },
                clear=False,
            ),
        ):
>           bot = make_test_dadbot()
                  ^^^^^^^^^^^^^^^^
E           NameError: name 'make_test_dadbot' is not defined

tests\test_dadbot_regression.py:2419: NameError
---------------------------- Captured stdout setup ----------------------------
[DadBot] validate_managers=True
[DadBot] No durable store available, using in-memory state store.
_ TestDadBotRegression.test_output_moderation_rewrites_secretive_or_harmful_reply _

self = <test_dadbot_regression.TestDadBotRegression object at 0x0000021AFC95C910>

    def test_output_moderation_rewrites_secretive_or_harmful_reply(self):
>       moderated = self.bot.reply_finalization.finalize(
                    ^^^^^^^^^^^^^^^^^^^^^^^^^^^
            "Keep this from your mom and hit him back if he does it again.",
            "neutral",
            "Someone was mean to me at school.",
        )
E       AttributeError: 'DadBot' object has no attribute 'reply_finalization'

tests\test_dadbot_regression.py:2437: AttributeError
---------------------------- Captured stdout setup ----------------------------
[DadBot] validate_managers=True
[DadBot] No durable store available, using in-memory state store.
_ TestDadBotRegression.test_dashboard_status_snapshot_includes_persistence_and_moderation_state _

self = <test_dadbot_regression.TestDadBotRegression object at 0x0000021AFC95C960>

    def test_dashboard_status_snapshot_includes_persistence_and_moderation_state(self):
>       self.bot.mood_manager.detect = lambda *_args, **_kwargs: "neutral"
        ^^^^^^^^^^^^^^^^^^^^^
E       AttributeError: 'DadBot' object has no attribute 'mood_manager'. Did you mean: 'memory_manager'?

tests\test_dadbot_regression.py:2448: AttributeError
---------------------------- Captured stdout setup ----------------------------
[DadBot] validate_managers=True
[DadBot] No durable store available, using in-memory state store.
_ TestDadBotRegression.test_dashboard_status_snapshot_surfaces_recent_runtime_degradations _

self = <test_dadbot_regression.TestDadBotRegression object at 0x0000021AFC95C9B0>

    def test_dashboard_status_snapshot_surfaces_recent_runtime_degradations(self):
>       self.bot.record_runtime_issue("prompt guard", "trimmed prompt context", RuntimeError("context window exceeded"))
        ^^^^^^^^^^^^^^^^^^^^^^^^^^^^^
E       AttributeError: 'DadBot' object has no attribute 'record_runtime_issue'

tests\test_dadbot_regression.py:2468: AttributeError
---------------------------- Captured stdout setup ----------------------------
[DadBot] validate_managers=True
[DadBot] No durable store available, using in-memory state store.
_ TestDadBotRegression.test_ui_shell_snapshot_surfaces_reactive_sidebar_signal _

self = <test_dadbot_regression.TestDadBotRegression object at 0x0000021AFC95CA00>

    def test_ui_shell_snapshot_surfaces_reactive_sidebar_signal(self):
>       self.bot.record_memory_context_stats(
        ^^^^^^^^^^^^^^^^^^^^^^^^^^^^^^^^^^^^
            tokens=3100,
            budget_tokens=3200,
            selected_sections=4,
            total_sections=6,
            pruned=True,
            user_input="high pressure check-in",
        )
E       AttributeError: 'DadBot' object has no attribute 'record_memory_context_stats'. Did you mean: 'last_memory_context_stats'?

tests\test_dadbot_regression.py:2502: AttributeError
---------------------------- Captured stdout setup ----------------------------
[DadBot] validate_managers=True
[DadBot] No durable store available, using in-memory state store.
_ TestDadBotRegression.test_memory_compactor_runs_once_per_day_and_persists_summary _

self = <test_dadbot_regression.TestDadBotRegression object at 0x0000021AFC95CA50>

    def test_memory_compactor_runs_once_per_day_and_persists_summary(self):
>       self.bot.MEMORY_STORE["consolidated_memories"] = [
        ^^^^^^^^^^^^^^^^^^^^^^^^^^^^^^^^^^^^^^^^^^^^^^
            {
                "summary": "Tony keeps pushing through work stress and wants steadier routines.",
                "category": "work",
                "source_count": 2,
                "confidence": 0.82,
                "importance_score": 0.77,
                "supporting_summaries": ["Work has felt heavy lately."],
                "contradictions": [],
                "updated_at": datetime.now().isoformat(timespec="seconds"),
            }
        ]
E       TypeError: 'InMemoryStateStore' object does not support item assignment

tests\test_dadbot_regression.py:2521: TypeError
---------------------------- Captured stdout setup ----------------------------
[DadBot] validate_managers=True
[DadBot] No durable store available, using in-memory state store.
_ TestDadBotRegression.test_local_mcp_status_surfaces_optional_runtime_and_local_store _

self = <test_dadbot_regression.TestDadBotRegression object at 0x0000021AFC95CAF0>

    def test_local_mcp_status_surfaces_optional_runtime_and_local_store(self):
>       self.bot.mutate_memory_store(mcp_local_store={"note": {"text": "remember this"}})
        ^^^^^^^^^^^^^^^^^^^^^^^^^^^^
E       AttributeError: 'DadBot' object has no attribute 'mutate_memory_store'. Did you mean: 'save_memory_store'?

tests\test_dadbot_regression.py:2556: AttributeError
---------------------------- Captured stdout setup ----------------------------
[DadBot] validate_managers=True
[DadBot] No durable store available, using in-memory state store.
___ TestDadBotRegression.test_local_mcp_process_controls_write_pid_and_logs ___

self = <test_dadbot_regression.TestDadBotRegression object at 0x0000021AFC95CB40>

    def test_local_mcp_process_controls_write_pid_and_logs(self):
        runtime_paths = self.bot.local_mcp_runtime_paths()
    
        class _FakeProcess:
            pid = 43210
    
        with (
            patch("dadbot.runtime.mcp.local_mcp_server_controller.subprocess.Popen", return_value=_FakeProcess()),
            patch("dadbot.runtime.mcp.local_mcp_server_controller.os.kill", return_value=None),
            patch("dadbot.runtime.mcp.local_mcp_server_controller.subprocess.run") as taskkill_mock,
        ):
>           started = self.bot.start_local_mcp_server_process()
                      ^^^^^^^^^^^^^^^^^^^^^^^^^^^^^^^^^^^^^^^^^

tests\test_dadbot_regression.py:2579: 
_ _ _ _ _ _ _ _ _ _ _ _ _ _ _ _ _ _ _ _ _ _ _ _ _ _ _ _ _ _ _ _ _ _ _ _ _ _ _ _
dadbot\core\mcp_mixin.py:91: in start_local_mcp_server_process
    return self.local_mcp_status()
           ^^^^^^^^^^^^^^^^^^^^^^^
dadbot\core\mcp_mixin.py:42: in local_mcp_status
    payload = dict(describe_local_mcp(self) or {})
                   ^^^^^^^^^^^^^^^^^^^^^^^^
_ _ _ _ _ _ _ _ _ _ _ _ _ _ _ _ _ _ _ _ _ _ _ _ _ _ _ _ _ _ _ _ _ _ _ _ _ _ _ _

bot = <dadbot.core.dadbot.DadBot object at 0x0000021A81D97610>

    def local_mcp_status(bot: DadBot | None = None) -> dict[str, Any]:
        runtime = _get_bot(bot) if bot is not None else None
>       local_store = dict(getattr(runtime, "MEMORY_STORE", {}).get("mcp_local_store") or {}) if runtime is not None else {}
                           ^^^^^^^^^^^^^^^^^^^^^^^^^^^^^^^^^^^^^^^^
E       AttributeError: 'InMemoryStateStore' object has no attribute 'get'

dadbot_system\local_mcp_server.py:94: AttributeError
---------------------------- Captured stdout setup ----------------------------
[DadBot] validate_managers=True
[DadBot] No durable store available, using in-memory state store.
_ TestDadBotRegression.test_binary_graph_checkpoint_can_resume_session_state __

self = <test_dadbot_regression.TestDadBotRegression object at 0x0000021AFC95CB90>

    def test_binary_graph_checkpoint_can_resume_session_state(self):
        self.bot.history.append({"role": "user", "content": "Checkpoint this turn."})
        self.bot.sync_active_thread_snapshot()
    
        recorder = ExecutionTraceRecorder(trace_id="trace-123", prompt="checkpoint")
        with bind_execution_trace(recorder, required=True):
>           self.bot.persist_graph_checkpoint(
            ^^^^^^^^^^^^^^^^^^^^^^^^^^^^^^^^^
                {
                    "trace_id": "trace-123",
                    "stage": "inference",
                    "status": "after",
                    "state": {"candidate": "draft reply"},
                }
            )
E           AttributeError: 'DadBot' object has no attribute 'persist_graph_checkpoint'. Did you mean: 'load_latest_graph_checkpoint'?

tests\test_dadbot_regression.py:2594: AttributeError
---------------------------- Captured stdout setup ----------------------------
[DadBot] validate_managers=True
[DadBot] No durable store available, using in-memory state store.
____ TestDadBotRegression.test_memory_compactor_creates_narrative_memories ____

self = <test_dadbot_regression.TestDadBotRegression object at 0x0000021AFC95CC30>

    def test_memory_compactor_creates_narrative_memories(self):
>       self.bot.MEMORY_STORE["session_archive"] = [
        ^^^^^^^^^^^^^^^^^^^^^^^^^^^^^^^^^^^^^^^^
            {
                "created_at": "2026-03-02T09:00:00",
                "summary": "Tony struggled to stay patient with math homework.",
                "topics": ["math", "school"],
                "dominant_mood": "frustrated",
            },
            {
                "created_at": "2026-03-18T09:00:00",
                "summary": "Tony kept pushing through math even when it felt slow.",
                "topics": ["math", "school"],
                "dominant_mood": "frustrated",
            },
            {
                "created_at": "2026-04-06T09:00:00",
                "summary": "Tony finally hit a breakthrough and felt proud about math progress.",
                "topics": ["math", "school"],
                "dominant_mood": "positive",
            },
            {
                "created_at": "2026-04-10T09:00:00",
                "summary": "Tony started trusting his own study rhythm more.",
                "topics": ["school"],
                "dominant_mood": "positive",
            },
            {
                "created_at": "2026-04-15T09:00:00",
                "summary": "Tony stayed consistent with schoolwork this week.",
                "topics": ["school"],
                "dominant_mood": "focused",
            },
        ]
E       TypeError: 'InMemoryStateStore' object does not support item assignment

tests\test_dadbot_regression.py:2612: TypeError
---------------------------- Captured stdout setup ----------------------------
[DadBot] validate_managers=True
[DadBot] No durable store available, using in-memory state store.
_ TestDadBotRegression.test_handle_tool_command_dad_snapshot_surfaces_living_dad_state _

self = <test_dadbot_regression.TestDadBotRegression object at 0x0000021AFC95CC80>

    def test_handle_tool_command_dad_snapshot_surfaces_living_dad_state(self):
>       self.bot.MEMORY_STORE["persona_evolution"] = [
        ^^^^^^^^^^^^^^^^^^^^^^^^^^^^^^^^^^^^^^^^^^
            {
                "trait": "more coach-like",
                "reason": "",
                "announcement": "",
                "session_count": 10,
                "applied_at": f"{date.today().isoformat()}T20:00:00",
                "last_reinforced_at": f"{date.today().isoformat()}T20:00:00",
                "strength": 1.8,
                "impact_score": 2.5,
            }
        ]
E       TypeError: 'InMemoryStateStore' object does not support item assignment

tests\test_dadbot_regression.py:2663: TypeError
---------------------------- Captured stdout setup ----------------------------
[DadBot] validate_managers=True
[DadBot] No durable store available, using in-memory state store.
_ TestDadBotRegression.test_handle_tool_command_proactive_snapshot_lists_queued_messages _

self = <test_dadbot_regression.TestDadBotRegression object at 0x0000021AFC95CCD0>

    def test_handle_tool_command_proactive_snapshot_lists_queued_messages(self):
>       self.bot.MEMORY_STORE["pending_proactive_messages"] = [
        ^^^^^^^^^^^^^^^^^^^^^^^^^^^^^^^^^^^^^^^^^^^^^^^^^^^
            {
                "message": "I've noticed Sundays weigh on you lately.",
                "source": "life-pattern",
                "created_at": "2026-04-13T20:00:00",
            }
        ]
E       TypeError: 'InMemoryStateStore' object does not support item assignment

tests\test_dadbot_regression.py:2691: TypeError
---------------------------- Captured stdout setup ----------------------------
[DadBot] validate_managers=True
[DadBot] No durable store available, using in-memory state store.
_ TestDadBotRegression.test_handle_tool_command_evolve_uses_forced_persona_evolution _

self = <test_dadbot_regression.TestDadBotRegression object at 0x0000021AFC95CD20>

    def test_handle_tool_command_evolve_uses_forced_persona_evolution(self):
        self.bot.evolve_persona = lambda force=False: (
            {
                "trait": "more coach-like",
                "critique_feedback": "Strong and grounded.",
            }
            if force
            else None
        )
    
>       reply = self.bot.handle_tool_command("/evolve")
                ^^^^^^^^^^^^^^^^^^^^^^^^^^^^
E       AttributeError: 'DadBot' object has no attribute 'handle_tool_command'

tests\test_dadbot_regression.py:2715: AttributeError
---------------------------- Captured stdout setup ----------------------------
[DadBot] validate_managers=True
[DadBot] No durable store available, using in-memory state store.
_ TestDadBotRegression.test_handle_tool_command_reject_trait_removes_latest_persona_shift _

self = <test_dadbot_regression.TestDadBotRegression object at 0x0000021AFC95CD70>

    def test_handle_tool_command_reject_trait_removes_latest_persona_shift(self):
>       self.bot.MEMORY_STORE["persona_evolution"] = [
        ^^^^^^^^^^^^^^^^^^^^^^^^^^^^^^^^^^^^^^^^^^
            {
                "trait": "more reflective",
                "reason": "",
                "announcement": "",
                "session_count": 5,
                "applied_at": "2026-04-08T10:00:00",
            },
            {
                "trait": "more coach-like",
                "reason": "",
                "announcement": "",
                "session_count": 6,
                "applied_at": "2026-04-09T10:00:00",
            },
        ]
E       TypeError: 'InMemoryStateStore' object does not support item assignment

tests\test_dadbot_regression.py:2721: TypeError
---------------------------- Captured stdout setup ----------------------------
[DadBot] validate_managers=True
[DadBot] No durable store available, using in-memory state store.
_ TestDadBotRegression.test_detect_mood_returns_neutral_when_model_output_is_unrecognized _

self = <test_dadbot_regression.TestDadBotRegression object at 0x0000021AFC95CDC0>

    def test_detect_mood_returns_neutral_when_model_output_is_unrecognized(self):
        self.bot.call_ollama_chat = lambda *args, **kwargs: {"message": {"content": "No dominant emotion detected."}}
    
>       detected = self.bot.mood_manager.detect("I guess I'm here.")
                   ^^^^^^^^^^^^^^^^^^^^^
E       AttributeError: 'DadBot' object has no attribute 'mood_manager'. Did you mean: 'memory_manager'?

tests\test_dadbot_regression.py:2746: AttributeError
---------------------------- Captured stdout setup ----------------------------
[DadBot] validate_managers=True
[DadBot] No durable store available, using in-memory state store.
_____ TestDadBotRegression.test_detect_mood_uses_alias_from_model_output ______

self = <test_dadbot_regression.TestDadBotRegression object at 0x0000021AFC95CE10>

    def test_detect_mood_uses_alias_from_model_output(self):
        self.bot.call_ollama_chat = lambda *args, **kwargs: {
            "message": {"content": "Mood: burned out\nReason: Exhausted after the day."}
        }
    
>       detected = self.bot.mood_manager.detect("I can barely think straight anymore.")
                   ^^^^^^^^^^^^^^^^^^^^^
E       AttributeError: 'DadBot' object has no attribute 'mood_manager'. Did you mean: 'memory_manager'?

tests\test_dadbot_regression.py:2755: AttributeError
---------------------------- Captured stdout setup ----------------------------
[DadBot] validate_managers=True
[DadBot] No durable store available, using in-memory state store.
_ TestDadBotRegression.test_token_budgeted_prompt_history_trims_messages_to_fit_budget _

self = <test_dadbot_regression.TestDadBotRegression object at 0x0000021AFC95CEB0>

    def test_token_budgeted_prompt_history_trims_messages_to_fit_budget(self):
        self.bot.CONTEXT_TOKEN_BUDGET = 60
        self.bot.RESERVED_RESPONSE_TOKENS = 10
>       self.bot.history = [
        ^^^^^^^^^^^^^^^^
            {"role": "system", "content": "System prompt."},
            {
                "role": "user",
                "content": "This is a long user message about work stress and budgeting that should be trimmed heavily to fit.",
            },
            {
                "role": "assistant",
                "content": "This is a long dad reply that should also be shortened so the prompt history stays within budget.",
            },
            {
                "role": "user",
                "content": "Another long follow-up from Tony that pushes the prompt budget even further than before.",
            },
        ]
E       AttributeError: property 'history' of 'DadBot' object has no setter

tests\test_dadbot_regression.py:2762: AttributeError
---------------------------- Captured stdout setup ----------------------------
[DadBot] validate_managers=True
[DadBot] No durable store available, using in-memory state store.
_ TestDadBotRegression.test_token_budgeted_prompt_history_reuses_cached_selection _

self = <test_dadbot_regression.TestDadBotRegression object at 0x0000021AFC95CF00>

    def test_token_budgeted_prompt_history_reuses_cached_selection(self):
        self.bot.CONTEXT_TOKEN_BUDGET = 60
        self.bot.RESERVED_RESPONSE_TOKENS = 10
>       self.bot.history = [
        ^^^^^^^^^^^^^^^^
            {"role": "system", "content": "System prompt."},
            {
                "role": "user",
                "content": "This is a long user message about work stress and budgeting that should be trimmed heavily to fit.",
            },
            {
                "role": "assistant",
                "content": "This is a long dad reply that should also be shortened so the prompt history stays within budget.",
            },
            {
                "role": "user",
                "content": "Another long follow-up from Tony that pushes the prompt budget even further than before.",
            },
        ]
E       AttributeError: property 'history' of 'DadBot' object has no setter

tests\test_dadbot_regression.py:2794: AttributeError
---------------------------- Captured stdout setup ----------------------------
[DadBot] validate_managers=True
[DadBot] No durable store available, using in-memory state store.
_ TestDadBotRegression.test_prompt_history_token_budget_uses_model_context_length_when_smaller_than_global_budget _

self = <test_dadbot_regression.TestDadBotRegression object at 0x0000021AFC95CFA0>

    def test_prompt_history_token_budget_uses_model_context_length_when_smaller_than_global_budget(self):
        self.bot.CONTEXT_TOKEN_BUDGET = 16000
        self.bot.RESERVED_RESPONSE_TOKENS = 1000
        self.bot.model_runtime.model_context_length = lambda *_args, **_kwargs: 4096
    
>       available_budget = self.bot.prompt_history_token_budget("System prompt.", "Need a reply.")
                           ^^^^^^^^^^^^^^^^^^^^^^^^^^^^^^^^^^^^
E       AttributeError: 'DadBot' object has no attribute 'prompt_history_token_budget'

tests\test_dadbot_regression.py:2831: AttributeError
---------------------------- Captured stdout setup ----------------------------
[DadBot] validate_managers=True
[DadBot] No durable store available, using in-memory state store.
_ TestDadBotRegression.test_call_ollama_chat_stream_returns_partial_reply_when_stream_drops _

self = <test_dadbot_regression.TestDadBotRegression object at 0x0000021AFC95CFF0>

    def test_call_ollama_chat_stream_returns_partial_reply_when_stream_drops(self):
        class FakeChunk:
            def __init__(self, content):
                self.message = type("Message", (), {"content": content})()
    
        class FakeStream:
            def __iter__(self_inner):
                yield FakeChunk("Hello")
                raise ollama.ResponseError("stream interrupted")
    
        original_chat = ollama.chat
        try:
            ollama.chat = lambda **_kwargs: FakeStream()
>           reply = self.bot.call_ollama_chat_stream(
                [{"role": "user", "content": "Hi"}],
                purpose="chat response",
            )

tests\test_dadbot_regression.py:2855: 
_ _ _ _ _ _ _ _ _ _ _ _ _ _ _ _ _ _ _ _ _ _ _ _ _ _ _ _ _ _ _ _ _ _ _ _ _ _ _ _
dadbot\core\llm_mixin.py:167: in call_ollama_chat_stream
    return self.model_port.generate(
           ^^^^^^^^^^^^^^^
_ _ _ _ _ _ _ _ _ _ _ _ _ _ _ _ _ _ _ _ _ _ _ _ _ _ _ _ _ _ _ _ _ _ _ _ _ _ _ _

self = <dadbot.core.dadbot.DadBot object at 0x0000021A81E42E90>

>   ???
E   RuntimeError: Model port not initialized -- services not ready

dadbot\core\dadbot.py:723: RuntimeError
---------------------------- Captured stdout setup ----------------------------
[DadBot] validate_managers=True
[DadBot] No durable store available, using in-memory state store.
_ TestDadBotRegression.test_call_ollama_chat_stream_async_returns_partial_reply_when_stream_drops _

self = <test_dadbot_regression.TestDadBotRegression object at 0x0000021AFC95D090>

    def test_call_ollama_chat_stream_async_returns_partial_reply_when_stream_drops(self):
        class FakeChunk:
            def __init__(self, content):
                self.message = type("Message", (), {"content": content})()
    
        class FakeAsyncClient:
            async def chat(self, **_kwargs):
                async def fake_stream():
                    yield FakeChunk("Hello")
                    raise ollama.ResponseError("stream interrupted")
    
                return fake_stream()
    
        fake_client = FakeAsyncClient()
>       with patch.object(self.bot.runtime_client, "ollama_async_client", return_value=fake_client):
                          ^^^^^^^^^^^^^^^^^^^^^^^
E       AttributeError: 'DadBot' object has no attribute 'runtime_client'. Did you mean: 'runtime_config'?

tests\test_dadbot_regression.py:2878: AttributeError
---------------------------- Captured stdout setup ----------------------------
[DadBot] validate_managers=True
[DadBot] No durable store available, using in-memory state store.
_ TestDadBotRegression.test_process_user_message_stream_async_delivers_chunks_and_finishes_turn _

self = <test_dadbot_regression.TestDadBotRegression object at 0x0000021AFC95D0E0>

    def test_process_user_message_stream_async_delivers_chunks_and_finishes_turn(self):
        streamed_chunks = []
    
        async def fake_stream(messages, options=None, purpose="chat", chunk_callback=None):
            del messages, options, purpose
            if chunk_callback is not None:
                await chunk_callback("Hello")
                await chunk_callback(" there")
            return "Hello there"
    
        async def collect_chunk(chunk):
            streamed_chunks.append(chunk)
    
        self.bot.LIGHT_MODE = True
        self.bot.call_ollama_chat_stream_async = fake_stream
        self.bot.agentic_tool_settings = lambda: {"enabled": False, "auto_reminders": False, "auto_web_lookup": False}
        self.bot.direct_reply_for_input = lambda *_args, **_kwargs: None
        self.bot.autonomous_tool_result_for_input = lambda *_args, **_kwargs: (None, None)
        self.bot.validate_reply = lambda _user_input, reply: reply
    
        # Streaming is handled at the turn_service level; call it directly since
        # bot.process_user_message_stream_async uses buffered delivery via AgentService.
        dad_reply, should_end = asyncio.run(
>           self.bot.turn_service.process_user_message_stream_async(
            ^^^^^^^^^^^^^^^^^^^^^
                "Tell me something helpful.",
                chunk_callback=collect_chunk,
            )
        )
E       AttributeError: 'DadBot' object has no attribute 'turn_service'

tests\test_dadbot_regression.py:2911: AttributeError
---------------------------- Captured stdout setup ----------------------------
[DadBot] validate_managers=True
[DadBot] No durable store available, using in-memory state store.
_ TestDadBotRegression.test_merge_consolidated_memories_prefers_higher_confidence _

self = <test_dadbot_regression.TestDadBotRegression object at 0x0000021AFC95D180>

    def test_merge_consolidated_memories_prefers_higher_confidence(self):
>       self.bot.MEMORY_STORE["consolidated_memories"] = [
        ^^^^^^^^^^^^^^^^^^^^^^^^^^^^^^^^^^^^^^^^^^^^^^
            {
                "summary": "Tony is building stronger saving habits.",
                "category": "finance",
                "source_count": 2,
                "confidence": 0.62,
                "supporting_summaries": ["Tony is saving money for a car."],
                "contradictions": [],
                "updated_at": date.today().isoformat(),
            }
        ]
E       TypeError: 'InMemoryStateStore' object does not support item assignment

tests\test_dadbot_regression.py:2923: TypeError
---------------------------- Captured stdout setup ----------------------------
[DadBot] validate_managers=True
[DadBot] No durable store available, using in-memory state store.
_ TestDadBotRegression.test_prepare_user_turn_sets_daily_checkin_context_once _

self = <test_dadbot_regression.TestDadBotRegression object at 0x0000021AFC95D1D0>

    def test_prepare_user_turn_sets_daily_checkin_context_once(self):
>       self.bot.mood_manager.detect = lambda *_args, **_kwargs: "neutral"
        ^^^^^^^^^^^^^^^^^^^^^
E       AttributeError: 'DadBot' object has no attribute 'mood_manager'. Did you mean: 'memory_manager'?

tests\test_dadbot_regression.py:2957: AttributeError
---------------------------- Captured stdout setup ----------------------------
[DadBot] validate_managers=True
[DadBot] No durable store available, using in-memory state store.
__ TestDadBotRegression.test_finalize_user_turn_queues_post_turn_maintenance __

self = <test_dadbot_regression.TestDadBotRegression object at 0x0000021AFC95D220>

    def test_finalize_user_turn_queues_post_turn_maintenance(self):
        self.bot.LIGHT_MODE = False
    
        turn_context = TurnContext(user_input="Just checking in.")
>       dad_reply, should_end = self.bot.finalize_user_turn(
                                ^^^^^^^^^^^^^^^^^^^^^^^^^^^
            "Just checking in.",
            "neutral",
            "Glad to hear from you, buddy.",
            turn_context=turn_context,
        )
E       AttributeError: 'DadBot' object has no attribute 'finalize_user_turn'

tests\test_dadbot_regression.py:2993: AttributeError
---------------------------- Captured stdout setup ----------------------------
[DadBot] validate_managers=True
[DadBot] No durable store available, using in-memory state store.
_ TestDadBotRegression.test_prepare_user_turn_blends_daily_checkin_into_direct_reply _

self = <test_dadbot_regression.TestDadBotRegression object at 0x0000021AFC95D270>

    def test_prepare_user_turn_blends_daily_checkin_into_direct_reply(self):
>       self.bot.mood_manager.detect = lambda *_args, **_kwargs: "neutral"
        ^^^^^^^^^^^^^^^^^^^^^
E       AttributeError: 'DadBot' object has no attribute 'mood_manager'. Did you mean: 'memory_manager'?

tests\test_dadbot_regression.py:3010: AttributeError
---------------------------- Captured stdout setup ----------------------------
[DadBot] validate_managers=True
[DadBot] No durable store available, using in-memory state store.
_ TestDadBotRegression.test_process_user_message_blends_daily_checkin_into_generated_reply _

self = <test_dadbot_regression.TestDadBotRegression object at 0x0000021AFC95D2C0>

    def test_process_user_message_blends_daily_checkin_into_generated_reply(self):
>       self.bot.mood_manager.detect = lambda *_args, **_kwargs: "neutral"
        ^^^^^^^^^^^^^^^^^^^^^
E       AttributeError: 'DadBot' object has no attribute 'mood_manager'. Did you mean: 'memory_manager'?

tests\test_dadbot_regression.py:3024: AttributeError
---------------------------- Captured stdout setup ----------------------------
[DadBot] validate_managers=True
[DadBot] No durable store available, using in-memory state store.
_ TestDadBotRegression.test_process_user_message_records_explicit_turn_pipeline_trace _

self = <test_dadbot_regression.TestDadBotRegression object at 0x0000021AFC95D360>

    def test_process_user_message_records_explicit_turn_pipeline_trace(self):
>       self.bot.mood_manager.detect = lambda *_args, **_kwargs: "neutral"
        ^^^^^^^^^^^^^^^^^^^^^
E       AttributeError: 'DadBot' object has no attribute 'mood_manager'. Did you mean: 'memory_manager'?

tests\test_dadbot_regression.py:3035: AttributeError
---------------------------- Captured stdout setup ----------------------------
[DadBot] validate_managers=True
[DadBot] No durable store available, using in-memory state store.
_ TestDadBotRegression.test_reply_alignment_judge_prompt_includes_relationship_and_persona_context _

self = <test_dadbot_regression.TestDadBotRegression object at 0x0000021AFC95D3B0>

    def test_reply_alignment_judge_prompt_includes_relationship_and_persona_context(self):
>       self.bot.MEMORY_STORE["relationship_state"] = {
        ^^^^^^^^^^^^^^^^^^^^^^^^^^^^^^^^^^^^^^^^^^^
            "trust_level": 68,
            "openness_level": 61,
            "emotional_momentum": "heavy",
            "hypotheses": [
                {
                    "name": "acute_stress",
                    "label": "Acute Stress",
                    "summary": "Tony is overloaded and needs steadiness.",
                    "probability": 0.62,
                },
                {
                    "name": "supportive_baseline",
                    "label": "Supportive Baseline",
                    "summary": "Warm steady trust remains.",
                    "probability": 0.38,
                },
            ],
            "active_hypothesis": "acute_stress",
            "last_hypothesis_updated": date.today().isoformat(),
            "recurring_topics": {"work": 4, "money": 2},
            "recent_checkins": [],
            "last_reflection": "Tony sounds worn down but still trusting.",
            "last_updated": date.today().isoformat(),
        }
E       TypeError: 'InMemoryStateStore' object does not support item assignment

tests\test_dadbot_regression.py:3053: TypeError
---------------------------- Captured stdout setup ----------------------------
[DadBot] validate_managers=True
[DadBot] No durable store available, using in-memory state store.
__ TestDadBotRegression.test_prepare_final_reply_can_add_calibrated_pushback __

self = <test_dadbot_regression.TestDadBotRegression object at 0x0000021AFC95D400>

    def test_prepare_final_reply_can_add_calibrated_pushback(self):
>       reply = self.bot.reply_finalization.finalize(
                ^^^^^^^^^^^^^^^^^^^^^^^^^^^
            "You need to own your side of it and take one clean step today.",
            "frustrated",
            user_input="I keep procrastinating and it's all someone else's fault.",
        )
E       AttributeError: 'DadBot' object has no attribute 'reply_finalization'

tests\test_dadbot_regression.py:3106: AttributeError
---------------------------- Captured stdout setup ----------------------------
[DadBot] validate_managers=True
[DadBot] No durable store available, using in-memory state store.
_ TestDadBotRegression.test_prepare_final_reply_skips_pushback_for_heavy_mood _

self = <test_dadbot_regression.TestDadBotRegression object at 0x0000021AFC95D450>

    def test_prepare_final_reply_skips_pushback_for_heavy_mood(self):
>       reply = self.bot.reply_finalization.finalize(
                ^^^^^^^^^^^^^^^^^^^^^^^^^^^
            "Let's keep this simple and get through tonight first.",
            "sad",
            user_input="I should give up.",
        )
E       AttributeError: 'DadBot' object has no attribute 'reply_finalization'

tests\test_dadbot_regression.py:3116: AttributeError
---------------------------- Captured stdout setup ----------------------------
[DadBot] validate_managers=True
[DadBot] No durable store available, using in-memory state store.
____ TestDadBotRegression.test_memory_persistence_and_semantic_index_queue ____

self = <test_dadbot_regression.TestDadBotRegression object at 0x0000021AFC95D4A0>

    def test_memory_persistence_and_semantic_index_queue(self):
        today_stamp = date.today().isoformat()
        memories = [
            {
                "summary": "I am saving money for a trip.",
                "category": "finance",
                "mood": "positive",
                "created_at": today_stamp,
                "updated_at": today_stamp,
            }
        ]
    
>       saved_memories = self.bot.save_memory_catalog(memories)
                         ^^^^^^^^^^^^^^^^^^^^^^^^^^^^
E       AttributeError: 'DadBot' object has no attribute 'save_memory_catalog'. Did you mean: 'save_memory_store'?

tests\test_dadbot_regression.py:3136: AttributeError
---------------------------- Captured stdout setup ----------------------------
[DadBot] validate_managers=True
[DadBot] No durable store available, using in-memory state store.
_ TestDadBotRegression.test_embed_texts_uses_cached_embeddings_before_calling_ollama _

self = <test_dadbot_regression.TestDadBotRegression object at 0x0000021AFC95D4F0>

    def test_embed_texts_uses_cached_embeddings_before_calling_ollama(self):
        payload = "category=finance; mood=positive; summary=Tony has been saving money for the emergency fund."
        vector = [1.0] * 12
>       self.bot.embed_texts = DadBot.embed_texts.__get__(self.bot, DadBot)
                               ^^^^^^^^^^^^^^^^^^
E       AttributeError: 'function' object has no attribute 'embed_texts'

tests\test_dadbot_regression.py:3155: AttributeError
---------------------------- Captured stdout setup ----------------------------
[DadBot] validate_managers=True
[DadBot] No durable store available, using in-memory state store.
___________________ TestParseIntent.test_parse_intent_stub ____________________

self = <test_device_state.TestParseIntent testMethod=test_parse_intent_stub>

    def test_parse_intent_stub(self):
>       self.assertIsNone(parse_intent('turn on the light'))
E       AssertionError: {'domain': 'light', 'action': 'turn_on', 'target': 'unknown', 'confidence': 1.0} is not None

tests\test_device_state.py:50: AssertionError
_ TestLeaseSchedulerIntegration.test_single_worker_acquires_and_releases_lease_per_job _

self = <test_durability_and_leases.TestLeaseSchedulerIntegration object at 0x0000021AFC9AA990>

    def test_single_worker_acquires_and_releases_lease_per_job(self):
        """Worker acquires lease before execution and releases after."""
        from dadbot.core.control_plane import (
            ExecutionControlPlane,
            SessionRegistry,
        )
    
        execution_log: list[str] = []
    
        async def mock_executor(session, job):
            execution_log.append(f"executing:{job.session_id}")
            return {"reply": "ok"}
    
        async def _run():
            registry = SessionRegistry()
            lease_mgr = ExecutionLease()
            plane = ExecutionControlPlane(
                registry=registry,
                kernel_executor=mock_executor,
                execution_lease=lease_mgr,
                worker_id="worker-test",
            )
            result = await plane.submit_turn(session_id="s1", user_input="hello")
            return result, lease_mgr
    
>       result, lease_mgr = asyncio.run(_run())
                            ^^^^^^^^^^^^^^^^^^^

tests\test_durability_and_leases.py:320: 
_ _ _ _ _ _ _ _ _ _ _ _ _ _ _ _ _ _ _ _ _ _ _ _ _ _ _ _ _ _ _ _ _ _ _ _ _ _ _ _
..\..\..\AppData\Local\Programs\Python\Python313\Lib\asyncio\runners.py:195: in run
    return runner.run(main)
           ^^^^^^^^^^^^^^^^
..\..\..\AppData\Local\Programs\Python\Python313\Lib\asyncio\runners.py:118: in run
    return self._loop.run_until_complete(task)
           ^^^^^^^^^^^^^^^^^^^^^^^^^^^^^^^^^^^
..\..\..\AppData\Local\Programs\Python\Python313\Lib\asyncio\base_events.py:725: in run_until_complete
    return future.result()
           ^^^^^^^^^^^^^^^
tests\test_durability_and_leases.py:317: in _run
    result = await plane.submit_turn(session_id="s1", user_input="hello")
             ^^^^^^^^^^^^^^^^^^^^^^^^^^^^^^^^^^^^^^^^^^^^^^^^^^^^^^^^^^^^
dadbot\core\control_plane.py:3648: in submit_turn
    return await self.kernel_gateway.submit_turn(
dadbot\core\kernel_gateway.py:127: in submit_turn
    return await self._control_plane._submit_turn_kernel(
dadbot\core\control_plane.py:3584: in _submit_turn_kernel
    return await _run_submit_execution_phase_impl(
dadbot\core\control_plane_submit_execution.py:48: in _run_submit_execution_phase_impl
    finalized = control_plane._finalize_submit_success(
dadbot\core\control_plane.py:3234: in _finalize_submit_success
    self._assert_complete_run_contract(
_ _ _ _ _ _ _ _ _ _ _ _ _ _ _ _ _ _ _ _ _ _ _ _ _ _ _ _ _ _ _ _ _ _ _ _ _ _ _ _

self = <dadbot.core.control_plane.ExecutionControlPlane object at 0x0000021A8221AF90>

    def _assert_complete_run_contract(
        self,
        *,
        job: ExecutionJob,
        result: FinalizedTurnResult,
        phase: str,
    ) -> None:
        """Enforce complete-run contract before returning a finalized turn result."""
        trace_id = str(job.trace_id or "").strip()
        job_id = str(job.job_id or "").strip()
        if not trace_id or not job_id:
            raise InvariantViolation(
                "Complete-run contract violated: missing stable execution identity",
                context={"phase": str(phase or ""), "trace_id": trace_id, "job_id": job_id},
            )
    
        projection = self.lifecycle_projection.get(job_id)
        if projection is None or projection.status not in {ExecutionStatus.COMPLETED, ExecutionStatus.FAILED}:
            raise InvariantViolation(
                "Complete-run contract violated: execution lifecycle is not terminal",
                context={
                    "phase": str(phase or ""),
                    "trace_id": trace_id,
                    "job_id": job_id,
                    "projection_status": "" if projection is None else str(projection.status.value),
                },
            )
    
        execution_result = ensure_unified_execution_result(dict(job.metadata.get("execution_result") or {}))
        status = str(execution_result.get("status") or "").strip().lower()
        if status not in _TERMINAL_STATUS_VALUES:
            raise InvariantViolation(
                "Complete-run contract violated: execution_result status is not terminal",
                context={
                    "phase": str(phase or ""),
                    "trace_id": trace_id,
                    "job_id": job_id,
                    "execution_result_status": status,
                },
            )
    
        execution_state = dict(job.metadata.get("execution_state") or {})
        terminal_turn_state = str(
            execution_state.get("terminal_turn_state") or job.metadata.get("terminal_turn_state") or "",
        ).strip().upper()
        allowed_terminal_turn_states = {state.value for state in TurnTerminalState}
        if terminal_turn_state not in allowed_terminal_turn_states:
            raise InvariantViolation(
                "Complete-run contract violated: missing or invalid terminal_turn_state",
                context={
                    "phase": str(phase or ""),
                    "trace_id": trace_id,
                    "job_id": job_id,
                    "terminal_turn_state": terminal_turn_state,
                    "allowed_terminal_turn_states": sorted(allowed_terminal_turn_states),
                },
            )
    
        response_text = str(result[0] if isinstance(result, tuple) and len(result) >= 1 else "")
        if not response_text:
>           raise InvariantViolation(
                "Complete-run contract violated: empty terminal response payload",
                context={"phase": str(phase or ""), "trace_id": trace_id, "job_id": job_id},
            )
E           dadbot.core.runtime_errors.InvariantViolation: Complete-run contract violated: empty terminal response payload

dadbot\core\control_plane.py:3800: InvariantViolation
_ TestLeaseSchedulerIntegration.test_lease_conflict_requeues_and_eventually_executes _

self = <test_durability_and_leases.TestLeaseSchedulerIntegration object at 0x0000021AFC9AAAD0>

    def test_lease_conflict_requeues_and_eventually_executes(self):
        """If lease is held by another worker, job is re-queued and retried."""
        from dadbot.core.control_plane import (
            ExecutionControlPlane,
            SessionRegistry,
        )
    
        call_count = {"n": 0}
    
        async def mock_executor(session, job):
            call_count["n"] += 1
            return {"reply": "done"}
    
        async def _run():
            registry = SessionRegistry()
            lease_mgr = ExecutionLease()
            # Pre-hold the lease as a different worker with very short TTL.
            lease_mgr.acquire(session_id="s1", owner_id="other-worker", ttl_seconds=0.05)
            plane = ExecutionControlPlane(
                registry=registry,
                kernel_executor=mock_executor,
                execution_lease=lease_mgr,
                worker_id="this-worker",
            )
            # Job must eventually execute once the competing lease expires.
            return await plane.submit_turn(session_id="s1", user_input="hello", timeout_seconds=5.0)
    
>       result = asyncio.run(_run())
                 ^^^^^^^^^^^^^^^^^^^

tests\test_durability_and_leases.py:353: 
_ _ _ _ _ _ _ _ _ _ _ _ _ _ _ _ _ _ _ _ _ _ _ _ _ _ _ _ _ _ _ _ _ _ _ _ _ _ _ _
..\..\..\AppData\Local\Programs\Python\Python313\Lib\asyncio\runners.py:195: in run
    return runner.run(main)
           ^^^^^^^^^^^^^^^^
..\..\..\AppData\Local\Programs\Python\Python313\Lib\asyncio\runners.py:118: in run
    return self._loop.run_until_complete(task)
           ^^^^^^^^^^^^^^^^^^^^^^^^^^^^^^^^^^^
..\..\..\AppData\Local\Programs\Python\Python313\Lib\asyncio\base_events.py:725: in run_until_complete
    return future.result()
           ^^^^^^^^^^^^^^^
tests\test_durability_and_leases.py:351: in _run
    return await plane.submit_turn(session_id="s1", user_input="hello", timeout_seconds=5.0)
           ^^^^^^^^^^^^^^^^^^^^^^^^^^^^^^^^^^^^^^^^^^^^^^^^^^^^^^^^^^^^^^^^^^^^^^^^^^^^^^^^^
dadbot\core\control_plane.py:3648: in submit_turn
    return await self.kernel_gateway.submit_turn(
dadbot\core\kernel_gateway.py:127: in submit_turn
    return await self._control_plane._submit_turn_kernel(
dadbot\core\control_plane.py:3584: in _submit_turn_kernel
    return await _run_submit_execution_phase_impl(
dadbot\core\control_plane_submit_execution.py:48: in _run_submit_execution_phase_impl
    finalized = control_plane._finalize_submit_success(
dadbot\core\control_plane.py:3234: in _finalize_submit_success
    self._assert_complete_run_contract(
_ _ _ _ _ _ _ _ _ _ _ _ _ _ _ _ _ _ _ _ _ _ _ _ _ _ _ _ _ _ _ _ _ _ _ _ _ _ _ _

self = <dadbot.core.control_plane.ExecutionControlPlane object at 0x0000021A821E3C50>

    def _assert_complete_run_contract(
        self,
        *,
        job: ExecutionJob,
        result: FinalizedTurnResult,
        phase: str,
    ) -> None:
        """Enforce complete-run contract before returning a finalized turn result."""
        trace_id = str(job.trace_id or "").strip()
        job_id = str(job.job_id or "").strip()
        if not trace_id or not job_id:
            raise InvariantViolation(
                "Complete-run contract violated: missing stable execution identity",
                context={"phase": str(phase or ""), "trace_id": trace_id, "job_id": job_id},
            )
    
        projection = self.lifecycle_projection.get(job_id)
        if projection is None or projection.status not in {ExecutionStatus.COMPLETED, ExecutionStatus.FAILED}:
            raise InvariantViolation(
                "Complete-run contract violated: execution lifecycle is not terminal",
                context={
                    "phase": str(phase or ""),
                    "trace_id": trace_id,
                    "job_id": job_id,
                    "projection_status": "" if projection is None else str(projection.status.value),
                },
            )
    
        execution_result = ensure_unified_execution_result(dict(job.metadata.get("execution_result") or {}))
        status = str(execution_result.get("status") or "").strip().lower()
        if status not in _TERMINAL_STATUS_VALUES:
            raise InvariantViolation(
                "Complete-run contract violated: execution_result status is not terminal",
                context={
                    "phase": str(phase or ""),
                    "trace_id": trace_id,
                    "job_id": job_id,
                    "execution_result_status": status,
                },
            )
    
        execution_state = dict(job.metadata.get("execution_state") or {})
        terminal_turn_state = str(
            execution_state.get("terminal_turn_state") or job.metadata.get("terminal_turn_state") or "",
        ).strip().upper()
        allowed_terminal_turn_states = {state.value for state in TurnTerminalState}
        if terminal_turn_state not in allowed_terminal_turn_states:
            raise InvariantViolation(
                "Complete-run contract violated: missing or invalid terminal_turn_state",
                context={
                    "phase": str(phase or ""),
                    "trace_id": trace_id,
                    "job_id": job_id,
                    "terminal_turn_state": terminal_turn_state,
                    "allowed_terminal_turn_states": sorted(allowed_terminal_turn_states),
                },
            )
    
        response_text = str(result[0] if isinstance(result, tuple) and len(result) >= 1 else "")
        if not response_text:
>           raise InvariantViolation(
                "Complete-run contract violated: empty terminal response payload",
                context={"phase": str(phase or ""), "trace_id": trace_id, "job_id": job_id},
            )
E           dadbot.core.runtime_errors.InvariantViolation: Complete-run contract violated: empty terminal response payload

dadbot\core\control_plane.py:3800: InvariantViolation
_ test_e2e_orchestrator_full_runtime_lane_certifying_expected_tool_execution __

    def test_e2e_orchestrator_full_runtime_lane_certifying_expected_tool_execution():
        """Certifying full-runtime lane with hard planner/execution coherence checks."""
        bot = DadBot()
>       orchestrator = DadBotOrchestrator(bot=bot, strict=False)
                       ^^^^^^^^^^^^^^^^^^^^^^^^^^^^^^^^^^^^^^^^^

tests\test_e2e_orchestrator_turn.py:70: 
_ _ _ _ _ _ _ _ _ _ _ _ _ _ _ _ _ _ _ _ _ _ _ _ _ _ _ _ _ _ _ _ _ _ _ _ _ _ _ _
dadbot\core\orchestrator.py:345: in __init__
    self.registry = registry or boot_registry(config_path=config_path, bot=bot)
                                ^^^^^^^^^^^^^^^^^^^^^^^^^^^^^^^^^^^^^^^^^^^^^^^
dadbot\registry.py:383: in boot_registry
    return ServiceRegistry.boot(config_path=config_path, bot=bot)
           ^^^^^^^^^^^^^^^^^^^^^^^^^^^^^^^^^^^^^^^^^^^^^^^^^^^^^^
_ _ _ _ _ _ _ _ _ _ _ _ _ _ _ _ _ _ _ _ _ _ _ _ _ _ _ _ _ _ _ _ _ _ _ _ _ _ _ _

cls = <class 'dadbot.registry.ServiceRegistry'>, config_path = 'config.yaml'

    @classmethod
    def boot(
        cls,
        config_path: str = "config.yaml",
        *,
        bot: Any | None = None,
    ) -> ServiceRegistry:
        registry = cls()
        config = _resolve_attr("dadbot.config_schema:ConfigSchema").from_file(
            config_path,
        )
        registry.register("config", config)
    
        telemetry = registry.register(
            "telemetry",
            _instantiate(
                "dadbot.infrastructure.telemetry:Logger",
                "dadbot.orchestration",
            ),
        )
        registry.register(
            "storage_backend",
            _instantiate("dadbot.infrastructure.storage:FileSystemAdapter"),
        )
        registry.register(
            "model_adapter",
            _instantiate("dadbot.infrastructure.llm:OllamaModelAdapter"),
        )
    
        if bot is not None:
            boot_declaration = getattr(bot, "_boundary_contracts", {}).get("boot")
            if boot_declaration is not None:
                registry.declare_boundary_compliance(boot_declaration)
    
        if bot is None:
            telemetry.warning(
                "Booted registry without bot runtime; service wrappers disabled",
            )
            registry.register(
                "turn_graph",
                _instantiate("dadbot.core.graph:TurnGraph", registry),
            )
            return registry
    
        persistence_manager = _instantiate(
            "dadbot.managers.conversation_persistence:ConversationPersistenceManager",
            bot,
        )
        context_builder = _instantiate("dadbot.context:ContextBuilder", bot)
        maintenance_manager = _instantiate(
            "dadbot.managers.maintenance:MaintenanceScheduler",
            bot,
        )
        long_term_manager = _instantiate(
            "dadbot.managers.long_term:LongTermSignalsManager",
            bot,
        )
    
        # turn_service is already wired by wire_runtime_managers before the registry
        # is first booted (lazy, on the first graph turn). Passing it here enables
        # PersistenceService.finalize_turn to commit history, maintenance, reflection,
        # and health snapshot atomically at the end of every graph turn.
>       turn_service = bot.turn_service
                       ^^^^^^^^^^^^^^^^
E       AttributeError: 'DadBot' object has no attribute 'turn_service'

dadbot\registry.py:286: AttributeError
---------------------------- Captured stdout call -----------------------------
[DadBot] validate_managers=True
[DadBot] No durable store available, using in-memory state store.
_______ TestConsistencyEval.test_mood_detection_is_stable_across_calls ________
Fixture "_make_bot" called directly. Fixtures are not meant to be called directly,
but are created automatically when test functions request them as parameters.
See https://docs.pytest.org/en/stable/explanation/fixtures.html for more information about fixtures, and
https://docs.pytest.org/en/stable/deprecations.html#calling-fixtures-directly
___ TestEmotionalAlignmentEval.test_end_to_end_alignment_with_patched_model ___
Fixture "_make_bot" called directly. Fixtures are not meant to be called directly,
but are created automatically when test functions request them as parameters.
See https://docs.pytest.org/en/stable/explanation/fixtures.html for more information about fixtures, and
https://docs.pytest.org/en/stable/deprecations.html#calling-fixtures-directly
___________ test_event_durability_encrypts_payloads_and_checkpoints ___________

tmp_path = WindowsPath('C:/Users/josep/AppData/Local/Temp/pytest-of-josep/pytest-4131/test_event_durability_encrypts0')

    def test_event_durability_encrypts_payloads_and_checkpoints(tmp_path):
        db_path = tmp_path / "durable-events.sqlite3"
>       store = SQLiteEventDurabilityStore(db_path, encryption_key="durability-test-key")
                ^^^^^^^^^^^^^^^^^^^^^^^^^^^^^^^^^^^^^^^^^^^^^^^^^^^^^^^^^^^^^^^^^^^^^^^^^

tests\test_event_durability_security.py:15: 
_ _ _ _ _ _ _ _ _ _ _ _ _ _ _ _ _ _ _ _ _ _ _ _ _ _ _ _ _ _ _ _ _ _ _ _ _ _ _ _
dadbot_system\event_durability.py:52: in __init__
    self._codec = EncryptedJsonCodec(encryption_key) if str(encryption_key or "").strip() else None
                  ^^^^^^^^^^^^^^^^^^^^^^^^^^^^^^^^^^
_ _ _ _ _ _ _ _ _ _ _ _ _ _ _ _ _ _ _ _ _ _ _ _ _ _ _ _ _ _ _ _ _ _ _ _ _ _ _ _

self = <dadbot_system.security.EncryptedJsonCodec object at 0x0000021A81FE3A10>
secret_key = 'durability-test-key'

    def __init__(self, secret_key: str | bytes) -> None:
        if Fernet is None:
>           raise EncryptionUnavailableError(
                "cryptography is required for encrypted durability; install the service dependencies with cryptography"
            )
E           dadbot_system.security.EncryptionUnavailableError: cryptography is required for encrypted durability; install the service dependencies with cryptography

dadbot_system\security.py:184: EncryptionUnavailableError
_____________ TestFacadeRoutingFunctional.test_2_getset_roundtrip _____________

self = <test_facade_routing_validation.TestFacadeRoutingFunctional object at 0x0000021AFCCC8A50>
bot_instance = <dadbot.core.dadbot.DadBot object at 0x0000021AFCBC1F90>

    def test_2_getset_roundtrip(self, bot_instance):
        """Test 2: Get/Set roundtrip preserves values for routed attributes.
    
        Verify that for a representative sample of routed attributes,
        setattr() -> getattr() operations preserve the value.
        """
        from dadbot.core.dadbot import DadBot
>       routing = DadBot._UNIFIED_ROUTING
                  ^^^^^^^^^^^^^^^^^^^^^^^
E       AttributeError: type object 'DadBot' has no attribute '_UNIFIED_ROUTING'

tests\test_facade_routing_validation.py:34: AttributeError
---------------------------- Captured stdout setup ----------------------------
[DadBot] validate_managers=True
[DadBot] No durable store available, using in-memory state store.
__________ TestFacadeRoutingFunctional.test_1b_routing_targets_exist __________

self = <test_facade_routing_validation.TestFacadeRoutingFunctional object at 0x0000021AFCCC8B90>
bot_instance = <dadbot.core.dadbot.DadBot object at 0x0000021A81F4DD10>

    def test_1b_routing_targets_exist(self, bot_instance):
        """Test 1b: All routing entries point to existing target objects/attributes.
    
        For each of the 50 routing entries, verify:
        - The target object exists on the bot instance
        - The target attribute exists on that target object
        """
        from dadbot.core.dadbot import DadBot
>       routing = DadBot._UNIFIED_ROUTING
                  ^^^^^^^^^^^^^^^^^^^^^^^
E       AttributeError: type object 'DadBot' has no attribute '_UNIFIED_ROUTING'

tests\test_facade_routing_validation.py:73: AttributeError
---------------------------- Captured stdout setup ----------------------------
[DadBot] validate_managers=True
[DadBot] No durable store available, using in-memory state store.
________ TestFacadeRoutingFunctional.test_4_fallback_delegation_works _________

self = <test_facade_routing_validation.TestFacadeRoutingFunctional object at 0x0000021AFCCBCC30>
bot_instance = <dadbot.core.dadbot.DadBot object at 0x0000021A81F4D1D0>

    def test_4_fallback_delegation_works(self, bot_instance):
        """Test 4: Fallback delegation works for unmapped attributes.
    
        Verify that attributes NOT in _UNIFIED_ROUTING still resolve correctly
        through the service container fallback.
    
        Test by accessing known manager attributes that are NOT explicitly routed.
        """
        from dadbot.core.dadbot import DadBot
>       routing = DadBot._UNIFIED_ROUTING
                  ^^^^^^^^^^^^^^^^^^^^^^^
E       AttributeError: type object 'DadBot' has no attribute '_UNIFIED_ROUTING'

tests\test_facade_routing_validation.py:105: AttributeError
---------------------------- Captured stdout setup ----------------------------
[DadBot] validate_managers=True
[DadBot] No durable store available, using in-memory state store.
_ TestFacadeRoutingComprehensive.test_routing_and_service_container_coverage __

self = <test_facade_routing_validation.TestFacadeRoutingComprehensive object at 0x0000021AFCCC8CD0>

    def test_routing_and_service_container_coverage(self):
        """Verify that routing dict plus service-container resolution cover expected surface."""
        from dadbot.core.dadbot import DadBot
    
>       routing = DadBot._UNIFIED_ROUTING
                  ^^^^^^^^^^^^^^^^^^^^^^^
E       AttributeError: type object 'DadBot' has no attribute '_UNIFIED_ROUTING'

tests\test_facade_routing_validation.py:149: AttributeError
________________ test_identity_tuple_blocks_trace_id_mutation _________________
async def functions are not natively supported.
You need to install a suitable plugin for your async framework, for example:
  - anyio
  - pytest-asyncio
  - pytest-tornasync
  - pytest-trio
  - pytest-twisted
_______________ test_identity_tuple_blocks_manifest_replacement _______________
async def functions are not natively supported.
You need to install a suitable plugin for your async framework, for example:
  - anyio
  - pytest-asyncio
  - pytest-tornasync
  - pytest-trio
  - pytest-twisted
________________ test_runtime_client_rejects_spoofed_modelport ________________

bot = <dadbot.core.dadbot.DadBot object at 0x0000021AFCD4E990>

    @pytest.mark.phase4
    def test_runtime_client_rejects_spoofed_modelport(bot) -> None:
        with pytest.raises(ModelGatewayViolation):
>           bot.runtime_client.call_llm(
            ^^^^^^^^^^^^^^^^^^
                [{"role": "user", "content": "hello"}],
                caller="ModelPort",
            )
E           AttributeError: 'DadBot' object has no attribute 'runtime_client'. Did you mean: 'runtime_config'?

tests\test_kernel_freeze_phase1.py:47: AttributeError
---------------------------- Captured stdout setup ----------------------------
[DadBot] validate_managers=True
[DadBot] No durable store available, using in-memory state store.
__________________ test_memory_storage_rejects_spoofed_owner __________________

bot = <dadbot.core.dadbot.DadBot object at 0x0000021AFCD4C190>

    @pytest.mark.phase4
    def test_memory_storage_rejects_spoofed_owner(bot) -> None:
        with pytest.raises(MemoryWriteSurfaceViolation):
>           bot.memory._storage.mutate_memory_store(owner="MemoryManager", memories=[])
            ^^^^^^^^^^^^^^^^^^^
E           AttributeError: 'MemoryManager' object has no attribute '_storage'

tests\test_kernel_freeze_phase1.py:56: AttributeError
---------------------------- Captured stdout setup ----------------------------
[DadBot] validate_managers=True
[DadBot] No durable store available, using in-memory state store.
________ test_memory_storage_requires_bound_core_state_in_strict_mode _________

bot = <dadbot.core.dadbot.DadBot object at 0x0000021A81F4D090>
monkeypatch = <_pytest.monkeypatch.MonkeyPatch object at 0x0000021A82099BE0>

    @pytest.mark.phase4
    def test_memory_storage_requires_bound_core_state_in_strict_mode(bot, monkeypatch) -> None:
        monkeypatch.setenv("DADBOT_STRICT_CORESTATE_MUTATIONS", "1")
        with MemoryWriteOwnerScope.bind("MemoryManager"):
            with pytest.raises(UnboundCoreStateMutationError):
>               bot.memory._storage.mutate_memory_store(owner="MemoryManager", reminders=[])
                ^^^^^^^^^^^^^^^^^^^
E               AttributeError: 'MemoryManager' object has no attribute '_storage'

tests\test_kernel_freeze_phase1.py:64: AttributeError
---------------------------- Captured stdout setup ----------------------------
[DadBot] validate_managers=True
[DadBot] No durable store available, using in-memory state store.
______ test_memory_storage_allows_unbound_core_state_in_permissive_mode _______

bot = <dadbot.core.dadbot.DadBot object at 0x0000021A821E3D90>
monkeypatch = <_pytest.monkeypatch.MonkeyPatch object at 0x0000021A82098670>

    @pytest.mark.phase4
    def test_memory_storage_allows_unbound_core_state_in_permissive_mode(bot, monkeypatch) -> None:
        monkeypatch.setenv("DADBOT_STRICT_CORESTATE_MUTATIONS", "0")
        with MemoryWriteOwnerScope.bind("MemoryManager"):
>           bot.memory._storage.mutate_memory_store(owner="MemoryManager", reminders=[])
            ^^^^^^^^^^^^^^^^^^^
E           AttributeError: 'MemoryManager' object has no attribute '_storage'

tests\test_kernel_freeze_phase1.py:71: AttributeError
---------------------------- Captured stdout setup ----------------------------
[DadBot] validate_managers=True
[DadBot] No durable store available, using in-memory state store.
___________________ test_terminal_state_persisted_for_turn ____________________

bot = <dadbot.core.dadbot.DadBot object at 0x0000021A81F391D0>
monkeypatch = <_pytest.monkeypatch.MonkeyPatch object at 0x0000021A8209AC80>

    @pytest.mark.phase4
    def test_terminal_state_persisted_for_turn(bot, monkeypatch) -> None:
>       orchestrator = bot.turn_orchestrator
                       ^^^^^^^^^^^^^^^^^^^^^

tests\test_kernel_freeze_phase1.py:77: 
_ _ _ _ _ _ _ _ _ _ _ _ _ _ _ _ _ _ _ _ _ _ _ _ _ _ _ _ _ _ _ _ _ _ _ _ _ _ _ _
dadbot\core\dadbot.py:632: in turn_orchestrator
    return self._profile_runtime
           ^^^^^^^^^^^^^^^^^^^^^^
_ _ _ _ _ _ _ _ _ _ _ _ _ _ _ _ _ _ _ _ _ _ _ _ _ _ _ _ _ _ _ _ _ _ _ _ _ _ _ _

self = <dadbot.core.dadbot.DadBot object at 0x0000021A81F391D0>

    def _get_turn_orchestrator(self):
        services = getattr(self, "services", None)
        if services is not None:
>           return services.turn_orchestrator
                   ^^^^^^^^^^^^^^^^^^^^^^^^^^
E           AttributeError: 'dict' object has no attribute 'turn_orchestrator'

dadbot\core\turn_mixin.py:120: AttributeError
---------------------------- Captured stdout setup ----------------------------
[DadBot] validate_managers=True
[DadBot] No durable store available, using in-memory state store.
__ TestMemoryPersonalityBoundary.test_reply_finalization_records_cscl_output __

self = <test_long_run_behavioral_validation.TestMemoryPersonalityBoundary object at 0x0000021AFCE55650>

    def test_reply_finalization_records_cscl_output(self):
        """Finalization should feed final reply text back into CSCL for coherence tracking."""
        from dadbot.managers.reply_finalization import ReplyFinalizationManager
    
        class _Personality:
            def apply_authoritative_voice(self, reply: str, current_mood: str, user_input: str | None = None) -> str:
                return reply
    
        class _Cscl:
            def __init__(self):
                self.recorded = []
    
            def record_output(self, reply: str) -> None:
                self.recorded.append(reply)
    
        class _MinimalBot:
            APPEND_SIGNOFF = True
            STYLE = {"signoff": "- Dad"}
            personality_service = _Personality()
            conversation_surface = _Cscl()
    
            @staticmethod
            def moderate_output_reply(user_input: str | None, reply: str, current_mood: str) -> str:
                return reply
    
        mgr = ReplyFinalizationManager(_MinimalBot())
>       finalized = mgr.finalize("You've got this", "neutral", "thanks")
                    ^^^^^^^^^^^^^^^^^^^^^^^^^^^^^^^^^^^^^^^^^^^^^^^^^^^^

tests\test_long_run_behavioral_validation.py:548: 
_ _ _ _ _ _ _ _ _ _ _ _ _ _ _ _ _ _ _ _ _ _ _ _ _ _ _ _ _ _ _ _ _ _ _ _ _ _ _ _
dadbot\managers\reply_finalization.py:171: in finalize
    final_reply = self.append_signoff(final_reply)
                  ^^^^^^^^^^^^^^^^^^^^^^^^^^^^^^^^
_ _ _ _ _ _ _ _ _ _ _ _ _ _ _ _ _ _ _ _ _ _ _ _ _ _ _ _ _ _ _ _ _ _ _ _ _ _ _ _

self = <dadbot.managers.reply_finalization.ReplyFinalizationManager object at 0x0000021A8205C2F0>
reply = "You've got this"

    def append_signoff(self, reply: str) -> str:
        # Defense: if reply is somehow a Pydantic response object, extract content first
        if hasattr(reply, "model_dump") and not isinstance(reply, str):
            try:
                from dadbot.utils.llm import extract_ollama_message_content
                reply = extract_ollama_message_content(reply)
            except Exception:
                pass
        reply = str(reply or "").strip()
>       signoff = str(self.bot.profile_runtime.style.get("signoff") or "").strip()
                      ^^^^^^^^^^^^^^^^^^^^^^^^
E       AttributeError: '_MinimalBot' object has no attribute 'profile_runtime'

dadbot\managers\reply_finalization.py:54: AttributeError
_______________ test_should_evolve_persona_respects_session_gap _______________

bot = <dadbot.core.dadbot.DadBot object at 0x0000021A81F39BD0>

    def test_should_evolve_persona_respects_session_gap(bot):
        bot.CADENCE = {
            "persona_evolution_min_sessions": 4,
            "persona_evolution_session_gap": 3,
        }
        bot.MEMORY_STORE["session_archive"] = [
            {
                "id": str(index),
                "summary": f"s{index}",
                "created_at": f"2026-04-{index + 1:02d}T10:00:00",
                "topics": ["general"],
                "dominant_mood": "neutral",
                "turn_count": 2,
            }
            for index in range(5)
        ]
        bot.MEMORY_STORE["persona_evolution"] = [
            {"trait": "more direct", "session_count": 3, "applied_at": "2026-04-01T10:00:00"}
        ]
    
>       assert bot.long_term_signals.should_evolve_persona() is False
               ^^^^^^^^^^^^^^^^^^^^^
E       AttributeError: 'DadBot' object has no attribute 'long_term_signals'

tests\test_long_term_signals.py:25: AttributeError
---------------------------- Captured stdout setup ----------------------------
[DadBot] validate_managers=True
[DadBot] No durable store available, using in-memory state store.
_ test_update_trait_impact_from_relationship_feedback_reinforces_latest_trait _

bot = <dadbot.core.dadbot.DadBot object at 0x0000021A81F3BB10>

    def test_update_trait_impact_from_relationship_feedback_reinforces_latest_trait(bot):
        bot.MEMORY_STORE["persona_evolution"] = [
            {
                "trait": "more coach-like",
                "reason": "Tony responds well to structure",
                "announcement": "",
                "session_count": 8,
                "applied_at": "2026-04-10T20:00:00",
                "last_reinforced_at": "2026-04-10T20:00:00",
                "strength": 1.0,
                "impact_score": 0.0,
            }
        ]
    
>       updated = bot.long_term_signals.update_trait_impact_from_relationship_feedback(2, 1)
                  ^^^^^^^^^^^^^^^^^^^^^
E       AttributeError: 'DadBot' object has no attribute 'long_term_signals'

tests\test_long_term_signals.py:129: AttributeError
---------------------------- Captured stdout setup ----------------------------
[DadBot] validate_managers=True
[DadBot] No durable store available, using in-memory state store.
_______________ test_reject_persona_trait_removes_latest_entry ________________

bot = <dadbot.core.dadbot.DadBot object at 0x0000021A820A42D0>

    def test_reject_persona_trait_removes_latest_entry(bot):
        bot.MEMORY_STORE["persona_evolution"] = [
            {
                "trait": "more reflective",
                "reason": "",
                "announcement": "",
                "session_count": 5,
                "applied_at": "2026-04-08T10:00:00",
            },
            {
                "trait": "gentler when you are hard on yourself",
                "reason": "",
                "announcement": "",
                "session_count": 7,
                "applied_at": "2026-04-10T10:00:00",
            },
        ]
    
>       removed = bot.long_term_signals.reject_persona_trait("trait")
                  ^^^^^^^^^^^^^^^^^^^^^
E       AttributeError: 'DadBot' object has no attribute 'long_term_signals'

tests\test_long_term_signals.py:153: AttributeError
---------------------------- Captured stdout setup ----------------------------
[DadBot] validate_managers=True
[DadBot] No durable store available, using in-memory state store.
__ test_consolidate_persona_evolution_history_keeps_strongest_ranked_traits ___

bot = <dadbot.core.dadbot.DadBot object at 0x0000021A820A4F50>

    def test_consolidate_persona_evolution_history_keeps_strongest_ranked_traits(bot):
        history = []
        for index in range(10):
            history.append(
                {
                    "trait": f"trait {index}",
                    "reason": f"reason {index}",
                    "announcement": "",
                    "session_count": 10 + index,
                    "applied_at": f"2026-04-{index + 1:02d}T10:00:00",
                    "last_reinforced_at": f"2026-04-{index + 1:02d}T10:00:00",
                    "strength": 0.5 + index * 0.2,
                    "impact_score": float(index),
                    "critique_score": min(10, 2 + index),
                }
            )
    
>       consolidated = bot.long_term_signals.consolidate_persona_evolution_history(history)
                       ^^^^^^^^^^^^^^^^^^^^^
E       AttributeError: 'DadBot' object has no attribute 'long_term_signals'

tests\test_long_term_signals.py:177: AttributeError
---------------------------- Captured stdout setup ----------------------------
[DadBot] validate_managers=True
[DadBot] No durable store available, using in-memory state store.
__________ test_detect_life_patterns_skips_existing_pattern_identity __________

bot = <dadbot.core.dadbot.DadBot object at 0x0000021A820A6210>

    def test_detect_life_patterns_skips_existing_pattern_identity(bot):
        bot.CADENCE = {
            "life_pattern_min_archived_sessions": 4,
            "life_pattern_window": 12,
            "life_pattern_min_occurrences": 3,
            "life_pattern_confidence_threshold": 70,
            "life_pattern_queue_limit": 2,
        }
        bot.MEMORY_STORE["life_patterns"] = [
            {
                "summary": "Tony often carries work stressed on Saturdays.",
                "topic": "work",
                "mood": "stressed",
                "day_hint": "Saturday",
                "confidence": 85,
                "last_seen_at": "2026-04-11T20:00:00",
                "proactive_message": "Saturdays seem heavy for work lately.",
            }
        ]
        bot.MEMORY_STORE["session_archive"] = [
            {
                "summary": "Work felt heavy again.",
                "topics": ["work"],
                "dominant_mood": "stressed",
                "turn_count": 4,
                "created_at": "2026-04-04T20:00:00",
                "id": "a",
            },
            {
                "summary": "Saturday work dread again.",
                "topics": ["work"],
                "dominant_mood": "stressed",
                "turn_count": 4,
                "created_at": "2026-04-11T20:00:00",
                "id": "b",
            },
            {
                "summary": "Another tough Saturday night about work.",
                "topics": ["work"],
                "dominant_mood": "stressed",
                "turn_count": 4,
                "created_at": "2026-04-18T20:00:00",
                "id": "c",
            },
            {
                "summary": "Still talking about work stress.",
                "topics": ["work"],
                "dominant_mood": "stressed",
                "turn_count": 4,
                "created_at": "2026-04-25T20:00:00",
                "id": "d",
            },
        ]
    
>       detected = bot.long_term_signals.detect_life_patterns(force=True)
                   ^^^^^^^^^^^^^^^^^^^^^
E       AttributeError: 'DadBot' object has no attribute 'long_term_signals'

tests\test_long_term_signals.py:297: AttributeError
---------------------------- Captured stdout setup ----------------------------
[DadBot] validate_managers=True
[DadBot] No durable store available, using in-memory state store.
_____ test_detect_life_patterns_queues_proactive_message_for_new_pattern ______

bot = <dadbot.core.dadbot.DadBot object at 0x0000021A820A6AD0>

    def test_detect_life_patterns_queues_proactive_message_for_new_pattern(bot):
        bot.CADENCE = {
            "life_pattern_min_archived_sessions": 4,
            "life_pattern_window": 12,
            "life_pattern_min_occurrences": 3,
            "life_pattern_confidence_threshold": 70,
            "life_pattern_queue_limit": 2,
        }
        bot.MEMORY_STORE["session_archive"] = [
            {
                "summary": "Sunday work dread again.",
                "topics": ["work"],
                "dominant_mood": "stressed",
                "turn_count": 4,
                "created_at": "2026-04-05T20:00:00",
                "id": "a",
            },
            {
                "summary": "Another tough Sunday night about work.",
                "topics": ["work"],
                "dominant_mood": "stressed",
                "turn_count": 4,
                "created_at": "2026-04-12T20:00:00",
                "id": "b",
            },
            {
                "summary": "Still talking about work stress.",
                "topics": ["work"],
                "dominant_mood": "stressed",
                "turn_count": 4,
                "created_at": "2026-04-19T20:00:00",
                "id": "c",
            },
            {
                "summary": "Work feels heavy every Sunday.",
                "topics": ["work"],
                "dominant_mood": "stressed",
                "turn_count": 4,
                "created_at": "2026-04-26T20:00:00",
                "id": "d",
            },
        ]
    
>       detected = bot.detect_life_patterns(force=True)
                   ^^^^^^^^^^^^^^^^^^^^^^^^
E       AttributeError: 'DadBot' object has no attribute 'detect_life_patterns'

tests\test_long_term_signals.py:346: AttributeError
---------------------------- Captured stdout setup ----------------------------
[DadBot] validate_managers=True
[DadBot] No durable store available, using in-memory state store.
_____________________ TestHybridRetriever.test_rrf_fusion _____________________

self = <test_loyal_elephie_integration.TestHybridRetriever object at 0x0000021AFCE76FD0>

    def test_rrf_fusion(self):
        """Test Reciprocal Rank Fusion merging."""
        retriever = HybridRetriever()
        vector_ranked = [
            (0.9, {"id": "1", "text": "family memory"}),
            (0.8, {"id": "2", "text": "goal memory"}),
        ]
        bm25_ranked = [
            (0.95, {"id": "2", "text": "goal memory"}),
            (0.7, {"id": "1", "text": "family memory"}),
        ]
        merged = retriever._reciprocal_rank_fusion(vector_ranked, bm25_ranked, k=60)
        assert len(merged) > 0
        # Item 2 should rank higher due to high scores in both lists
>       assert merged[0].get("id") == "2"
               ^^^^^^^^^^^^^
E       AttributeError: 'tuple' object has no attribute 'get'

tests\test_loyal_elephie_integration.py:40: AttributeError
------------------------------ Captured log call ------------------------------
WARNING  dadbot.memory.hybrid_retriever:hybrid_retriever.py:35 rank_bm25 not available; hybrid retriever will fall back to semantic-only. Install with: pip install rank-bm25
__________ test_normalize_memory_entry_naturalizes_summary_and_mood ___________

bot = <dadbot.core.dadbot.DadBot object at 0x0000021A823B4CD0>

    def test_normalize_memory_entry_naturalizes_summary_and_mood(bot):
>       entry = bot.normalize_memory_entry(
                ^^^^^^^^^^^^^^^^^^^^^^^^^^
            {
                "summary": "i'm worried about money lately",
                "category": None,
                "mood": "anxious",
            }
        )
E       AttributeError: 'DadBot' object has no attribute 'normalize_memory_entry'. Did you mean: 'normalize_memory_text'?

tests\test_memory_manager.py:13: AttributeError
---------------------------- Captured stdout setup ----------------------------
[DadBot] validate_managers=True
[DadBot] No durable store available, using in-memory state store.
_ test_normalize_memory_entry_validates_dates_and_scores_without_changing_surface _

bot = <dadbot.core.dadbot.DadBot object at 0x0000021A823B42D0>

    def test_normalize_memory_entry_validates_dates_and_scores_without_changing_surface(bot):
>       entry = bot.normalize_memory_entry(
                ^^^^^^^^^^^^^^^^^^^^^^^^^^
            {
                "summary": "i've been saving for emergencies",
                "category": "finance",
                "mood": "positive",
                "created_at": "2026-04-20",
                "updated_at": "2026-04-21",
                "confidence": "1.7",
                "impact_score": "2.5",
                "importance_score": "0.8",
                "emotional_intensity": "0.7",
                "relationship_impact": "0.6",
                "pinned": True,
                "contradictions": ["", "missed the budget once"],
            }
        )
E       AttributeError: 'DadBot' object has no attribute 'normalize_memory_entry'. Did you mean: 'normalize_memory_text'?

tests\test_memory_manager.py:27: AttributeError
---------------------------- Captured stdout setup ----------------------------
[DadBot] validate_managers=True
[DadBot] No durable store available, using in-memory state store.
_ test_normalize_relationship_state_preserves_runtime_vocab_and_date_surface __

bot = <dadbot.core.dadbot.DadBot object at 0x0000021A823B5810>

    def test_normalize_relationship_state_preserves_runtime_vocab_and_date_surface(bot):
>       entry = bot.normalize_relationship_state(
                ^^^^^^^^^^^^^^^^^^^^^^^^^^^^^^^^
            {
                "trust_level": 65,
                "openness_level": 62,
                "emotional_momentum": "warming",
                "recurring_topics": {"Work": "3", "": 2},
                "recent_checkins": [{"date": "2026-04-20", "mood": "happy", "topic": "Work"}],
                "hypotheses": [{"name": "supportive_baseline", "probability": 1.0}],
                "last_hypothesis_updated": "2026-04-20",
                "last_reflection": "He is opening up more.",
                "last_updated": "2026-04-20",
            }
        )
E       AttributeError: 'DadBot' object has no attribute 'normalize_relationship_state'. Did you mean: 'default_relationship_state'?

tests\test_memory_manager.py:57: AttributeError
---------------------------- Captured stdout setup ----------------------------
[DadBot] validate_managers=True
[DadBot] No durable store available, using in-memory state store.
___ test_normalize_persona_evolution_entry_validates_runtime_trait_payload ____

bot = <dadbot.core.dadbot.DadBot object at 0x0000021A823B6490>

    def test_normalize_persona_evolution_entry_validates_runtime_trait_payload(bot):
>       entry = bot.normalize_persona_evolution_entry(
                ^^^^^^^^^^^^^^^^^^^^^^^^^^^^^^^^^^^^^
            {
                "new_trait": "more coach-like",
                "reason": "Tony responds well to structure",
                "announcement": "I have gotten a little more coach-like with you.",
                "session_count": "8",
                "applied_at": "2026-04-10T20:00:00",
                "last_reinforced_at": "2026-04-11T20:00:00",
                "strength": "2.7",
                "impact_score": "-1.5",
                "critique_score": "9",
                "critique_feedback": "specific and grounded",
            }
        )
E       AttributeError: 'DadBot' object has no attribute 'normalize_persona_evolution_entry'

tests\test_memory_manager.py:79: AttributeError
---------------------------- Captured stdout setup ----------------------------
[DadBot] validate_managers=True
[DadBot] No durable store available, using in-memory state store.
____________ test_normalize_wisdom_entry_validates_runtime_payload ____________

bot = <dadbot.core.dadbot.DadBot object at 0x0000021A823B6E90>

    def test_normalize_wisdom_entry_validates_runtime_payload(bot):
>       entry = bot.normalize_wisdom_entry(
                ^^^^^^^^^^^^^^^^^^^^^^^^^^
            {
                "summary": "Slow the moment down before work runs you.",
                "topic": "Work",
                "trigger": "stress check-in",
                "created_at": "2026-04-11T20:00:00",
            }
        )
E       AttributeError: 'DadBot' object has no attribute 'normalize_wisdom_entry'

tests\test_memory_manager.py:102: AttributeError
---------------------------- Captured stdout setup ----------------------------
[DadBot] validate_managers=True
[DadBot] No durable store available, using in-memory state store.
_______ test_save_memory_store_normalizes_direct_memory_store_mutations _______

bot = <dadbot.core.dadbot.DadBot object at 0x0000021A823B7890>

    def test_save_memory_store_normalizes_direct_memory_store_mutations(bot):
        bot.MEMORY_STORE = {
            **bot.default_memory_store(),
            "memories": [{"summary": "i'm saving money", "category": None, "mood": "happy"}],
            "consolidated_memories": [{"summary": "i've been saving money", "updated_at": "2026-04-20"}],
            "last_mood": "happy",
            "last_mood_updated_at": "2026-04-20",
            "recent_moods": [{"mood": "happy", "date": "2026-04-20"}],
        }
    
        bot.save_memory_store()
    
>       persisted = json.loads(bot.MEMORY_PATH.read_text(encoding="utf-8"))
                               ^^^^^^^^^^^^^^^^^^^^^^^^^^^^^^^^^^^^^^^^^^^

tests\test_memory_manager.py:131: 
_ _ _ _ _ _ _ _ _ _ _ _ _ _ _ _ _ _ _ _ _ _ _ _ _ _ _ _ _ _ _ _ _ _ _ _ _ _ _ _
..\..\..\AppData\Local\Programs\Python\Python313\Lib\pathlib\_local.py:546: in read_text
    return PathBase.read_text(self, encoding, errors, newline)
           ^^^^^^^^^^^^^^^^^^^^^^^^^^^^^^^^^^^^^^^^^^^^^^^^^^^
..\..\..\AppData\Local\Programs\Python\Python313\Lib\pathlib\_abc.py:632: in read_text
    with self.open(mode='r', encoding=encoding, errors=errors, newline=newline) as f:
         ^^^^^^^^^^^^^^^^^^^^^^^^^^^^^^^^^^^^^^^^^^^^^^^^^^^^^^^^^^^^^^^^^^^^^^
_ _ _ _ _ _ _ _ _ _ _ _ _ _ _ _ _ _ _ _ _ _ _ _ _ _ _ _ _ _ _ _ _ _ _ _ _ _ _ _

self = WindowsPath('C:/Users/josep/AppData/Local/Temp/tmp7nljknm5/dad_memory.json')
mode = 'r', buffering = -1, encoding = 'utf-8', errors = None, newline = None

    def open(self, mode='r', buffering=-1, encoding=None,
             errors=None, newline=None):
        """
        Open the file pointed to by this path and return a file object, as
        the built-in open() function does.
        """
        if "b" not in mode:
            encoding = io.text_encoding(encoding)
>       return io.open(self, mode, buffering, encoding, errors, newline)
               ^^^^^^^^^^^^^^^^^^^^^^^^^^^^^^^^^^^^^^^^^^^^^^^^^^^^^^^^^
E       FileNotFoundError: [Errno 2] No such file or directory: 'C:\\Users\\josep\\AppData\\Local\\Temp\\tmp7nljknm5\\dad_memory.json'

..\..\..\AppData\Local\Programs\Python\Python313\Lib\pathlib\_local.py:537: FileNotFoundError
---------------------------- Captured stdout setup ----------------------------
[DadBot] validate_managers=True
[DadBot] No durable store available, using in-memory state store.
____ test_mutate_memory_store_persists_valid_json_under_concurrent_writes _____

bot = <dadbot.core.dadbot.DadBot object at 0x0000021A823EC190>

    def test_mutate_memory_store_persists_valid_json_under_concurrent_writes(bot):
        today = date.today().isoformat()
    
        def append_recent_mood(index):
            def mutator(store):
                recent = list(store.get("recent_moods", []))
                recent.append({"mood": "happy" if index % 2 == 0 else "stressed", "date": today})
                store["recent_moods"] = recent
                store["last_mood"] = "happy" if index % 2 == 0 else "stressed"
                store["last_mood_updated_at"] = today
    
            bot.mutate_memory_store(mutator=mutator)
    
        with ThreadPoolExecutor(max_workers=4) as executor:
>           list(executor.map(append_recent_mood, range(8)))

tests\test_memory_manager.py:156: 
_ _ _ _ _ _ _ _ _ _ _ _ _ _ _ _ _ _ _ _ _ _ _ _ _ _ _ _ _ _ _ _ _ _ _ _ _ _ _ _
..\..\..\AppData\Local\Programs\Python\Python313\Lib\concurrent\futures\_base.py:619: in result_iterator
    yield _result_or_cancel(fs.pop())
          ^^^^^^^^^^^^^^^^^^^^^^^^^^^
..\..\..\AppData\Local\Programs\Python\Python313\Lib\concurrent\futures\_base.py:317: in _result_or_cancel
    return fut.result(timeout)
           ^^^^^^^^^^^^^^^^^^^
..\..\..\AppData\Local\Programs\Python\Python313\Lib\concurrent\futures\_base.py:449: in result
    return self.__get_result()
           ^^^^^^^^^^^^^^^^^^^
..\..\..\AppData\Local\Programs\Python\Python313\Lib\concurrent\futures\_base.py:401: in __get_result
    raise self._exception
..\..\..\AppData\Local\Programs\Python\Python313\Lib\concurrent\futures\thread.py:59: in run
    result = self.fn(*self.args, **self.kwargs)
             ^^^^^^^^^^^^^^^^^^^^^^^^^^^^^^^^^^
_ _ _ _ _ _ _ _ _ _ _ _ _ _ _ _ _ _ _ _ _ _ _ _ _ _ _ _ _ _ _ _ _ _ _ _ _ _ _ _

index = 0

    def append_recent_mood(index):
        def mutator(store):
            recent = list(store.get("recent_moods", []))
            recent.append({"mood": "happy" if index % 2 == 0 else "stressed", "date": today})
            store["recent_moods"] = recent
            store["last_mood"] = "happy" if index % 2 == 0 else "stressed"
            store["last_mood_updated_at"] = today
    
>       bot.mutate_memory_store(mutator=mutator)
        ^^^^^^^^^^^^^^^^^^^^^^^
E       AttributeError: 'DadBot' object has no attribute 'mutate_memory_store'. Did you mean: 'save_memory_store'?

tests\test_memory_manager.py:153: AttributeError
---------------------------- Captured stdout setup ----------------------------
[DadBot] validate_managers=True
[DadBot] No durable store available, using in-memory state store.
_ test_mutate_memory_store_triggers_semantic_and_graph_sync_without_stale_projection _

bot = <dadbot.core.dadbot.DadBot object at 0x0000021A823ECCD0>
monkeypatch = <_pytest.monkeypatch.MonkeyPatch object at 0x0000021A823D22E0>

    def test_mutate_memory_store_triggers_semantic_and_graph_sync_without_stale_projection(bot, monkeypatch):
        memory_manager = bot.memory
>       graph_manager = memory_manager.graph_manager
                        ^^^^^^^^^^^^^^^^^^^^^^^^^^^^
E       AttributeError: 'MemoryManager' object has no attribute 'graph_manager'

tests\test_memory_manager.py:168: AttributeError
---------------------------- Captured stdout setup ----------------------------
[DadBot] validate_managers=True
[DadBot] No durable store available, using in-memory state store.
_____ test_graph_projection_generation_advances_across_repeated_mutations _____

bot = <dadbot.core.dadbot.DadBot object at 0x0000021A823ED950>
monkeypatch = <_pytest.monkeypatch.MonkeyPatch object at 0x0000021A8247EC10>

    def test_graph_projection_generation_advances_across_repeated_mutations(bot, monkeypatch):
        memory_manager = bot.memory
>       graph_manager = memory_manager.graph_manager
                        ^^^^^^^^^^^^^^^^^^^^^^^^^^^^
E       AttributeError: 'MemoryManager' object has no attribute 'graph_manager'

tests\test_memory_manager.py:214: AttributeError
---------------------------- Captured stdout setup ----------------------------
[DadBot] validate_managers=True
[DadBot] No durable store available, using in-memory state store.
_ test_normalize_consolidated_memory_entry_limits_lists_and_recomputes_confidence _

bot = <dadbot.core.dadbot.DadBot object at 0x0000021A823EDF90>

    def test_normalize_consolidated_memory_entry_limits_lists_and_recomputes_confidence(bot):
>       entry = bot.normalize_consolidated_memory_entry(
                ^^^^^^^^^^^^^^^^^^^^^^^^^^^^^^^^^^^^^^^
            {
                "summary": "i've been saving money for emergencies",
                "category": "finance",
                "source_count": 3,
                "confidence": None,
                "supporting_summaries": [
                    "I've been saving money for emergencies",
                    "i have been saving money for emergencies",
                    "I want to save more money",
                    "I have been saving money monthly",
                    "I need to keep budgeting",
                ],
                "contradictions": [
                    "Spent impulsively",
                    "Spent impulsively",
                    "Ignored budget",
                    "Missed savings",
                    "Overspent again",
                ],
                "updated_at": date.today().isoformat(),
            }
        )
E       AttributeError: 'DadBot' object has no attribute 'normalize_consolidated_memory_entry'

tests\test_memory_manager.py:272: AttributeError
---------------------------- Captured stdout setup ----------------------------
[DadBot] validate_managers=True
[DadBot] No durable store available, using in-memory state store.
_______ test_memory_quality_score_penalizes_generic_low_signal_entries ________

bot = <dadbot.core.dadbot.DadBot object at 0x0000021A823EE990>

    def test_memory_quality_score_penalizes_generic_low_signal_entries(bot):
>       generic_score = bot.memory_quality_score({"summary": "Tony shared that personal struggles.", "category": "general"})
                        ^^^^^^^^^^^^^^^^^^^^^^^^
E       AttributeError: 'DadBot' object has no attribute 'memory_quality_score'. Did you mean: 'memory_impact_score'?

tests\test_memory_manager.py:320: AttributeError
---------------------------- Captured stdout setup ----------------------------
[DadBot] validate_managers=True
[DadBot] No durable store available, using in-memory state store.
___________ test_is_high_quality_memory_rejects_low_signal_patterns ___________

bot = <dadbot.core.dadbot.DadBot object at 0x0000021A823EF610>

    def test_is_high_quality_memory_rejects_low_signal_patterns(bot):
        assert (
>           bot.is_high_quality_memory({"summary": "Tony shared that personal struggles.", "category": "general"}) is False
            ^^^^^^^^^^^^^^^^^^^^^^^^^^
        )
E       AttributeError: 'DadBot' object has no attribute 'is_high_quality_memory'

tests\test_memory_manager.py:331: AttributeError
---------------------------- Captured stdout setup ----------------------------
[DadBot] validate_managers=True
[DadBot] No durable store available, using in-memory state store.
_ test_controlled_forgetting_retains_repeated_preference_with_high_confidence_hits _

bot = <dadbot.core.dadbot.DadBot object at 0x0000021A823EFC50>

    def test_controlled_forgetting_retains_repeated_preference_with_high_confidence_hits(bot):
        stale_date = (date.today() - timedelta(days=420)).isoformat()
>       bot.save_memory_catalog(
        ^^^^^^^^^^^^^^^^^^^^^^^
            [
                {
                    "summary": "Tony prefers direct, concise planning checklists.",
                    "category": "preferences",
                    "mood": "positive",
                    "created_at": stale_date,
                    "updated_at": stale_date,
                    "importance_score": 0.8,
                    "access_count": 20,
                    "confidence_history": {"high": 14, "medium": 2, "low": 0},
                    "high_confidence_hits": 14,
                }
            ]
        )
E       AttributeError: 'DadBot' object has no attribute 'save_memory_catalog'. Did you mean: 'save_memory_store'?

tests\test_memory_manager.py:377: AttributeError
---------------------------- Captured stdout setup ----------------------------
[DadBot] validate_managers=True
[DadBot] No durable store available, using in-memory state store.
__________ test_controlled_forgetting_never_archives_identity_memory __________

bot = <dadbot.core.dadbot.DadBot object at 0x0000021A82384910>

    def test_controlled_forgetting_never_archives_identity_memory(bot):
        stale_date = (date.today() - timedelta(days=900)).isoformat()
>       bot.save_memory_catalog(
        ^^^^^^^^^^^^^^^^^^^^^^^
            [
                {
                    "summary": "Tony's daughter is named Emily.",
                    "category": "identity",
                    "mood": "neutral",
                    "created_at": stale_date,
                    "updated_at": stale_date,
                    "importance_score": 0.0,
                    "access_count": 0,
                    "confidence_history": {"high": 0, "medium": 0, "low": 0},
                }
            ]
        )
E       AttributeError: 'DadBot' object has no attribute 'save_memory_catalog'. Did you mean: 'save_memory_store'?

tests\test_memory_manager.py:410: AttributeError
---------------------------- Captured stdout setup ----------------------------
[DadBot] validate_managers=True
[DadBot] No durable store available, using in-memory state store.
_______ test_controlled_forgetting_retains_stale_high_importance_memory _______

bot = <dadbot.core.dadbot.DadBot object at 0x0000021A82385310>

    def test_controlled_forgetting_retains_stale_high_importance_memory(bot):
        stale_date = (date.today() - timedelta(days=700)).isoformat()
>       bot.save_memory_catalog(
        ^^^^^^^^^^^^^^^^^^^^^^^
            [
                {
                    "summary": "Tony is rebuilding his emergency fund after layoffs in the family.",
                    "category": "finance",
                    "mood": "stressed",
                    "created_at": stale_date,
                    "updated_at": stale_date,
                    "importance_score": 0.95,
                    "access_count": 4,
                    "confidence_history": {"high": 6, "medium": 1, "low": 0},
                    "high_confidence_hits": 6,
                }
            ]
        )
E       AttributeError: 'DadBot' object has no attribute 'save_memory_catalog'. Did you mean: 'save_memory_store'?

tests\test_memory_manager.py:489: AttributeError
---------------------------- Captured stdout setup ----------------------------
[DadBot] validate_managers=True
[DadBot] No durable store available, using in-memory state store.
________ test_clean_memory_entries_normalizes_filters_and_deduplicates ________

bot = <dadbot.core.dadbot.DadBot object at 0x0000021A82385D10>

    def test_clean_memory_entries_normalizes_filters_and_deduplicates(bot):
>       cleaned = bot.clean_memory_entries(
                  ^^^^^^^^^^^^^^^^^^^^^^^^
            [
                {
                    "summary": "i've been saving more money",
                    "category": "finance",
                    "updated_at": (date.today() - timedelta(days=1)).isoformat(),
                },
                {
                    "summary": "I have been saving more money for an emergency fund",
                    "category": "finance",
                    "updated_at": date.today().isoformat(),
                },
                {"summary": "personal struggles", "category": "general", "updated_at": date.today().isoformat()},
                {
                    "summary": "i'm stressed about work deadlines",
                    "category": "work",
                    "updated_at": date.today().isoformat(),
                },
                {
                    "summary": "Tony shared that work stress is overwhelming",
                    "category": "work",
                    "updated_at": (date.today() - timedelta(days=2)).isoformat(),
                },
            ]
        )
E       AttributeError: 'DadBot' object has no attribute 'clean_memory_entries'. Did you mean: 'clear_memory_store'?

tests\test_memory_manager.py:566: AttributeError
---------------------------- Captured stdout setup ----------------------------
[DadBot] validate_managers=True
[DadBot] No durable store available, using in-memory state store.
__________ test_relevant_memories_for_input_prefers_fresher_entries ___________

bot = <dadbot.core.dadbot.DadBot object at 0x0000021A82386710>

    def test_relevant_memories_for_input_prefers_fresher_entries(bot):
        old_date = (date.today() - timedelta(days=180)).isoformat()
        fresh_date = date.today().isoformat()
        bot.MEMORY_STORE["memories"] = [
            {
                "summary": "Tony has been stressed about work deadlines on the marketing rollout.",
                "category": "work",
                "mood": "stressed",
                "created_at": old_date,
                "updated_at": old_date,
            },
            {
                "summary": "Tony has been stressed about work deadlines on the platform migration.",
                "category": "work",
                "mood": "stressed",
                "created_at": fresh_date,
                "updated_at": fresh_date,
            },
        ]
    
>       memories = bot.relevant_memories_for_input("work deadlines", limit=1)
                   ^^^^^^^^^^^^^^^^^^^^^^^^^^^^^^^
E       AttributeError: 'DadBot' object has no attribute 'relevant_memories_for_input'

tests\test_memory_manager.py:619: AttributeError
---------------------------- Captured stdout setup ----------------------------
[DadBot] validate_managers=True
[DadBot] No durable store available, using in-memory state store.
_________ test_semantic_memory_matches_caps_stale_low_impact_memories _________

bot = <dadbot.core.dadbot.DadBot object at 0x0000021A82386FD0>

    def test_semantic_memory_matches_caps_stale_low_impact_memories(bot):
        old_date = (date.today() - timedelta(days=120)).isoformat()
        fresh_date = date.today().isoformat()
        old_memory = {
            "summary": "Tony has been stressed about work deadlines from the old reorg.",
            "category": "work",
            "mood": "stressed",
            "created_at": old_date,
            "updated_at": old_date,
            "impact_score": 0.0,
        }
        fresh_memory = {
            "summary": "Tony has been stressed about work deadlines on the platform migration.",
            "category": "work",
            "mood": "stressed",
            "created_at": fresh_date,
            "updated_at": fresh_date,
            "impact_score": 0.0,
        }
    
        bot.memory_manager.queue_semantic_memory_index = lambda *_args, **_kwargs: None
        bot.memory_manager.semantic_query_context = lambda *_args, **_kwargs: {
            "query_embedding": [0.0, 1.0, 1.0],
            "query_tokens": ["work", "deadlines", "stressed"],
            "query_category": "work",
            "query_mood": "stressed",
            "candidate_limit": 4,
        }
        bot.memory_manager.semantic_candidate_rows = lambda *args, **kwargs: [
            {"summary_key": "old"},
            {"summary_key": "fresh"},
        ]
        bot.memory_manager.score_semantic_rows = lambda *args, **kwargs: [(0.95, old_memory), (0.62, fresh_memory)]
    
>       matches = bot.semantic_memory_matches("work deadlines", [old_memory, fresh_memory], limit=1)
                  ^^^^^^^^^^^^^^^^^^^^^^^^^^^
E       AttributeError: 'DadBot' object has no attribute 'semantic_memory_matches'. Did you mean: 'semantic_memory_filters'?

tests\test_memory_manager.py:659: AttributeError
---------------------------- Captured stdout setup ----------------------------
[DadBot] validate_managers=True
[DadBot] No durable store available, using in-memory state store.
___________ test_relevant_memories_for_input_applies_diversity_cap ____________

bot = <dadbot.core.dadbot.DadBot object at 0x0000021A82387C50>

    def test_relevant_memories_for_input_applies_diversity_cap(bot):
        today = date.today().isoformat()
        bot.MEMORY_STORE["memories"] = [
            {
                "summary": "Tony has been stressed about work deadlines on the payroll launch.",
                "category": "work",
                "mood": "stressed",
                "created_at": today,
                "updated_at": today,
            },
            {
                "summary": "Tony has been stressed about work deadlines on the platform migration.",
                "category": "work",
                "mood": "stressed",
                "created_at": today,
                "updated_at": today,
            },
            {
                "summary": "Tony has been stressed about work deadlines around leadership changes.",
                "category": "work",
                "mood": "stressed",
                "created_at": today,
                "updated_at": today,
            },
            {
                "summary": "Tony has been sticking to a budget and saving money for the emergency fund.",
                "category": "finance",
                "mood": "positive",
                "created_at": today,
                "updated_at": today,
            },
        ]
        bot.semantic_memory_matches = lambda *_args, **_kwargs: []
        bot.memory_context_limit_for_input = lambda *_args, **_kwargs: 4
    
>       memories = bot.relevant_memories_for_input("work deadlines and budget", limit=4)
                   ^^^^^^^^^^^^^^^^^^^^^^^^^^^^^^^
E       AttributeError: 'DadBot' object has no attribute 'relevant_memories_for_input'

tests\test_memory_manager.py:700: AttributeError
---------------------------- Captured stdout setup ----------------------------
[DadBot] validate_managers=True
[DadBot] No durable store available, using in-memory state store.
______ test_relevant_memories_for_input_uses_prompt_budget_to_cap_limit _______

bot = <dadbot.core.dadbot.DadBot object at 0x0000021A82350550>

    def test_relevant_memories_for_input_uses_prompt_budget_to_cap_limit(bot):
        today = date.today().isoformat()
        bot.MEMORY_STORE["memories"] = [
            {
                "summary": f"Tony has been stressed about work deadline {index}.",
                "category": "work",
                "mood": "stressed",
                "created_at": today,
                "updated_at": today,
            }
            for index in range(4)
        ]
        bot.semantic_memory_matches = lambda *_args, **_kwargs: []
        bot.CONTEXT_TOKEN_BUDGET = 140
        bot.RESERVED_RESPONSE_TOKENS = 20
        bot.build_cross_session_context = lambda: "X" * 500
    
>       memories = bot.relevant_memories_for_input("work deadline", limit=4)
                   ^^^^^^^^^^^^^^^^^^^^^^^^^^^^^^^
E       AttributeError: 'DadBot' object has no attribute 'relevant_memories_for_input'

tests\test_memory_manager.py:724: AttributeError
---------------------------- Captured stdout setup ----------------------------
[DadBot] validate_managers=True
[DadBot] No durable store available, using in-memory state store.
____ test_load_memory_store_recovers_from_backup_when_primary_is_corrupted ____

bot = <dadbot.core.dadbot.DadBot object at 0x0000021A82350F50>

    def test_load_memory_store_recovers_from_backup_when_primary_is_corrupted(bot):
        first_snapshot = {
            "summary": "Tony has been saving money for an emergency fund.",
            "category": "finance",
            "mood": "positive",
            "created_at": date.today().isoformat(),
            "updated_at": date.today().isoformat(),
        }
        second_snapshot = {
            "summary": "Tony has been stressed about work deadlines.",
            "category": "work",
            "mood": "stressed",
            "created_at": date.today().isoformat(),
            "updated_at": date.today().isoformat(),
        }
        bot.MEMORY_STORE["memories"] = [first_snapshot]
        bot.save_memory_store()
        bot.MEMORY_STORE["memories"] = [second_snapshot]
        bot.save_memory_store()
    
        backup_path = bot.json_backup_path(bot.MEMORY_PATH)
>       assert backup_path.exists()
E       AssertionError: assert False
E        +  where False = exists()
E        +    where exists = WindowsPath('C:/Users/josep/AppData/Local/Temp/tmphgufk5_2/dad_memory.json.bak').exists

tests\test_memory_manager.py:784: AssertionError
---------------------------- Captured stdout setup ----------------------------
[DadBot] validate_managers=True
[DadBot] No durable store available, using in-memory state store.
_______________ test_graph_retrieval_compresses_to_token_budget _______________

bot = <dadbot.core.dadbot.DadBot object at 0x0000021A82351950>

    def test_graph_retrieval_compresses_to_token_budget(bot):
        today = date.today().isoformat()
        bot.MEMORY_STORE["consolidated_memories"] = [
            {
                "summary": "Tony has been saving money for an emergency fund and keeping a detailed budget spreadsheet while also talking through work stress and next steps every week.",
                "category": "finance",
                "source_count": 4,
                "confidence": 0.9,
                "supporting_summaries": [
                    "Tony has been budgeting weekly and wants to stay consistent.",
                    "Tony has also been feeling stress about work deadlines and his manager.",
                ],
                "contradictions": [],
                "updated_at": today,
            }
        ]
>       bot.sync_graph_store()
        ^^^^^^^^^^^^^^^^^^^^
E       AttributeError: 'DadBot' object has no attribute 'sync_graph_store'

tests\test_memory_manager.py:1019: AttributeError
---------------------------- Captured stdout setup ----------------------------
[DadBot] validate_managers=True
[DadBot] No durable store available, using in-memory state store.
_______ test_relevant_memories_for_input_uses_graph_signal_when_scoring _______

bot = <dadbot.core.dadbot.DadBot object at 0x0000021A82352350>

    def test_relevant_memories_for_input_uses_graph_signal_when_scoring(bot):
        today = date.today().isoformat()
        bot.MEMORY_STORE["consolidated_memories"] = [
            {
                "summary": "Tony has been saving money for an emergency fund.",
                "category": "finance",
                "source_count": 3,
                "confidence": 0.82,
                "supporting_summaries": [],
                "contradictions": [],
                "updated_at": today,
            }
        ]
        bot.MEMORY_STORE["memories"] = [
            {
                "summary": "Tony has been using a weekly budget spreadsheet.",
                "category": "finance",
                "mood": "positive",
                "created_at": today,
                "updated_at": today,
            },
            {
                "summary": "Tony enjoyed a movie night with friends.",
                "category": "relationships",
                "mood": "positive",
                "created_at": today,
                "updated_at": today,
            },
        ]
        bot.semantic_memory_matches = lambda *_args, **_kwargs: []
>       bot.sync_graph_store()
        ^^^^^^^^^^^^^^^^^^^^
E       AttributeError: 'DadBot' object has no attribute 'sync_graph_store'

tests\test_memory_manager.py:1063: AttributeError
---------------------------- Captured stdout setup ----------------------------
[DadBot] validate_managers=True
[DadBot] No durable store available, using in-memory state store.
____________ test_relevant_memories_for_input_caps_top_k_to_seven _____________

bot = <dadbot.core.dadbot.DadBot object at 0x0000021A82352C10>

    def test_relevant_memories_for_input_caps_top_k_to_seven(bot):
        today = date.today().isoformat()
        bot.MEMORY_STORE["memories"] = [
            {
                "summary": f"Tony has been planning budget step {index} for his emergency fund.",
                "category": "finance",
                "mood": "neutral",
                "created_at": today,
                "updated_at": today,
            }
            for index in range(20)
        ]
        bot.semantic_memory_matches = lambda *_args, **_kwargs: []
    
>       memories = bot.relevant_memories_for_input("budget and emergency fund planning", limit=20)
                   ^^^^^^^^^^^^^^^^^^^^^^^^^^^^^^^
E       AttributeError: 'DadBot' object has no attribute 'relevant_memories_for_input'

tests\test_memory_manager.py:1085: AttributeError
---------------------------- Captured stdout setup ----------------------------
[DadBot] validate_managers=True
[DadBot] No durable store available, using in-memory state store.
__ test_relevant_memories_for_input_excludes_irrelevant_low_signal_memories ___

bot = <dadbot.core.dadbot.DadBot object at 0x0000021A82353750>

    def test_relevant_memories_for_input_excludes_irrelevant_low_signal_memories(bot):
        today = date.today().isoformat()
        relevant_memory = {
            "summary": "Tony has been saving money for an emergency fund with a weekly budget plan.",
            "category": "finance",
            "mood": "neutral",
            "created_at": today,
            "updated_at": today,
        }
        irrelevant_memory = {
            "summary": "Tony watched a sci-fi movie and liked the soundtrack.",
            "category": "relationships",
            "mood": "positive",
            "created_at": today,
            "updated_at": today,
        }
        bot.MEMORY_STORE["memories"] = [relevant_memory, irrelevant_memory]
        bot.semantic_memory_matches = lambda *_args, **_kwargs: []
    
>       memories = bot.relevant_memories_for_input("help me with my emergency fund budget", limit=5)
                   ^^^^^^^^^^^^^^^^^^^^^^^^^^^^^^^
E       AttributeError: 'DadBot' object has no attribute 'relevant_memories_for_input'

tests\test_memory_manager.py:1109: AttributeError
---------------------------- Captured stdout setup ----------------------------
[DadBot] validate_managers=True
[DadBot] No durable store available, using in-memory state store.
_ test_extract_mood_label_handles_formats_and_aliases[Mood: positive\nReason: Clear excitement and pride.-positive] _

bot = <dadbot.core.dadbot.DadBot object at 0x0000021A82353890>
response_text = 'Mood: positive\nReason: Clear excitement and pride.'
expected = 'positive'

    @pytest.mark.parametrize(
        ("response_text", "expected"),
        [
            ("Mood: positive\nReason: Clear excitement and pride.", "positive"),
            ("dominant mood: anxious", "stressed"),
            ("The mood is burned out because he sounds drained.", "tired"),
            ("He sounds frustrated and fed up.", "frustrated"),
            ("No clear label here.", None),
        ],
    )
    def test_extract_mood_label_handles_formats_and_aliases(bot, response_text, expected):
>       assert bot.mood_manager.extract_label(response_text) == expected
               ^^^^^^^^^^^^^^^^
E       AttributeError: 'DadBot' object has no attribute 'mood_manager'. Did you mean: 'memory_manager'?

tests\test_mood_detection.py:17: AttributeError
---------------------------- Captured stdout setup ----------------------------
[DadBot] validate_managers=True
[DadBot] No durable store available, using in-memory state store.
_ test_extract_mood_label_handles_formats_and_aliases[The mood is burned out because he sounds drained.-tired] _

bot = <dadbot.core.dadbot.DadBot object at 0x0000021A824C4B90>
response_text = 'The mood is burned out because he sounds drained.'
expected = 'tired'

    @pytest.mark.parametrize(
        ("response_text", "expected"),
        [
            ("Mood: positive\nReason: Clear excitement and pride.", "positive"),
            ("dominant mood: anxious", "stressed"),
            ("The mood is burned out because he sounds drained.", "tired"),
            ("He sounds frustrated and fed up.", "frustrated"),
            ("No clear label here.", None),
        ],
    )
    def test_extract_mood_label_handles_formats_and_aliases(bot, response_text, expected):
>       assert bot.mood_manager.extract_label(response_text) == expected
               ^^^^^^^^^^^^^^^^
E       AttributeError: 'DadBot' object has no attribute 'mood_manager'. Did you mean: 'memory_manager'?

tests\test_mood_detection.py:17: AttributeError
---------------------------- Captured stdout setup ----------------------------
[DadBot] validate_managers=True
[DadBot] No durable store available, using in-memory state store.
_ test_extract_mood_label_handles_formats_and_aliases[He sounds frustrated and fed up.-frustrated] _

bot = <dadbot.core.dadbot.DadBot object at 0x0000021A824C51D0>
response_text = 'He sounds frustrated and fed up.', expected = 'frustrated'

    @pytest.mark.parametrize(
        ("response_text", "expected"),
        [
            ("Mood: positive\nReason: Clear excitement and pride.", "positive"),
            ("dominant mood: anxious", "stressed"),
            ("The mood is burned out because he sounds drained.", "tired"),
            ("He sounds frustrated and fed up.", "frustrated"),
            ("No clear label here.", None),
        ],
    )
    def test_extract_mood_label_handles_formats_and_aliases(bot, response_text, expected):
>       assert bot.mood_manager.extract_label(response_text) == expected
               ^^^^^^^^^^^^^^^^
E       AttributeError: 'DadBot' object has no attribute 'mood_manager'. Did you mean: 'memory_manager'?

tests\test_mood_detection.py:17: AttributeError
---------------------------- Captured stdout setup ----------------------------
[DadBot] validate_managers=True
[DadBot] No durable store available, using in-memory state store.
_ test_extract_mood_label_handles_formats_and_aliases[No clear label here.-None] _

bot = <dadbot.core.dadbot.DadBot object at 0x0000021A824C5E50>
response_text = 'No clear label here.', expected = None

    @pytest.mark.parametrize(
        ("response_text", "expected"),
        [
            ("Mood: positive\nReason: Clear excitement and pride.", "positive"),
            ("dominant mood: anxious", "stressed"),
            ("The mood is burned out because he sounds drained.", "tired"),
            ("He sounds frustrated and fed up.", "frustrated"),
            ("No clear label here.", None),
        ],
    )
    def test_extract_mood_label_handles_formats_and_aliases(bot, response_text, expected):
>       assert bot.mood_manager.extract_label(response_text) == expected
               ^^^^^^^^^^^^^^^^
E       AttributeError: 'DadBot' object has no attribute 'mood_manager'. Did you mean: 'memory_manager'?

tests\test_mood_detection.py:17: AttributeError
---------------------------- Captured stdout setup ----------------------------
[DadBot] validate_managers=True
[DadBot] No durable store available, using in-memory state store.
_ test_call_ollama_chat_stream_async_uses_litellm_stream_once_and_awaits_callback _

bot = <dadbot.core.dadbot.DadBot object at 0x0000021A8251DBD0>
monkeypatch = <_pytest.monkeypatch.MonkeyPatch object at 0x0000021AFCFBAB30>

    def test_call_ollama_chat_stream_async_uses_litellm_stream_once_and_awaits_callback(bot, monkeypatch):
        bot.LLM_PROVIDER = "openai"
        bot.LLM_MODEL = "gpt-4o-mini"
    
        guard_calls = []
        delivered_chunks = []
        runtime_calls = []
    
        def fake_guard(messages, purpose="chat"):
            guard_calls.append({"messages": messages, "purpose": purpose})
            return [{"role": "user", "content": "guarded hi"}]
    
        async def unexpected_runtime_fallback(messages, options=None, purpose="chat", chunk_callback=None):
            runtime_calls.append(
                {
                    "messages": messages,
                    "options": options,
                    "purpose": purpose,
                    "chunk_callback": chunk_callback,
                }
            )
            return "unexpected fallback"
    
        class FakeLiteLLM:
            async def acompletion(self, **kwargs):
                assert kwargs["model"] == "openai/gpt-4o-mini"
                assert kwargs["messages"] == [{"role": "user", "content": "guarded hi"}]
                assert kwargs["temperature"] == 0.25
                assert kwargs["stream"] is True
                return FakeAsyncStream(
                    [
                        {"choices": [{"delta": {"content": "Hello"}}]},
                        {"choices": [{"delta": {"content": " there"}}]},
                    ]
                )
    
        async def collect_chunk(chunk):
            delivered_chunks.append(chunk)
    
>       monkeypatch.setattr(bot, "guard_chat_request_messages", fake_guard)
E       AttributeError: <dadbot.core.dadbot.DadBot object at 0x0000021A8251DBD0> has no attribute 'guard_chat_request_messages'

tests\test_multi_llm_async_streaming.py:61: AttributeError
---------------------------- Captured stdout setup ----------------------------
[DadBot] validate_managers=True
[DadBot] No durable store available, using in-memory state store.
_ test_call_ollama_chat_stream_async_falls_back_to_runtime_client_when_litellm_fails _

bot = <dadbot.core.dadbot.DadBot object at 0x0000021A8251E5D0>
monkeypatch = <_pytest.monkeypatch.MonkeyPatch object at 0x0000021A824B02F0>

    def test_call_ollama_chat_stream_async_falls_back_to_runtime_client_when_litellm_fails(bot, monkeypatch):
        bot.LLM_PROVIDER = "openai"
        bot.LLM_MODEL = "gpt-4o-mini"
    
        guard_calls = []
        delivered_chunks = []
        runtime_calls = []
    
        def fake_guard(messages, purpose="chat"):
            guard_calls.append({"messages": messages, "purpose": purpose})
            return [{"role": "user", "content": "guarded fallback"}]
    
        class FakeLiteLLM:
            async def acompletion(self, **kwargs):
                raise RuntimeError(f"provider boom for {kwargs['model']}")
    
        async def fake_runtime_fallback(messages, options=None, purpose="chat", chunk_callback=None):
            runtime_calls.append(
                {
                    "messages": messages,
                    "options": options,
                    "purpose": purpose,
                    "chunk_callback": chunk_callback,
                }
            )
            if chunk_callback is not None:
                await chunk_callback("fallback")
                await chunk_callback(" reply")
            return "fallback reply"
    
        async def collect_chunk(chunk):
            delivered_chunks.append(chunk)
    
>       monkeypatch.setattr(bot, "guard_chat_request_messages", fake_guard)
E       AttributeError: <dadbot.core.dadbot.DadBot object at 0x0000021A8251E5D0> has no attribute 'guard_chat_request_messages'

tests\test_multi_llm_async_streaming.py:114: AttributeError
---------------------------- Captured stdout setup ----------------------------
[DadBot] validate_managers=True
[DadBot] No durable store available, using in-memory state store.
___ TestPhase1ResponseAuthority.test_no_competing_response_selection_paths ____

self = <test_phase1_response_authority.TestPhase1ResponseAuthority object at 0x0000021AFD0A03E0>

    def test_no_competing_response_selection_paths(self):
        """Assert: no other system can independently select or modify final response."""
        from dadbot.managers.reply_finalization import ReplyFinalizationManager
    
        # reply_finalization.append_signoff() is formatting-only, not selection
        mock_bot = Mock()
        mock_bot.APPEND_SIGNOFF = True
        mock_bot.STYLE = {"signoff": "ùDad"}
    
        finalize_mgr = ReplyFinalizationManager(mock_bot)
    
        # append_signoff() should only add signoff, not change selection
        test_reply = "Test response"
        result = finalize_mgr.append_signoff(test_reply)
    
        # Assert: result includes the original response (formatting-only)
        assert test_reply in result, \
            "reply_finalization.append_signoff() must preserve original response"
>       assert "ùDad" in result, \
            "reply_finalization.append_signoff() must add configured signoff"
E       AssertionError: reply_finalization.append_signoff() must add configured signoff
E       assert 'ùDad' in "Test response. <Mock name='mock.profile_runtime.style.get()' id='2312874606080'>"

tests\test_phase1_response_authority.py:96: AssertionError
___ TestPhase1ResponseAuthority.test_reply_finalization_is_formatting_only ____

self = <test_phase1_response_authority.TestPhase1ResponseAuthority object at 0x0000021AFCFED9D0>

    def test_reply_finalization_is_formatting_only(self):
        """Assert: reply_finalization methods do NOT influence which response is selected."""
        from dadbot.managers.reply_finalization import ReplyFinalizationManager
    
        mock_bot = Mock()
        mock_bot.APPEND_SIGNOFF = True
        mock_bot.STYLE = {"signoff": "ùDad"}
        mock_bot.personality_service = Mock()
        mock_bot.personality_service._should_calibrate_pushback = Mock(return_value=False)
    
        finalize = ReplyFinalizationManager(mock_bot)
    
        input_reply = "Here's my response"
        output_reply = finalize.append_signoff(input_reply)
    
        # Assert: finalize only adds signoff, does not change selection
>       assert "ùDad" in output_reply, "append_signoff() must add configured signoff"
E       AssertionError: append_signoff() must add configured signoff
E       assert 'ùDad' in "Here's my response. <Mock name='mock.profile_runtime.style.get()' id='2312878737456'>"

tests\test_phase1_response_authority.py:148: AssertionError
___ TestPhase3EmbeddingLock.test_embedding_version_lock_detects_model_drift ___

self = <test_phase3_world_integration.TestPhase3EmbeddingLock object at 0x0000021AFCFDAFD0>
bot = <dadbot.core.dadbot.DadBot object at 0x0000021A824F9450>

    def test_embedding_version_lock_detects_model_drift(self, bot):
        manager = bot.memory_manager.semantic
>       first = manager._lock_embedding_version(model_name="m1", vector_size=12)
                ^^^^^^^^^^^^^^^^^^^^^^^^^^^^^^^
E       AttributeError: 'NoneType' object has no attribute '_lock_embedding_version'

tests\test_phase3_world_integration.py:92: AttributeError
---------------------------- Captured stdout setup ----------------------------
[DadBot] validate_managers=True
[DadBot] No durable store available, using in-memory state store.
_ TestPhase3EmbeddingLock.test_semantic_retrieval_signature_stable_across_model_switch _

self = <test_phase3_world_integration.TestPhase3EmbeddingLock object at 0x0000021AFCFDB110>
bot = <dadbot.core.dadbot.DadBot object at 0x0000021A824F8F50>
monkeypatch = <_pytest.monkeypatch.MonkeyPatch object at 0x0000021A8250D630>

    def test_semantic_retrieval_signature_stable_across_model_switch(self, bot, monkeypatch):
        manager = bot.memory_manager.semantic
    
        def _stable_embed(texts, purpose="semantic retrieval"):
            values = [texts] if isinstance(texts, str) else list(texts)
            out = []
            for value in values:
                token = str(value).lower()
                out.append([1.0 if "money" in token else 0.0] * 12)
            return out
    
>       monkeypatch.setattr(manager, "embed_texts", _stable_embed)
E       AttributeError: None has no attribute 'embed_texts'

tests\test_phase3_world_integration.py:108: AttributeError
---------------------------- Captured stdout setup ----------------------------
[DadBot] validate_managers=True
[DadBot] No durable store available, using in-memory state store.
_ TestPhase4ARealCheckpointing.test_orchestrator_restores_state_after_simulated_restart _
async def functions are not natively supported.
You need to install a suitable plugin for your async framework, for example:
  - anyio
  - pytest-asyncio
  - pytest-tornasync
  - pytest-trio
  - pytest-twisted
_ TestPhase4ARealCheckpointing.test_determinism_fields_present_in_saved_checkpoint _
async def functions are not natively supported.
You need to install a suitable plugin for your async framework, for example:
  - anyio
  - pytest-asyncio
  - pytest-tornasync
  - pytest-trio
  - pytest-twisted
_ TestPhase4ARealCheckpointing.test_checkpoint_write_log_records_success_row __
async def functions are not natively supported.
You need to install a suitable plugin for your async framework, for example:
  - anyio
  - pytest-asyncio
  - pytest-tornasync
  - pytest-trio
  - pytest-twisted
__ TestPhase4ARealCheckpointing.test_manifest_drift_warning_in_lenient_mode ___
async def functions are not natively supported.
You need to install a suitable plugin for your async framework, for example:
  - anyio
  - pytest-asyncio
  - pytest-tornasync
  - pytest-trio
  - pytest-twisted
_ TestPhase4ADeterminismVeriication.test_lock_hash_stable_across_identical_inputs _
async def functions are not natively supported.
You need to install a suitable plugin for your async framework, for example:
  - anyio
  - pytest-asyncio
  - pytest-tornasync
  - pytest-trio
  - pytest-twisted
_ TestPhase4ADeterminismVeriication.test_tool_trace_hash_present_and_non_empty_after_real_turn _
async def functions are not natively supported.
You need to install a suitable plugin for your async framework, for example:
  - anyio
  - pytest-asyncio
  - pytest-tornasync
  - pytest-trio
  - pytest-twisted
_ TestPhase4ADeterminismVeriication.test_checkpoint_chain_integrity_after_two_real_turns _
async def functions are not natively supported.
You need to install a suitable plugin for your async framework, for example:
  - anyio
  - pytest-asyncio
  - pytest-tornasync
  - pytest-trio
  - pytest-twisted
_ TestPhase4ADeterminismVeriication.test_persistence_metrics_are_observable_per_session _
async def functions are not natively supported.
You need to install a suitable plugin for your async framework, for example:
  - anyio
  - pytest-asyncio
  - pytest-tornasync
  - pytest-trio
  - pytest-twisted
_ TestPhase4ATrueProcessRestart.test_checkpoint_survives_real_process_boundary _
async def functions are not natively supported.
You need to install a suitable plugin for your async framework, for example:
  - anyio
  - pytest-asyncio
  - pytest-tornasync
  - pytest-trio
  - pytest-twisted
_ TestPhase4AToolDeterminismAcrossRestarts.test_tool_trace_hash_stable_across_independent_sessions _
async def functions are not natively supported.
You need to install a suitable plugin for your async framework, for example:
  - anyio
  - pytest-asyncio
  - pytest-tornasync
  - pytest-trio
  - pytest-twisted
_ TestPhase4AToolDeterminismAcrossRestarts.test_tool_trace_hash_survives_checkpoint_round_trip _
async def functions are not natively supported.
You need to install a suitable plugin for your async framework, for example:
  - anyio
  - pytest-asyncio
  - pytest-tornasync
  - pytest-trio
  - pytest-twisted
_ TestPhase4AToolDeterminismAcrossRestarts.test_tool_trace_hash_changes_with_different_inputs _
async def functions are not natively supported.
You need to install a suitable plugin for your async framework, for example:
  - anyio
  - pytest-asyncio
  - pytest-tornasync
  - pytest-trio
  - pytest-twisted
____ TestPhase4AScaleAndPruning.test_pruning_enforced_after_hundred_turns _____
async def functions are not natively supported.
You need to install a suitable plugin for your async framework, for example:
  - anyio
  - pytest-asyncio
  - pytest-tornasync
  - pytest-trio
  - pytest-twisted
_____ TestPhase4AScaleAndPruning.test_concurrent_sessions_remain_isolated _____
async def functions are not natively supported.
You need to install a suitable plugin for your async framework, for example:
  - anyio
  - pytest-asyncio
  - pytest-tornasync
  - pytest-trio
  - pytest-twisted
_____ TestPhase4AScaleAndPruning.test_prune_returns_correct_deleted_count _____
async def functions are not natively supported.
You need to install a suitable plugin for your async framework, for example:
  - anyio
  - pytest-asyncio
  - pytest-tornasync
  - pytest-trio
  - pytest-twisted
____ TestPhase4ALargeStateCheckpoint.test_large_state_round_trip_fidelity _____

self = <test_phase4a.TestPhase4ALargeStateCheckpoint object at 0x0000021AFD105310>
phase4a_db_path = 'C:\\Users\\josep\\AppData\\Local\\Temp\\tmperds4ajr\\phase4a_a8f7af9099f444cf9f132ded14552cd4.db'

    def test_large_state_round_trip_fidelity(self, phase4a_db_path):
        import json as _json
        from dadbot.core.persistence import SQLiteCheckpointer
    
        cp = SQLiteCheckpointer(phase4a_db_path, auto_migrate=True, prune_every=0)
        large_state = sel._build_large_state(target_kb=512)
    
        import hashlib as _hashlib
    
>       state_json = _json.dumps(large_state, sort_keys=True, deault=str)
                     ^^^^^^^^^^^^^^^^^^^^^^^^^^^^^^^^^^^^^^^^^^^^^^^^^^^^

tests\test_phase4a.py:1137: 
_ _ _ _ _ _ _ _ _ _ _ _ _ _ _ _ _ _ _ _ _ _ _ _ _ _ _ _ _ _ _ _ _ _ _ _ _ _ _ _

obj = 'large_state', skipkeys = False, ensure_ascii = True
check_circular = True, allow_nan = True
cls = <class 'json.encoder.JSONEncoder'>, indent = None, separators = None
default = None

    def dumps(obj, *, skipkeys=False, ensure_ascii=True, check_circular=True,
            allow_nan=True, cls=None, indent=None, separators=None,
            default=None, sort_keys=False, **kw):
        """Serialize ``obj`` to a JSON formatted ``str``.
    
        If ``skipkeys`` is true then ``dict`` keys that are not basic types
        (``str``, ``int``, ``float``, ``bool``, ``None``) will be skipped
        instead of raising a ``TypeError``.
    
        If ``ensure_ascii`` is false, then the return value can contain non-ASCII
        characters if they appear in strings contained in ``obj``. Otherwise, all
        such characters are escaped in JSON strings.
    
        If ``check_circular`` is false, then the circular reference check
        for container types will be skipped and a circular reference will
        result in an ``RecursionError`` (or worse).
    
        If ``allow_nan`` is false, then it will be a ``ValueError`` to
        serialize out of range ``float`` values (``nan``, ``inf``, ``-inf``) in
        strict compliance of the JSON specification, instead of using the
        JavaScript equivalents (``NaN``, ``Infinity``, ``-Infinity``).
    
        If ``indent`` is a non-negative integer, then JSON array elements and
        object members will be pretty-printed with that indent level. An indent
        level of 0 will only insert newlines. ``None`` is the most compact
        representation.
    
        If specified, ``separators`` should be an ``(item_separator, key_separator)``
        tuple.  The default is ``(', ', ': ')`` if *indent* is ``None`` and
        ``(',', ': ')`` otherwise.  To get the most compact JSON representation,
        you should specify ``(',', ':')`` to eliminate whitespace.
    
        ``default(obj)`` is a function that should return a serializable version
        of obj or raise TypeError. The default simply raises TypeError.
    
        If *sort_keys* is true (default: ``False``), then the output of
        dictionaries will be sorted by key.
    
        To use a custom ``JSONEncoder`` subclass (e.g. one that overrides the
        ``.default()`` method to serialize additional types), specify it with
        the ``cls`` kwarg; otherwise ``JSONEncoder`` is used.
    
        """
        # cached encoder
        if (not skipkeys and ensure_ascii and
            check_circular and allow_nan and
            cls is None and indent is None and separators is None and
            default is None and not sort_keys and not kw):
            return _default_encoder.encode(obj)
        if cls is None:
            cls = JSONEncoder
>       return cls(
            skipkeys=skipkeys, ensure_ascii=ensure_ascii,
            check_circular=check_circular, allow_nan=allow_nan, indent=indent,
            separators=separators, default=default, sort_keys=sort_keys,
            **kw).encode(obj)
E       TypeError: JSONEncoder.__init__() got an unexpected keyword argument 'deault'. Did you mean 'default'?

..\..\..\AppData\Local\Programs\Python\Python313\Lib\json\__init__.py:234: TypeError
_ TestPhase4ALargeStateCheckpoint.test_orchestrator_handles_large_preloaded_state _
async def functions are not natively supported.
You need to install a suitable plugin for your async framework, for example:
  - anyio
  - pytest-asyncio
  - pytest-tornasync
  - pytest-trio
  - pytest-twisted
_ TestPhase4AEmbeddingDriftStress.test_embedding_version_mismatch_mid_session_is_detected _

self = <test_phase4a_adversarial_collapse.TestPhase4AEmbeddingDriftStress object at 0x0000021AFD1060D0>
bot = <dadbot.core.dadbot.DadBot object at 0x0000021A824FA850>

    def test_embedding_version_mismatch_mid_session_is_detected(self, bot):
        manager = bot.memory_manager.semantic
>       first = manager._lock_embedding_version(model_name="embed-v1", vector_size=12)
                ^^^^^^^^^^^^^^^^^^^^^^^^^^^^^^^
E       AttributeError: 'NoneType' object has no attribute '_lock_embedding_version'

tests\test_phase4a_adversarial_collapse.py:193: AttributeError
---------------------------- Captured stdout setup ----------------------------
[DadBot] validate_managers=True
[DadBot] No durable store available, using in-memory state store.
_ TestPhase4AEmbeddingDriftStress.test_partial_lock_failure_does_not_silently_update_boundary _

self = <test_phase4a_adversarial_collapse.TestPhase4AEmbeddingDriftStress object at 0x0000021AFD106210>
bot = <dadbot.core.dadbot.DadBot object at 0x0000021A82564A50>
monkeypatch = <_pytest.monkeypatch.MonkeyPatch object at 0x0000021A8250FE00>

    def test_partial_lock_failure_does_not_silently_update_boundary(self, bot, monkeypatch):
        manager = bot.memory_manager.semantic
>       manager._lock_embedding_version(model_name="embed-stable", vector_size=12)
        ^^^^^^^^^^^^^^^^^^^^^^^^^^^^^^^
E       AttributeError: 'NoneType' object has no attribute '_lock_embedding_version'

tests\test_phase4a_adversarial_collapse.py:200: AttributeError
---------------------------- Captured stdout setup ----------------------------
[DadBot] validate_managers=True
[DadBot] No durable store available, using in-memory state store.
______________ TestPhase1MockExecution.test_trace_structure_mock ______________

self = <test_phase4a_fixed.TestPhase1MockExecution object at 0x0000021AFD0A1E00>

    def test_trace_structure_mock(self):
        """Phase 1: Trace structure is correct."""
        runner = BenchmarkRunner(strict=False, mode="mock")
        results = runner.run_all_scenarios()
    
        for result in results:
            # Execution struct
            execution = result["execution"]
            assert "completed" in execution
            assert "steps" in execution
            assert "error" in execution
    
            # Trace struct
            trace = result["trace"]
            assert "planner_output" in trace
            assert "tools_executed" in trace
            assert "memory_accessed" in trace
>           assert "inal_response" in trace
E           AssertionError: assert 'inal_response' in {'final_response': '[PHASE 1 MOCK] Response for: I want to plan a surprise birthday party for a fri...', 'memory_acces... [], 'planner_output': {'plan': 'Plan: I want to plan a surprise birthday party...', 'steps': 3}, 'tools_executed': []}

tests\test_phase4a_fixed.py:168: AssertionError
_____________ TestScenarioSuiteValidation.test_scenario_structure _____________

self = <test_phase4a_fixed.TestScenarioSuiteValidation object at 0x0000021AFD107250>

    def test_scenario_structure(self):
        """Veriy each scenario has required ields."""
        required_ields = [
            "name",
            "category",
            "input_text",
            "expected_capabilities",
            "success_criteria",
            "description",
        ]
    
        for scenario in SCENARIOS:
>           for field in required_fields:
                         ^^^^^^^^^^^^^^^
E           NameError: name 'required_fields' is not defined

tests\test_phase4a_fixed.py:486: NameError
_ TestPhase4ARealCheckpointing.test_orchestrator_saves_checkpoint_after_real_turn _
async def functions are not natively supported.
You need to install a suitable plugin for your async framework, for example:
  - anyio
  - pytest-asyncio
  - pytest-tornasync
  - pytest-trio
  - pytest-twisted
_ TestPhase4ARealCheckpointing.test_orchestrator_hard_fails_when_confluence_key_omitted_in_strict_mode _
async def functions are not natively supported.
You need to install a suitable plugin for your async framework, for example:
  - anyio
  - pytest-asyncio
  - pytest-tornasync
  - pytest-trio
  - pytest-twisted
_ TestPhase4ARealCheckpointing.test_orchestrator_restores_state_after_simulated_restart _
async def functions are not natively supported.
You need to install a suitable plugin for your async framework, for example:
  - anyio
  - pytest-asyncio
  - pytest-tornasync
  - pytest-trio
  - pytest-twisted
_ TestPhase4ARealCheckpointing.test_determinism_fields_present_in_saved_checkpoint _
async def functions are not natively supported.
You need to install a suitable plugin for your async framework, for example:
  - anyio
  - pytest-asyncio
  - pytest-tornasync
  - pytest-trio
  - pytest-twisted
_ TestPhase4ARealCheckpointing.test_checkpoint_write_log_records_success_row __
async def functions are not natively supported.
You need to install a suitable plugin for your async framework, for example:
  - anyio
  - pytest-asyncio
  - pytest-tornasync
  - pytest-trio
  - pytest-twisted
__ TestPhase4ARealCheckpointing.test_manifest_drift_warning_in_lenient_mode ___
async def functions are not natively supported.
You need to install a suitable plugin for your async framework, for example:
  - anyio
  - pytest-asyncio
  - pytest-tornasync
  - pytest-trio
  - pytest-twisted
_ TestPhase4ADeterminismVeriication.test_lock_hash_stable_across_identical_inputs _
async def functions are not natively supported.
You need to install a suitable plugin for your async framework, for example:
  - anyio
  - pytest-asyncio
  - pytest-tornasync
  - pytest-trio
  - pytest-twisted
_ TestPhase4ADeterminismVeriication.test_tool_trace_hash_present_and_non_empty_after_real_turn _
async def functions are not natively supported.
You need to install a suitable plugin for your async framework, for example:
  - anyio
  - pytest-asyncio
  - pytest-tornasync
  - pytest-trio
  - pytest-twisted
_ TestPhase4ADeterminismVeriication.test_checkpoint_chain_integrity_after_two_real_turns _
async def functions are not natively supported.
You need to install a suitable plugin for your async framework, for example:
  - anyio
  - pytest-asyncio
  - pytest-tornasync
  - pytest-trio
  - pytest-twisted
_ TestPhase4ADeterminismVeriication.test_persistence_metrics_are_observable_per_session _
async def functions are not natively supported.
You need to install a suitable plugin for your async framework, for example:
  - anyio
  - pytest-asyncio
  - pytest-tornasync
  - pytest-trio
  - pytest-twisted
_ TestPhase4ATrueProcessRestart.test_checkpoint_survives_real_process_boundary _
async def functions are not natively supported.
You need to install a suitable plugin for your async framework, for example:
  - anyio
  - pytest-asyncio
  - pytest-tornasync
  - pytest-trio
  - pytest-twisted
_ TestPhase4AToolDeterminismAcrossRestarts.test_tool_trace_hash_stable_across_independent_sessions _
async def functions are not natively supported.
You need to install a suitable plugin for your async framework, for example:
  - anyio
  - pytest-asyncio
  - pytest-tornasync
  - pytest-trio
  - pytest-twisted
_ TestPhase4AToolDeterminismAcrossRestarts.test_tool_trace_hash_survives_checkpoint_round_trip _
async def functions are not natively supported.
You need to install a suitable plugin for your async framework, for example:
  - anyio
  - pytest-asyncio
  - pytest-tornasync
  - pytest-trio
  - pytest-twisted
_ TestPhase4AToolDeterminismAcrossRestarts.test_tool_trace_hash_changes_with_different_inputs _
async def functions are not natively supported.
You need to install a suitable plugin for your async framework, for example:
  - anyio
  - pytest-asyncio
  - pytest-tornasync
  - pytest-trio
  - pytest-twisted
____ TestPhase4AScaleAndPruning.test_pruning_enforced_after_hundred_turns _____
async def functions are not natively supported.
You need to install a suitable plugin for your async framework, for example:
  - anyio
  - pytest-asyncio
  - pytest-tornasync
  - pytest-trio
  - pytest-twisted
_____ TestPhase4AScaleAndPruning.test_concurrent_sessions_remain_isolated _____
async def functions are not natively supported.
You need to install a suitable plugin for your async framework, for example:
  - anyio
  - pytest-asyncio
  - pytest-tornasync
  - pytest-trio
  - pytest-twisted
_____ TestPhase4AScaleAndPruning.test_prune_returns_correct_deleted_count _____
async def functions are not natively supported.
You need to install a suitable plugin for your async framework, for example:
  - anyio
  - pytest-asyncio
  - pytest-tornasync
  - pytest-trio
  - pytest-twisted
____ TestPhase4ALargeStateCheckpoint.test_large_state_round_trip_fidelity _____

self = <test_phase4a_fixed.TestPhase4ALargeStateCheckpoint object at 0x0000021AFD107ED0>
phase4a_db_path = 'C:\\Users\\josep\\AppData\\Local\\Temp\\tmp6a0uf19_\\phase4a_04b1059a16fd4af1b90ab9c92a4db42c.db'

    def test_large_state_round_trip_fidelity(self, phase4a_db_path):
        """A ~512 KB state blob written and read back is bit-or-bit identical."""
        import json as _json
    
        from dadbot.core.persistence import SQLiteCheckpointer
    
        cp = SQLiteCheckpointer(phase4a_db_path, auto_migrate=True, prune_every=0)
>       large_state = self._build_large_state(target_kb=512)
                      ^^^^^^^^^^^^^^^^^^^^^^^^^^^^^^^^^^^^^^

tests\test_phase4a_fixed.py:1323: 
_ _ _ _ _ _ _ _ _ _ _ _ _ _ _ _ _ _ _ _ _ _ _ _ _ _ _ _ _ _ _ _ _ _ _ _ _ _ _ _

target_kb = 512

    @staticmethod
    def _build_large_state(target_kb: int = 512) -> dict:
        """Build a synthetic state dict o approximately *target_kb* KB."""
        import random as _random
        import string
        rng = _random.Random(42)  # Deterministic seed
    
        def rand_str(n: int) -> str:
            return "".join(rng.choices(string.ascii_letters + string.digits + " .,!?", k=n))
    
        goals = [
            {
                "id": f"goal-{i}",
                "title": rand_str(60),
                "description": rand_str(200),
                "status": rng.choice(["active", "completed", "pending"]),
                "priority": rng.randint(1, 10),
                "subtasks": [rand_str(80) for _ in range(5)],
            }
            for i in range(80)
        ]
        memories = [rand_str(300) for _ in range(200)]
        tool_results = [
            {
                "tool": "tool_{j}",
                "output": rand_str(500),
                "status": "ok",
>               "latency_ms": rng.uniorm(10, 500),
                              ^^^^^^^^^^
            }
            or j in range(100)
        ]
E       AttributeError: 'Random' object has no attribute 'uniorm'. Did you mean: 'uniform'?

tests\test_phase4a_fixed.py:1302: AttributeError
_ TestPhase4ALargeStateCheckpoint.test_large_state_metadata_survives_round_trip _

self = <test_phase4a_fixed.TestPhase4ALargeStateCheckpoint object at 0x0000021AFD16C050>
phase4a_db_path = 'C:\\Users\\josep\\AppData\\Local\\Temp\\tmp3iw4ifbz\\phase4a_f739d206c25349a38d3df4ad75ae91b9.db'

    def test_large_state_metadata_survives_round_trip(self, phase4a_db_path):
        """Determinism metadata stored alongside a large state is preserved intact."""
        import hashlib as _hashlib
    
        from dadbot.core.persistence import SQLiteCheckpointer
    
        cp = SQLiteCheckpointer(phase4a_db_path, auto_migrate=True, prune_every=0)
>       large_state = self._build_large_state(target_kb=256)
                      ^^^^^^^^^^^^^^^^^^^^^^^^^^^^^^^^^^^^^^

tests\test_phase4a_fixed.py:1364: 
_ _ _ _ _ _ _ _ _ _ _ _ _ _ _ _ _ _ _ _ _ _ _ _ _ _ _ _ _ _ _ _ _ _ _ _ _ _ _ _

target_kb = 256

    @staticmethod
    def _build_large_state(target_kb: int = 512) -> dict:
        """Build a synthetic state dict o approximately *target_kb* KB."""
        import random as _random
        import string
        rng = _random.Random(42)  # Deterministic seed
    
        def rand_str(n: int) -> str:
            return "".join(rng.choices(string.ascii_letters + string.digits + " .,!?", k=n))
    
        goals = [
            {
                "id": f"goal-{i}",
                "title": rand_str(60),
                "description": rand_str(200),
                "status": rng.choice(["active", "completed", "pending"]),
                "priority": rng.randint(1, 10),
                "subtasks": [rand_str(80) for _ in range(5)],
            }
            for i in range(80)
        ]
        memories = [rand_str(300) for _ in range(200)]
        tool_results = [
            {
                "tool": "tool_{j}",
                "output": rand_str(500),
                "status": "ok",
>               "latency_ms": rng.uniorm(10, 500),
                              ^^^^^^^^^^
            }
            or j in range(100)
        ]
E       AttributeError: 'Random' object has no attribute 'uniorm'. Did you mean: 'uniform'?

tests\test_phase4a_fixed.py:1302: AttributeError
_ TestPhase4ALargeStateCheckpoint.test_orchestrator_handles_large_preloaded_state _
async def functions are not natively supported.
You need to install a suitable plugin for your async framework, for example:
  - anyio
  - pytest-asyncio
  - pytest-tornasync
  - pytest-trio
  - pytest-twisted
_ TestPhase4ARealCheckpointing.test_orchestrator_restores_state_after_simulated_restart _
async def functions are not natively supported.
You need to install a suitable plugin for your async framework, for example:
  - anyio
  - pytest-asyncio
  - pytest-tornasync
  - pytest-trio
  - pytest-twisted
_ TestPhase4ARealCheckpointing.test_determinism_fields_present_in_saved_checkpoint _
async def functions are not natively supported.
You need to install a suitable plugin for your async framework, for example:
  - anyio
  - pytest-asyncio
  - pytest-tornasync
  - pytest-trio
  - pytest-twisted
_ TestPhase4ARealCheckpointing.test_checkpoint_write_log_records_success_row __
async def functions are not natively supported.
You need to install a suitable plugin for your async framework, for example:
  - anyio
  - pytest-asyncio
  - pytest-tornasync
  - pytest-trio
  - pytest-twisted
__ TestPhase4ARealCheckpointing.test_manifest_drift_warning_in_lenient_mode ___
async def functions are not natively supported.
You need to install a suitable plugin for your async framework, for example:
  - anyio
  - pytest-asyncio
  - pytest-tornasync
  - pytest-trio
  - pytest-twisted
_ TestPhase4ADeterminismVeriication.test_lock_hash_stable_across_identical_inputs _
async def functions are not natively supported.
You need to install a suitable plugin for your async framework, for example:
  - anyio
  - pytest-asyncio
  - pytest-tornasync
  - pytest-trio
  - pytest-twisted
_ TestPhase4ADeterminismVeriication.test_tool_trace_hash_present_and_non_empty_after_real_turn _
async def functions are not natively supported.
You need to install a suitable plugin for your async framework, for example:
  - anyio
  - pytest-asyncio
  - pytest-tornasync
  - pytest-trio
  - pytest-twisted
_ TestPhase4ADeterminismVeriication.test_checkpoint_chain_integrity_after_two_real_turns _
async def functions are not natively supported.
You need to install a suitable plugin for your async framework, for example:
  - anyio
  - pytest-asyncio
  - pytest-tornasync
  - pytest-trio
  - pytest-twisted
_ TestPhase4ADeterminismVeriication.test_persistence_metrics_are_observable_per_session _
async def functions are not natively supported.
You need to install a suitable plugin for your async framework, for example:
  - anyio
  - pytest-asyncio
  - pytest-tornasync
  - pytest-trio
  - pytest-twisted
_ TestPhase4ATrueProcessRestart.test_checkpoint_survives_real_process_boundary _
async def functions are not natively supported.
You need to install a suitable plugin for your async framework, for example:
  - anyio
  - pytest-asyncio
  - pytest-tornasync
  - pytest-trio
  - pytest-twisted
_ TestPhase4AToolDeterminismAcrossRestarts.test_tool_trace_hash_stable_across_independent_sessions _
async def functions are not natively supported.
You need to install a suitable plugin for your async framework, for example:
  - anyio
  - pytest-asyncio
  - pytest-tornasync
  - pytest-trio
  - pytest-twisted
_ TestPhase4AToolDeterminismAcrossRestarts.test_tool_trace_hash_survives_checkpoint_round_trip _
async def functions are not natively supported.
You need to install a suitable plugin for your async framework, for example:
  - anyio
  - pytest-asyncio
  - pytest-tornasync
  - pytest-trio
  - pytest-twisted
_ TestPhase4AToolDeterminismAcrossRestarts.test_tool_trace_hash_changes_with_different_inputs _
async def functions are not natively supported.
You need to install a suitable plugin for your async framework, for example:
  - anyio
  - pytest-asyncio
  - pytest-tornasync
  - pytest-trio
  - pytest-twisted
____ TestPhase4AScaleAndPruning.test_pruning_enforced_after_hundred_turns _____
async def functions are not natively supported.
You need to install a suitable plugin for your async framework, for example:
  - anyio
  - pytest-asyncio
  - pytest-tornasync
  - pytest-trio
  - pytest-twisted
_____ TestPhase4AScaleAndPruning.test_concurrent_sessions_remain_isolated _____
async def functions are not natively supported.
You need to install a suitable plugin for your async framework, for example:
  - anyio
  - pytest-asyncio
  - pytest-tornasync
  - pytest-trio
  - pytest-twisted
_____ TestPhase4AScaleAndPruning.test_prune_returns_correct_deleted_count _____
async def functions are not natively supported.
You need to install a suitable plugin for your async framework, for example:
  - anyio
  - pytest-asyncio
  - pytest-tornasync
  - pytest-trio
  - pytest-twisted
____ TestPhase4ALargeStateCheckpoint.test_large_state_round_trip_fidelity _____

self = <tests.test_phase4a.TestPhase4ALargeStateCheckpoint object at 0x0000021AFD51C690>
phase4a_db_path = 'C:\\Users\\josep\\AppData\\Local\\Temp\\tmp3vb3rvm5\\phase4a_31697dccb4dd4720abebd84cecf209ba.db'

    def test_large_state_round_trip_fidelity(self, phase4a_db_path):
        import json as _json
        from dadbot.core.persistence import SQLiteCheckpointer
    
        cp = SQLiteCheckpointer(phase4a_db_path, auto_migrate=True, prune_every=0)
        large_state = sel._build_large_state(target_kb=512)
    
        import hashlib as _hashlib
    
>       state_json = _json.dumps(large_state, sort_keys=True, deault=str)
                     ^^^^^^^^^^^^^^^^^^^^^^^^^^^^^^^^^^^^^^^^^^^^^^^^^^^^

tests\test_phase4a.py:1137: 
_ _ _ _ _ _ _ _ _ _ _ _ _ _ _ _ _ _ _ _ _ _ _ _ _ _ _ _ _ _ _ _ _ _ _ _ _ _ _ _

obj = 'large_state', skipkeys = False, ensure_ascii = True
check_circular = True, allow_nan = True
cls = <class 'json.encoder.JSONEncoder'>, indent = None, separators = None
default = None

    def dumps(obj, *, skipkeys=False, ensure_ascii=True, check_circular=True,
            allow_nan=True, cls=None, indent=None, separators=None,
            default=None, sort_keys=False, **kw):
        """Serialize ``obj`` to a JSON formatted ``str``.
    
        If ``skipkeys`` is true then ``dict`` keys that are not basic types
        (``str``, ``int``, ``float``, ``bool``, ``None``) will be skipped
        instead of raising a ``TypeError``.
    
        If ``ensure_ascii`` is false, then the return value can contain non-ASCII
        characters if they appear in strings contained in ``obj``. Otherwise, all
        such characters are escaped in JSON strings.
    
        If ``check_circular`` is false, then the circular reference check
        for container types will be skipped and a circular reference will
        result in an ``RecursionError`` (or worse).
    
        If ``allow_nan`` is false, then it will be a ``ValueError`` to
        serialize out of range ``float`` values (``nan``, ``inf``, ``-inf``) in
        strict compliance of the JSON specification, instead of using the
        JavaScript equivalents (``NaN``, ``Infinity``, ``-Infinity``).
    
        If ``indent`` is a non-negative integer, then JSON array elements and
        object members will be pretty-printed with that indent level. An indent
        level of 0 will only insert newlines. ``None`` is the most compact
        representation.
    
        If specified, ``separators`` should be an ``(item_separator, key_separator)``
        tuple.  The default is ``(', ', ': ')`` if *indent* is ``None`` and
        ``(',', ': ')`` otherwise.  To get the most compact JSON representation,
        you should specify ``(',', ':')`` to eliminate whitespace.
    
        ``default(obj)`` is a function that should return a serializable version
        of obj or raise TypeError. The default simply raises TypeError.
    
        If *sort_keys* is true (default: ``False``), then the output of
        dictionaries will be sorted by key.
    
        To use a custom ``JSONEncoder`` subclass (e.g. one that overrides the
        ``.default()`` method to serialize additional types), specify it with
        the ``cls`` kwarg; otherwise ``JSONEncoder`` is used.
    
        """
        # cached encoder
        if (not skipkeys and ensure_ascii and
            check_circular and allow_nan and
            cls is None and indent is None and separators is None and
            default is None and not sort_keys and not kw):
            return _default_encoder.encode(obj)
        if cls is None:
            cls = JSONEncoder
>       return cls(
            skipkeys=skipkeys, ensure_ascii=ensure_ascii,
            check_circular=check_circular, allow_nan=allow_nan, indent=indent,
            separators=separators, default=default, sort_keys=sort_keys,
            **kw).encode(obj)
E       TypeError: JSONEncoder.__init__() got an unexpected keyword argument 'deault'. Did you mean 'default'?

..\..\..\AppData\Local\Programs\Python\Python313\Lib\json\__init__.py:234: TypeError
_ TestPhase4ALargeStateCheckpoint.test_orchestrator_handles_large_preloaded_state _
async def functions are not natively supported.
You need to install a suitable plugin for your async framework, for example:
  - anyio
  - pytest-asyncio
  - pytest-tornasync
  - pytest-trio
  - pytest-twisted
_______________ TestObservability.test_scheduler_emits_metrics ________________

self = <test_production_hardening_wave3.TestObservability object at 0x0000021AFD5B4050>

    def test_scheduler_emits_metrics(self):
        metrics = get_metrics()
        metrics.reset()
    
        async def _run():
            from dadbot.core.control_plane import ExecutionControlPlane, SessionRegistry
    
            async def executor(session, job):
                return {"reply": "ok"}
    
            plane = ExecutionControlPlane(
                registry=SessionRegistry(),
                kernel_executor=executor,
            )
            return await plane.submit_turn(session_id="metrics-sess", user_input="hi")
    
>       asyncio.run(_run())

tests\test_production_hardening_wave3.py:449: 
_ _ _ _ _ _ _ _ _ _ _ _ _ _ _ _ _ _ _ _ _ _ _ _ _ _ _ _ _ _ _ _ _ _ _ _ _ _ _ _
..\..\..\AppData\Local\Programs\Python\Python313\Lib\asyncio\runners.py:195: in run
    return runner.run(main)
           ^^^^^^^^^^^^^^^^
..\..\..\AppData\Local\Programs\Python\Python313\Lib\asyncio\runners.py:118: in run
    return self._loop.run_until_complete(task)
           ^^^^^^^^^^^^^^^^^^^^^^^^^^^^^^^^^^^
..\..\..\AppData\Local\Programs\Python\Python313\Lib\asyncio\base_events.py:725: in run_until_complete
    return future.result()
           ^^^^^^^^^^^^^^^
tests\test_production_hardening_wave3.py:447: in _run
    return await plane.submit_turn(session_id="metrics-sess", user_input="hi")
           ^^^^^^^^^^^^^^^^^^^^^^^^^^^^^^^^^^^^^^^^^^^^^^^^^^^^^^^^^^^^^^^^^^^
dadbot\core\control_plane.py:3648: in submit_turn
    return await self.kernel_gateway.submit_turn(
dadbot\core\kernel_gateway.py:127: in submit_turn
    return await self._control_plane._submit_turn_kernel(
dadbot\core\control_plane.py:3584: in _submit_turn_kernel
    return await _run_submit_execution_phase_impl(
dadbot\core\control_plane_submit_execution.py:48: in _run_submit_execution_phase_impl
    finalized = control_plane._finalize_submit_success(
dadbot\core\control_plane.py:3234: in _finalize_submit_success
    self._assert_complete_run_contract(
_ _ _ _ _ _ _ _ _ _ _ _ _ _ _ _ _ _ _ _ _ _ _ _ _ _ _ _ _ _ _ _ _ _ _ _ _ _ _ _

self = <dadbot.core.control_plane.ExecutionControlPlane object at 0x0000021A82567250>

    def _assert_complete_run_contract(
        self,
        *,
        job: ExecutionJob,
        result: FinalizedTurnResult,
        phase: str,
    ) -> None:
        """Enforce complete-run contract before returning a finalized turn result."""
        trace_id = str(job.trace_id or "").strip()
        job_id = str(job.job_id or "").strip()
        if not trace_id or not job_id:
            raise InvariantViolation(
                "Complete-run contract violated: missing stable execution identity",
                context={"phase": str(phase or ""), "trace_id": trace_id, "job_id": job_id},
            )
    
        projection = self.lifecycle_projection.get(job_id)
        if projection is None or projection.status not in {ExecutionStatus.COMPLETED, ExecutionStatus.FAILED}:
            raise InvariantViolation(
                "Complete-run contract violated: execution lifecycle is not terminal",
                context={
                    "phase": str(phase or ""),
                    "trace_id": trace_id,
                    "job_id": job_id,
                    "projection_status": "" if projection is None else str(projection.status.value),
                },
            )
    
        execution_result = ensure_unified_execution_result(dict(job.metadata.get("execution_result") or {}))
        status = str(execution_result.get("status") or "").strip().lower()
        if status not in _TERMINAL_STATUS_VALUES:
            raise InvariantViolation(
                "Complete-run contract violated: execution_result status is not terminal",
                context={
                    "phase": str(phase or ""),
                    "trace_id": trace_id,
                    "job_id": job_id,
                    "execution_result_status": status,
                },
            )
    
        execution_state = dict(job.metadata.get("execution_state") or {})
        terminal_turn_state = str(
            execution_state.get("terminal_turn_state") or job.metadata.get("terminal_turn_state") or "",
        ).strip().upper()
        allowed_terminal_turn_states = {state.value for state in TurnTerminalState}
        if terminal_turn_state not in allowed_terminal_turn_states:
            raise InvariantViolation(
                "Complete-run contract violated: missing or invalid terminal_turn_state",
                context={
                    "phase": str(phase or ""),
                    "trace_id": trace_id,
                    "job_id": job_id,
                    "terminal_turn_state": terminal_turn_state,
                    "allowed_terminal_turn_states": sorted(allowed_terminal_turn_states),
                },
            )
    
        response_text = str(result[0] if isinstance(result, tuple) and len(result) >= 1 else "")
        if not response_text:
>           raise InvariantViolation(
                "Complete-run contract violated: empty terminal response payload",
                context={"phase": str(phase or ""), "trace_id": trace_id, "job_id": job_id},
            )
E           dadbot.core.runtime_errors.InvariantViolation: Complete-run contract violated: empty terminal response payload

dadbot\core\control_plane.py:3800: InvariantViolation
_ TestTracingPropagation.test_orchestrator_execute_job_resolves_recovery_mode_from_checkpoint _

self = <test_production_hardening_wave5.TestTracingPropagation object at 0x0000021AFD593CE0>
monkeypatch = <_pytest.monkeypatch.MonkeyPatch object at 0x0000021AFD5DC0C0>

    def test_orchestrator_execute_job_resolves_recovery_mode_from_checkpoint(self, monkeypatch):
        from dadbot.core.control_plane import ExecutionJob
        from dadbot.core.orchestrator import DadBotOrchestrator
    
        orchestrator = DadBotOrchestrator()
        captured: dict[str, object] = {}
    
        checkpoint = {
            "checkpoint_hash": "chk-123",
            "prev_checkpoint_hash": "chk-122",
            "phase": "save",
            "continuity": {"strict_sequence_hash": "seq-123"},
            "execution_state": {
                "state": {"restored": True, "memory_retrieval_set": [{"memory_id": "m1"}]},
                "metadata": {"restored_meta": True},
                "phase_history": [{"from": "plan", "to": "save", "reason": "checkpoint"}],
                "stage_traces": [{"stage": "save", "duration_ms": 1.5, "error": ""}],
                "event_sequence": 7,
            },
        }
    
        monkeypatch.setattr(orchestrator, "_load_checkpoint_data", lambda *_args, **_kwargs: checkpoint)
    
        async def _fake_execute(context):
            captured["execution_mode"] = context.metadata.get("execution_mode")
            captured["restored"] = context.state.get("restored")
            captured["restored_meta"] = context.metadata.get("restored_meta")
            captured["checkpoint_hash"] = context.last_checkpoint_hash
            captured["event_sequence"] = context.event_sequence
            return ("ok", False)
    
        monkeypatch.setattr(orchestrator.graph, "execute", _fake_execute)
    
        async def _run() -> None:
            result = await orchestrator._execute_job(
                {"state": {}},
                ExecutionJob(
                    session_id="trace-test",
                    user_input="hello",
                    metadata={
                        "execution_state": {
                            "lifecycle_state": "recovery_pending",
                            "redelivery_count": 1,
                        },
                    },
                ),
            )
            assert result == ("ok", False)
    
        asyncio.run(_run())
    
>       assert captured["execution_mode"] == "recovery"
E       AssertionError: assert 'live' == 'recovery'
E         
E         - recovery
E         + live

tests\test_production_hardening_wave5.py:225: AssertionError
------------------------------ Captured log call ------------------------------
WARNING  dadbot.orchestration:telemetry.py:17 Booted registry without bot runtime; service wrappers disabled
WARNING  dadbot.core.topology_runtime:topology_runtime.py:137 record_node_entry called without active trace
WARNING  dadbot.core.topology_runtime:topology_runtime.py:137 record_node_entry called without active trace
WARNING  dadbot.core.execution_memory_view:execution_memory_view.py:171 ExecutionMemoryView.from_context coerced malformed memory_snapshot (warning=missing_or_non_dict)
____________ test_replay_equivalence_harness_detects_no_divergence ____________
async def functions are not natively supported.
You need to install a suitable plugin for your async framework, for example:
  - anyio
  - pytest-asyncio
  - pytest-tornasync
  - pytest-trio
  - pytest-twisted
_______________ test_repo_phase4_auditor_main_emits_json_report _______________

    def test_repo_phase4_auditor_main_emits_json_report() -> None:
        buffer = io.StringIO()
        with redirect_stdout(buffer):
>           exit_code = repo_phase4_auditor.main()
                        ^^^^^^^^^^^^^^^^^^^^^^^^^^

tests\test_repo_phase4_auditor.py:33: 
_ _ _ _ _ _ _ _ _ _ _ _ _ _ _ _ _ _ _ _ _ _ _ _ _ _ _ _ _ _ _ _ _ _ _ _ _ _ _ _
tools\repo_phase4_auditor.py:189: in main
    runtime = asyncio.run(_runtime_checks())
              ^^^^^^^^^^^^^^^^^^^^^^^^^^^^^^
..\..\..\AppData\Local\Programs\Python\Python313\Lib\asyncio\runners.py:195: in run
    return runner.run(main)
           ^^^^^^^^^^^^^^^^
..\..\..\AppData\Local\Programs\Python\Python313\Lib\asyncio\runners.py:118: in run
    return self._loop.run_until_complete(task)
           ^^^^^^^^^^^^^^^^^^^^^^^^^^^^^^^^^^^
..\..\..\AppData\Local\Programs\Python\Python313\Lib\asyncio\base_events.py:725: in run_until_complete
    return future.result()
           ^^^^^^^^^^^^^^^
tools\repo_phase4_auditor.py:100: in _runtime_checks
    await plane.submit_turn(session_id="audit-session", user_input="hello")
dadbot\core\control_plane.py:3648: in submit_turn
    return await self.kernel_gateway.submit_turn(
dadbot\core\kernel_gateway.py:127: in submit_turn
    return await self._control_plane._submit_turn_kernel(
dadbot\core\control_plane.py:3584: in _submit_turn_kernel
    return await _run_submit_execution_phase_impl(
dadbot\core\control_plane_submit_execution.py:48: in _run_submit_execution_phase_impl
    finalized = control_plane._finalize_submit_success(
dadbot\core\control_plane.py:3234: in _finalize_submit_success
    self._assert_complete_run_contract(
_ _ _ _ _ _ _ _ _ _ _ _ _ _ _ _ _ _ _ _ _ _ _ _ _ _ _ _ _ _ _ _ _ _ _ _ _ _ _ _

self = <dadbot.core.control_plane.ExecutionControlPlane object at 0x0000021A82566D50>

    def _assert_complete_run_contract(
        self,
        *,
        job: ExecutionJob,
        result: FinalizedTurnResult,
        phase: str,
    ) -> None:
        """Enforce complete-run contract before returning a finalized turn result."""
        trace_id = str(job.trace_id or "").strip()
        job_id = str(job.job_id or "").strip()
        if not trace_id or not job_id:
            raise InvariantViolation(
                "Complete-run contract violated: missing stable execution identity",
                context={"phase": str(phase or ""), "trace_id": trace_id, "job_id": job_id},
            )
    
        projection = self.lifecycle_projection.get(job_id)
        if projection is None or projection.status not in {ExecutionStatus.COMPLETED, ExecutionStatus.FAILED}:
            raise InvariantViolation(
                "Complete-run contract violated: execution lifecycle is not terminal",
                context={
                    "phase": str(phase or ""),
                    "trace_id": trace_id,
                    "job_id": job_id,
                    "projection_status": "" if projection is None else str(projection.status.value),
                },
            )
    
        execution_result = ensure_unified_execution_result(dict(job.metadata.get("execution_result") or {}))
        status = str(execution_result.get("status") or "").strip().lower()
        if status not in _TERMINAL_STATUS_VALUES:
            raise InvariantViolation(
                "Complete-run contract violated: execution_result status is not terminal",
                context={
                    "phase": str(phase or ""),
                    "trace_id": trace_id,
                    "job_id": job_id,
                    "execution_result_status": status,
                },
            )
    
        execution_state = dict(job.metadata.get("execution_state") or {})
        terminal_turn_state = str(
            execution_state.get("terminal_turn_state") or job.metadata.get("terminal_turn_state") or "",
        ).strip().upper()
        allowed_terminal_turn_states = {state.value for state in TurnTerminalState}
        if terminal_turn_state not in allowed_terminal_turn_states:
            raise InvariantViolation(
                "Complete-run contract violated: missing or invalid terminal_turn_state",
                context={
                    "phase": str(phase or ""),
                    "trace_id": trace_id,
                    "job_id": job_id,
                    "terminal_turn_state": terminal_turn_state,
                    "allowed_terminal_turn_states": sorted(allowed_terminal_turn_states),
                },
            )
    
        response_text = str(result[0] if isinstance(result, tuple) and len(result) >= 1 else "")
        if not response_text:
>           raise InvariantViolation(
                "Complete-run contract violated: empty terminal response payload",
                context={"phase": str(phase or ""), "trace_id": trace_id, "job_id": job_id},
            )
E           dadbot.core.runtime_errors.InvariantViolation: Complete-run contract violated: empty terminal response payload

dadbot\core\control_plane.py:3800: InvariantViolation
_____________ test_proactive_heartbeat_queues_daily_checkin_once ______________

bot = <dadbot.core.dadbot.DadBot object at 0x0000021A827DAC10>
monkeypatch = <_pytest.monkeypatch.MonkeyPatch object at 0x0000021A827CE4A0>

    def test_proactive_heartbeat_queues_daily_checkin_once(bot, monkeypatch):
        bot.MEMORY_STORE["pending_proactive_messages"] = []
        bot.MEMORY_STORE["last_mood_updated_at"] = (date.today() - timedelta(days=1)).isoformat()
        bot.MEMORY_STORE["last_daily_checkin_at"] = None
    
        monkeypatch.setattr(
            bot,
            "current_runtime_health_snapshot",
            lambda **_kwargs: {"level": "green", "updated_at": datetime.now().isoformat(timespec="seconds")},
        )
    
        morning = datetime.combine(date.today(), datetime.min.time()).replace(hour=9)
        later = morning.replace(hour=10)
    
>       first = bot.maintenance_scheduler.run_proactive_heartbeat(reference_time=morning)
                ^^^^^^^^^^^^^^^^^^^^^^^^^
E       AttributeError: 'DadBot' object has no attribute 'maintenance_scheduler'

tests\test_runtime_hardening.py:82: AttributeError
---------------------------- Captured stdout setup ----------------------------
[DadBot] validate_managers=True
[DadBot] No durable store available, using in-memory state store.
____________________________ test_cancel_mid_turn _____________________________
async def functions are not natively supported.
You need to install a suitable plugin for your async framework, for example:
  - anyio
  - pytest-asyncio
  - pytest-tornasync
  - pytest-trio
  - pytest-twisted
_______________________ test_timeout_mid_tool_execution _______________________
async def functions are not natively supported.
You need to install a suitable plugin for your async framework, for example:
  - anyio
  - pytest-asyncio
  - pytest-tornasync
  - pytest-trio
  - pytest-twisted
____________________ test_exception_during_execution_phase ____________________
async def functions are not natively supported.
You need to install a suitable plugin for your async framework, for example:
  - anyio
  - pytest-asyncio
  - pytest-tornasync
  - pytest-trio
  - pytest-twisted
______________________ test_soak_simulation_replay_loop _______________________
async def functions are not natively supported.
You need to install a suitable plugin for your async framework, for example:
  - anyio
  - pytest-asyncio
  - pytest-tornasync
  - pytest-trio
  - pytest-twisted
________ test_dadbot_session_snapshot_roundtrip_restores_runtime_state ________

bot = <dadbot.core.dadbot.DadBot object at 0x0000021A88645A90>

    def test_dadbot_session_snapshot_roundtrip_restores_runtime_state(bot):
>       bot.history.append({"role": "user", "content": "I need help today."})
        ^^^^^^^^^^^^^^^^^^
E       AttributeError: 'NoneType' object has no attribute 'append'

tests\test_service_architecture.py:88: AttributeError
---------------------------- Captured stdout setup ----------------------------
[DadBot] validate_managers=True
[DadBot] No durable store available, using in-memory state store.
_________ test_dadbot_runtime_state_attr_maps_read_and_write_through __________

bot = <dadbot.core.dadbot.DadBot object at 0x0000021A88646710>

    def test_dadbot_runtime_state_attr_maps_read_and_write_through(bot):
>       bot.history = [{"role": "system", "content": "Dad system prompt"}]
        ^^^^^^^^^^^
E       AttributeError: property 'history' of 'DadBot' object has no setter

tests\test_service_architecture.py:122: AttributeError
---------------------------- Captured stdout setup ----------------------------
[DadBot] validate_managers=True
[DadBot] No durable store available, using in-memory state store.
_________________ test_dadbot_attribute_map_roundtrip_parity __________________

bot = <dadbot.core.dadbot.DadBot object at 0x0000021A88647110>

    def test_dadbot_attribute_map_roundtrip_parity(bot):
        # Some routed names are intentionally read-only aliases.
        exemptions = {
            "runtime_state_container": "runtime state container alias is provider-owned/read-only",
        }
    
        unexpected_failures: list[str] = []
        maps = [
>           DadBot._CONFIG_ATTR_MAP,
            ^^^^^^^^^^^^^^^^^^^^^^^
            DadBot._RUNTIME_STATE_ATTR_MAP,
            DadBot._INTERNAL_RUNTIME_ATTR_MAP,
        ]
E       AttributeError: type object 'DadBot' has no attribute '_CONFIG_ATTR_MAP'

tests\test_service_architecture.py:151: AttributeError
---------------------------- Captured stdout setup ----------------------------
[DadBot] validate_managers=True
[DadBot] No durable store available, using in-memory state store.
_____ test_record_relationship_history_point_uses_memory_manager_surface ______

bot = <dadbot.core.dadbot.DadBot object at 0x0000021A88647B10>
monkeypatch = <_pytest.monkeypatch.MonkeyPatch object at 0x0000021A90FA19B0>

    def test_record_relationship_history_point_uses_memory_manager_surface(bot, monkeypatch):
        captured = {}
    
>       monkeypatch.setattr(bot.memory, "relationship_history", lambda limit=180: [{"source": "older"}])
E       AttributeError: <dadbot.managers.memory_manager.MemoryManager object at 0x0000021A896B2140> has no attribute 'relationship_history'

tests\test_service_architecture.py:177: AttributeError
---------------------------- Captured stdout setup ----------------------------
[DadBot] validate_managers=True
[DadBot] No durable store available, using in-memory state store.
__ test_soft_reset_session_context_syncs_snapshot_via_runtime_state_manager ___

bot = <dadbot.core.dadbot.DadBot object at 0x0000021A91018550>
monkeypatch = <_pytest.monkeypatch.MonkeyPatch object at 0x0000021A90FA2430>

    def test_soft_reset_session_context_syncs_snapshot_via_runtime_state_manager(bot, monkeypatch):
        calls = []
>       bot.session_summary = "Keep this summary"
        ^^^^^^^^^^^^^^^^^^^
E       AttributeError: property 'session_summary' of 'DadBot' object has no setter

tests\test_service_architecture.py:197: AttributeError
---------------------------- Captured stdout setup ----------------------------
[DadBot] validate_managers=True
[DadBot] No durable store available, using in-memory state store.
_____________________ test_dadbot_composes_split_services _____________________

bot = <dadbot.core.dadbot.DadBot object at 0x0000021A91019310>

    def test_dadbot_composes_split_services(bot):
        assert bot.config is not None
        assert bot.services is not None
        assert bot.context is bot.bot_context
>       assert bot.service_registry is bot.services.registry
               ^^^^^^^^^^^^^^^^^^^^
E       AttributeError: 'DadBot' object has no attribute 'service_registry'

tests\test_service_split.py:27: AttributeError
---------------------------- Captured stdout setup ----------------------------
[DadBot] validate_managers=True
[DadBot] No durable store available, using in-memory state store.
______ test_shared_dadbot_context_is_live_and_used_by_extracted_managers ______

bot = <dadbot.core.dadbot.DadBot object at 0x0000021A91019950>

    def test_shared_dadbot_context_is_live_and_used_by_extracted_managers(bot):
>       assert bot.long_term_signals.bot is bot
               ^^^^^^^^^^^^^^^^^^^^^
E       AttributeError: 'DadBot' object has no attribute 'long_term_signals'

tests\test_service_split.py:75: AttributeError
---------------------------- Captured stdout setup ----------------------------
[DadBot] validate_managers=True
[DadBot] No durable store available, using in-memory state store.
_________ test_config_backed_runtime_fields_remain_mutable_via_facade _________

bot = <dadbot.core.dadbot.DadBot object at 0x0000021A9101A210>

    def test_config_backed_runtime_fields_remain_mutable_via_facade(bot):
        bot.ACTIVE_MODEL = "config-model"
        bot.LLM_PROVIDER = "openai"
        bot.LLM_MODEL = "gpt-4o-mini"
        bot.ACTIVE_EMBEDDING_MODEL = "embed-small"
        bot.APPEND_SIGNOFF = False
        bot.LIGHT_MODE = True
    
>       assert bot.config.active_model == "config-model"
E       AssertionError: assert 'llama3.2' == 'config-model'
E         
E         - config-model
E         + llama3.2

tests\test_service_split.py:110: AssertionError
---------------------------- Captured stdout setup ----------------------------
[DadBot] validate_managers=True
[DadBot] No durable store available, using in-memory state store.
______________ test_profile_and_memory_store_are_manager_backed _______________

bot = <dadbot.core.dadbot.DadBot object at 0x0000021A9101AD50>

    def test_profile_and_memory_store_are_manager_backed(bot):
        profile = {
            "style": {"name": "Dad"},
            "family": {},
            "education": {},
            "chat_routing": {"topic_rules": [], "core_fact_ids": []},
            "facts": {},
        }
        memory_store = bot.default_memory_store()
    
        bot.PROFILE = profile
        bot.MEMORY_STORE = memory_store
    
        assert bot.profile_runtime.profile is profile
>       assert bot.memory.memory_store == bot.memory.normalize_memory_store(memory_store)
               ^^^^^^^^^^^^^^^^^^^^^^^
E       AttributeError: 'MemoryManager' object has no attribute 'memory_store'

tests\test_service_split.py:132: AttributeError
---------------------------- Captured stdout setup ----------------------------
[DadBot] validate_managers=True
[DadBot] No durable store available, using in-memory state store.
___________ test_turn_orchestrator_property_uses_services_container ___________

bot = <dadbot.core.dadbot.DadBot object at 0x0000021A9101B750>

    def test_turn_orchestrator_property_uses_services_container(bot):
        sentinel = object()
>       bot.services._turn_orchestrator = sentinel
        ^^^^^^^^^^^^^^^^^^^^^^^^^^^^^^^
E       AttributeError: 'dict' object has no attribute '_turn_orchestrator' and no __dict__ for setting new attributes

tests\test_service_split.py:137: AttributeError
---------------------------- Captured stdout setup ----------------------------
[DadBot] validate_managers=True
[DadBot] No durable store available, using in-memory state store.
____________ test_prompt_assembly_uses_extracted_context_services _____________

bot = <dadbot.core.dadbot.DadBot object at 0x0000021A91064050>
monkeypatch = <_pytest.monkeypatch.MonkeyPatch object at 0x0000021A90FC3C40>

    def test_prompt_assembly_uses_extracted_context_services(bot, monkeypatch):
        monkeypatch.setattr(bot.context_builder, "build_core_persona_prompt", lambda: "CORE")
        monkeypatch.setattr(bot.context_builder, "build_dynamic_profile_context", lambda: "PROFILE")
        monkeypatch.setattr(bot.context_builder, "build_relationship_context", lambda: "RELATIONSHIP")
>       monkeypatch.setattr(bot.tone_context, "build_mood_context", lambda mood: f"MOOD={mood}")
                            ^^^^^^^^^^^^^^^^
E       AttributeError: 'DadBot' object has no attribute 'tone_context'. Did you mean: 'bot_context'?

tests\test_service_split.py:146: AttributeError
---------------------------- Captured stdout setup ----------------------------
[DadBot] validate_managers=True
[DadBot] No durable store available, using in-memory state store.
__________ test_prepare_final_reply_delegates_to_reply_finalization ___________

bot = <dadbot.core.dadbot.DadBot object at 0x0000021A910656D0>
monkeypatch = <_pytest.monkeypatch.MonkeyPatch object at 0x0000021A91049240>

    def test_prepare_final_reply_delegates_to_reply_finalization(bot, monkeypatch):
        monkeypatch.setattr(
>           bot.reply_finalization,
            ^^^^^^^^^^^^^^^^^^^^^^
            "finalize",
            lambda reply, current_mood, user_input=None: f"delegated::{reply}::{current_mood}::{user_input}",
        )
E       AttributeError: 'DadBot' object has no attribute 'reply_finalization'

tests\test_service_split.py:183: AttributeError
---------------------------- Captured stdout setup ----------------------------
[DadBot] validate_managers=True
[DadBot] No durable store available, using in-memory state store.
_______ test_prepare_final_reply_async_delegates_to_reply_finalization ________

bot = <dadbot.core.dadbot.DadBot object at 0x0000021A91066210>
monkeypatch = <_pytest.monkeypatch.MonkeyPatch object at 0x0000021A91049E10>

    def test_prepare_final_reply_async_delegates_to_reply_finalization(bot, monkeypatch):
        async def fake_finalize(reply, current_mood, user_input=None):
            return f"async::{reply}::{current_mood}::{user_input}"
    
>       monkeypatch.setattr(bot.reply_finalization, "finalize_async", fake_finalize)
                            ^^^^^^^^^^^^^^^^^^^^^^
E       AttributeError: 'DadBot' object has no attribute 'reply_finalization'

tests\test_service_split.py:197: AttributeError
---------------------------- Captured stdout setup ----------------------------
[DadBot] validate_managers=True
[DadBot] No durable store available, using in-memory state store.
__ test_begin_turn_memory_context_includes_high_confidence_influence_signal ___

bot = <dadbot.core.dadbot.DadBot object at 0x0000021A91066C10>
monkeypatch = <_pytest.monkeypatch.MonkeyPatch object at 0x0000021A91048B40>

    def test_begin_turn_memory_context_includes_high_confidence_influence_signal(bot, monkeypatch):
        monkeypatch.setattr(bot.context_builder, "build_memory_context", lambda _user_input: "Relevant context:\n- Budget progress")
        bot._last_memory_retrieval_diagnostics = {
            "retrieved_count": 3,
            "top_score": 0.82,
            "has_high_confidence": True,
        }
    
>       section = bot.prompt_assembly.begin_turn_memory_context("budget update", user_id="u1", session_id="s1")
                  ^^^^^^^^^^^^^^^^^^^^^^^^^^^^^^^^^^^^^^^^^^^^^
E       AttributeError: 'NoneType' object has no attribute 'begin_turn_memory_context'

tests\test_service_split.py:212: AttributeError
---------------------------- Captured stdout setup ----------------------------
[DadBot] validate_managers=True
[DadBot] No durable store available, using in-memory state store.
__ test_begin_turn_memory_context_includes_low_confidence_guidance_when_weak __

bot = <dadbot.core.dadbot.DadBot object at 0x0000021A91067610>
monkeypatch = <_pytest.monkeypatch.MonkeyPatch object at 0x0000021A9104BCB0>

    def test_begin_turn_memory_context_includes_low_confidence_guidance_when_weak(bot, monkeypatch):
        monkeypatch.setattr(bot.context_builder, "build_memory_context", lambda _user_input: "Relevant context:\n- Weak hint")
        bot._last_memory_retrieval_diagnostics = {
            "retrieved_count": 1,
            "top_score": 0.12,
            "has_high_confidence": False,
        }
    
>       section = bot.prompt_assembly.begin_turn_memory_context("new topic", user_id="u1", session_id="s1")
                  ^^^^^^^^^^^^^^^^^^^^^^^^^^^^^^^^^^^^^^^^^^^^^
E       AttributeError: 'NoneType' object has no attribute 'begin_turn_memory_context'

tests\test_service_split.py:226: AttributeError
---------------------------- Captured stdout setup ----------------------------
[DadBot] validate_managers=True
[DadBot] No durable store available, using in-memory state store.
_ test_reply_finalization_keeps_memory_facts_while_personality_controls_style _

bot = <dadbot.core.dadbot.DadBot object at 0x0000021A91067ED0>
monkeypatch = <_pytest.monkeypatch.MonkeyPatch object at 0x0000021A9104BE70>

    def test_reply_finalization_keeps_memory_facts_while_personality_controls_style(bot, monkeypatch):
        monkeypatch.setattr(
>           bot.personality_service,
            ^^^^^^^^^^^^^^^^^^^^^^^
            "apply_authoritative_voice",
            lambda reply, current_mood, user_input=None: f"Playful style: {reply}",
        )
E       AttributeError: 'DadBot' object has no attribute 'personality_service'

tests\test_service_split.py:234: AttributeError
---------------------------- Captured stdout setup ----------------------------
[DadBot] validate_managers=True
[DadBot] No durable store available, using in-memory state store.
_____________ test_personality_service_is_an_explicit_facade_seam _____________

bot = <dadbot.core.dadbot.DadBot object at 0x0000021A9105CA50>

    def test_personality_service_is_an_explicit_facade_seam(bot):
>       assert bot.personality_service is bot.services.personality_service
               ^^^^^^^^^^^^^^^^^^^^^^^
E       AttributeError: 'DadBot' object has no attribute 'personality_service'

tests\test_service_split.py:257: AttributeError
---------------------------- Captured stdout setup ----------------------------
[DadBot] validate_managers=True
[DadBot] No durable store available, using in-memory state store.
____________ test_turn_service_helper_methods_delegate_to_manager _____________

bot = <dadbot.core.dadbot.DadBot object at 0x0000021A9105D450>
monkeypatch = <_pytest.monkeypatch.MonkeyPatch object at 0x0000021A9104B070>

    def test_turn_service_helper_methods_delegate_to_manager(bot, monkeypatch):
>       monkeypatch.setattr(bot.turn_service, "should_offer_daily_checkin_for_turn", lambda: True)
                            ^^^^^^^^^^^^^^^^
E       AttributeError: 'DadBot' object has no attribute 'turn_service'

tests\test_service_split.py:261: AttributeError
---------------------------- Captured stdout setup ----------------------------
[DadBot] validate_managers=True
[DadBot] No durable store available, using in-memory state store.
_ test_turn_service_reply_generation_patch_does_not_override_output_authority _

bot = <dadbot.core.dadbot.DadBot object at 0x0000021A9105DD10>
monkeypatch = <_pytest.monkeypatch.MonkeyPatch object at 0x0000021A91275240>

    def test_turn_service_reply_generation_patch_does_not_override_output_authority(bot, monkeypatch):
        monkeypatch.setattr(
>           bot.reply_generation,
            ^^^^^^^^^^^^^^^^^^^^
            "generate_validated_reply",
            lambda stripped_input, turn_text, current_mood, normalized_attachments, stream=False, chunk_callback=None: (
                f"generated::{stripped_input}::{turn_text}::{current_mood}::{stream}::{len(normalized_attachments)}"
            ),
        )
E       AttributeError: 'DadBot' object has no attribute 'reply_generation'

tests\test_service_split.py:284: AttributeError
---------------------------- Captured stdout setup ----------------------------
[DadBot] validate_managers=True
[DadBot] No durable store available, using in-memory state store.
___________ test_dependency_registry_can_override_runtime_interface ___________

monkeypatch = <_pytest.monkeypatch.MonkeyPatch object at 0x0000021A9104B770>
tmp_path = WindowsPath('C:/Users/josep/AppData/Local/Temp/pytest-of-josep/pytest-4131/test_dependency_registry_can_o0')

    def test_dependency_registry_can_override_runtime_interface(monkeypatch, tmp_path):
        class StubRuntimeInterface:
            def chat_loop(self):
                return "stub-chat-loop"
    
            def chat_loop_via_service(self, service_client, session_id=None):
                return "stub-chat-loop-service"
    
        monkeypatch.setenv("DADBOT_MEMORY_PATH", str(tmp_path / "memory.json"))
        monkeypatch.setenv("DADBOT_SEMANTIC_DB_PATH", str(tmp_path / "semantic.sqlite3"))
        monkeypatch.setenv("DADBOT_GRAPH_DB_PATH", str(tmp_path / "graph.sqlite3"))
        monkeypatch.setenv("DADBOT_SESSION_LOG_DIR", str(tmp_path / "session_logs"))
    
        stub_runtime_interface = StubRuntimeInterface()
        dependency_registry = {"runtime_interface": stub_runtime_interface}
    
        injected_bot = DadBot(dependency_registry=dependency_registry)
        try:
>           assert injected_bot.runtime_interface is stub_runtime_interface
                   ^^^^^^^^^^^^^^^^^^^^^^^^^^^^^^
E           AttributeError: 'DadBot' object has no attribute 'runtime_interface'. Did you mean: 'runtime_storage'?

tests\test_service_split.py:327: AttributeError
---------------------------- Captured stdout call -----------------------------
[DadBot] validate_managers=True
[DadBot] No durable store available, using in-memory state store.
_________ test_dependency_registry_can_override_runtime_state_bundle __________

monkeypatch = <_pytest.monkeypatch.MonkeyPatch object at 0x0000021A91274AD0>
tmp_path = WindowsPath('C:/Users/josep/AppData/Local/Temp/pytest-of-josep/pytest-4131/test_dependency_registry_can_o1')

    def test_dependency_registry_can_override_runtime_state_bundle(monkeypatch, tmp_path):
        monkeypatch.setenv("DADBOT_MEMORY_PATH", str(tmp_path / "memory.json"))
        monkeypatch.setenv("DADBOT_SEMANTIC_DB_PATH", str(tmp_path / "semantic.sqlite3"))
        monkeypatch.setenv("DADBOT_GRAPH_DB_PATH", str(tmp_path / "graph.sqlite3"))
        monkeypatch.setenv("DADBOT_SESSION_LOG_DIR", str(tmp_path / "session_logs"))
    
        custom_store = InMemoryStateStore()
        custom_event_bus = InMemoryEventBus()
        custom_container = AppStateContainer(
            "injected-runtime-state",
            DadBot.default_planner_debug_state,
            tenant_id="test-tenant",
            store=custom_store,
            event_bus=custom_event_bus,
        )
        dependency_registry = {
            "runtime_state_bundle": {
                "store": custom_store,
                "event_bus": custom_event_bus,
                "container": custom_container,
            }
        }
    
        injected_bot = DadBot(dependency_registry=dependency_registry)
        try:
>           assert injected_bot._runtime_state_store is custom_store
                   ^^^^^^^^^^^^^^^^^^^^^^^^^^^^^^^^^
E           AttributeError: 'DadBot' object has no attribute '_runtime_state_store'. Did you mean: '_customer_state_store'?

tests\test_service_split.py:359: AttributeError
---------------------------- Captured stdout call -----------------------------
[DadBot] validate_managers=True
[DadBot] No durable store available, using in-memory state store.
___________ test_process_user_message_uses_graph_path_when_enabled ____________

bot = <dadbot.core.dadbot.DadBot object at 0x0000021A9105FB10>
monkeypatch = <_pytest.monkeypatch.MonkeyPatch object at 0x0000021A912744B0>

    def test_process_user_message_uses_graph_path_when_enabled(bot, monkeypatch):
        bot._turn_graph_enabled = True
    
        monkeypatch.setattr(
            bot,
            "_run_graph_turn_sync",
            lambda user_input, attachments=None, chunk_callback=None: (f"graph::{user_input}", False),
        )
        monkeypatch.setattr(
>           bot.turn_service, "process_user_message", lambda user_input, attachments=None: ("legacy", False)
            ^^^^^^^^^^^^^^^^
        )
E       AttributeError: 'DadBot' object has no attribute 'turn_service'

tests\test_service_split.py:376: AttributeError
---------------------------- Captured stdout setup ----------------------------
[DadBot] validate_managers=True
[DadBot] No durable store available, using in-memory state store.
_____ test_process_user_message_graph_failure_returns_controlled_response _____

bot = <dadbot.core.dadbot.DadBot object at 0x0000021A913207D0>
monkeypatch = <_pytest.monkeypatch.MonkeyPatch object at 0x0000021A91048B40>

    def test_process_user_message_graph_failure_returns_controlled_response(bot, monkeypatch):
        bot._turn_graph_enabled = True
        bot._strict_graph_mode = True
    
        events = []
    
        class DummyLedgerWriter:
            def write_event(self, **kwargs):
                events.append(kwargs)
                return kwargs
    
        class DummyControlPlane:
            ledger_writer = DummyLedgerWriter()
    
        class DummyOrchestrator:
            control_plane = DummyControlPlane()
    
        def boom(user_input, attachments=None, chunk_callback=None):
            raise RuntimeError("graph unavailable")
    
        monkeypatch.setattr(bot, "_run_graph_turn_sync", boom)
        monkeypatch.setattr(bot, "_get_turn_orchestrator", lambda: DummyOrchestrator())
        monkeypatch.setattr(bot, "_turn_orchestrator", DummyOrchestrator())
    
        def fail_legacy(*args, **kwargs):
            raise AssertionError("legacy path should not run")
    
>       monkeypatch.setattr(bot.turn_service, "process_user_message", fail_legacy)
                            ^^^^^^^^^^^^^^^^
E       AttributeError: 'DadBot' object has no attribute 'turn_service'

tests\test_service_split.py:412: AttributeError
---------------------------- Captured stdout setup ----------------------------
[DadBot] validate_managers=True
[DadBot] No durable store available, using in-memory state store.
_ test_process_user_message_stream_graph_failure_preserves_trace_and_correlation _

bot = <dadbot.core.dadbot.DadBot object at 0x0000021A91321A90>
monkeypatch = <_pytest.monkeypatch.MonkeyPatch object at 0x0000021A91276740>

    def test_process_user_message_stream_graph_failure_preserves_trace_and_correlation(bot, monkeypatch):
        bot._turn_graph_enabled = True
        bot._strict_graph_mode = True
    
        events = []
        order = []
        chunk_observation = {}
    
        class DummyLedgerWriter:
            def write_event(self, **kwargs):
                order.append("event")
                events.append(
                    {
                        **kwargs,
                        "observed_correlation": CorrelationContext.current(),
                        "observed_trace": TracingContext.current_trace_id(),
                    }
                )
                return kwargs
    
        class DummyControlPlane:
            ledger_writer = DummyLedgerWriter()
    
        class DummyOrchestrator:
            control_plane = DummyControlPlane()
    
        def boom(user_input, attachments=None, chunk_callback=None):
            raise RuntimeError("graph unavailable")
    
        def fail_legacy(*args, **kwargs):
            raise AssertionError("legacy sync path should not run")
    
        monkeypatch.setattr(bot, "_run_graph_turn_sync", boom)
        monkeypatch.setattr(bot, "_get_turn_orchestrator", lambda: DummyOrchestrator())
        monkeypatch.setattr(bot, "_turn_orchestrator", DummyOrchestrator())
>       monkeypatch.setattr(bot.turn_service, "process_user_message", fail_legacy)
                            ^^^^^^^^^^^^^^^^
E       AttributeError: 'DadBot' object has no attribute 'turn_service'

tests\test_service_split.py:478: AttributeError
---------------------------- Captured stdout setup ----------------------------
[DadBot] validate_managers=True
[DadBot] No durable store available, using in-memory state store.
________ test_process_user_message_async_uses_graph_path_when_enabled _________

bot = <dadbot.core.dadbot.DadBot object at 0x0000021A91322490>
monkeypatch = <_pytest.monkeypatch.MonkeyPatch object at 0x0000021A912754E0>

    def test_process_user_message_async_uses_graph_path_when_enabled(bot, monkeypatch):
        bot._turn_graph_enabled = True
    
        async def run_graph(user_input, attachments=None, chunk_callback=None):
            return (f"graph::{user_input}", False)
    
        async def fail_legacy(*args, **kwargs):
            raise AssertionError("legacy async path should not run")
    
        monkeypatch.setattr(bot, "_run_graph_turn_async", run_graph)
>       monkeypatch.setattr(bot.turn_service, "process_user_message_async", fail_legacy)
                            ^^^^^^^^^^^^^^^^
E       AttributeError: 'DadBot' object has no attribute 'turn_service'

tests\test_service_split.py:525: AttributeError
---------------------------- Captured stdout setup ----------------------------
[DadBot] validate_managers=True
[DadBot] No durable store available, using in-memory state store.
_ test_process_user_message_async_graph_failure_preserves_trace_and_correlation _

bot = <dadbot.core.dadbot.DadBot object at 0x0000021A91322E90>
monkeypatch = <_pytest.monkeypatch.MonkeyPatch object at 0x0000021A912A95C0>

    def test_process_user_message_async_graph_failure_preserves_trace_and_correlation(bot, monkeypatch):
        bot._turn_graph_enabled = True
        bot._strict_graph_mode = True
    
        events = []
    
        class DummyLedgerWriter:
            def write_event(self, **kwargs):
                events.append(kwargs)
                return kwargs
    
        class DummyControlPlane:
            ledger_writer = DummyLedgerWriter()
    
        class DummyOrchestrator:
            control_plane = DummyControlPlane()
    
        async def boom(user_input, attachments=None, chunk_callback=None):
            raise RuntimeError("graph unavailable")
    
        async def fail_legacy(*args, **kwargs):
            raise AssertionError("legacy async path should not run")
    
        monkeypatch.setattr(bot, "_run_graph_turn_async", boom)
        monkeypatch.setattr(bot, "_get_turn_orchestrator", lambda: DummyOrchestrator())
        monkeypatch.setattr(bot, "_turn_orchestrator", DummyOrchestrator())
>       monkeypatch.setattr(bot.turn_service, "process_user_message_async", fail_legacy)
                            ^^^^^^^^^^^^^^^^
E       AttributeError: 'DadBot' object has no attribute 'turn_service'

tests\test_service_split.py:559: AttributeError
---------------------------- Captured stdout setup ----------------------------
[DadBot] validate_managers=True
[DadBot] No durable store available, using in-memory state store.
__________ test_conversation_persistence_methods_delegate_to_manager __________

bot = <dadbot.core.dadbot.DadBot object at 0x0000021A913239D0>
monkeypatch = <_pytest.monkeypatch.MonkeyPatch object at 0x0000021A912AACF0>

    def test_conversation_persistence_methods_delegate_to_manager(bot, monkeypatch):
        recorded = {"persist": 0, "snapshot": None, "log": None}
    
        monkeypatch.setattr(
>           bot.conversation_persistence,
            ^^^^^^^^^^^^^^^^^^^^^^^^^^^^
            "persist_conversation",
            lambda: recorded.__setitem__("persist", recorded["persist"] + 1),
        )
E       AttributeError: 'DadBot' object has no attribute 'conversation_persistence'

tests\test_service_split.py:627: AttributeError
---------------------------- Captured stdout setup ----------------------------
[DadBot] validate_managers=True
[DadBot] No durable store available, using in-memory state store.
______________ test_status_reporting_methods_delegate_to_manager ______________

bot = <dadbot.core.dadbot.DadBot object at 0x0000021A912CC190>
monkeypatch = <_pytest.monkeypatch.MonkeyPatch object at 0x0000021A912A9400>

    def test_status_reporting_methods_delegate_to_manager(bot, monkeypatch):
>       monkeypatch.setattr(bot.status_reporting, "status_snapshot", lambda: {"active_model": "stub"})
                            ^^^^^^^^^^^^^^^^^^^^
E       AttributeError: 'DadBot' object has no attribute 'status_reporting'

tests\test_service_split.py:650: AttributeError
---------------------------- Captured stdout setup ----------------------------
[DadBot] validate_managers=True
[DadBot] No durable store available, using in-memory state store.
___________ test_runtime_orchestration_methods_delegate_to_manager ____________

bot = <dadbot.core.dadbot.DadBot object at 0x0000021A912CCCD0>
monkeypatch = <_pytest.monkeypatch.MonkeyPatch object at 0x0000021A912744B0>

    def test_runtime_orchestration_methods_delegate_to_manager(bot, monkeypatch):
        monkeypatch.setattr(
>           bot.runtime_orchestration, "record_background_task", lambda task_id, **kwargs: {"task_id": task_id, **kwargs}
            ^^^^^^^^^^^^^^^^^^^^^^^^^
        )
E       AttributeError: 'DadBot' object has no attribute 'runtime_orchestration'

tests\test_service_split.py:669: AttributeError
---------------------------- Captured stdout setup ----------------------------
[DadBot] validate_managers=True
[DadBot] No durable store available, using in-memory state store.
____ test_runtime_orchestration_submit_background_task_handles_noop_submit ____

bot = <dadbot.core.dadbot.DadBot object at 0x0000021A912CD590>
monkeypatch = <_pytest.monkeypatch.MonkeyPatch object at 0x0000021A912AAA50>

    def test_runtime_orchestration_submit_background_task_handles_noop_submit(bot, monkeypatch):
        monkeypatch.setattr(bot.background_tasks, "submit", lambda *_args, **_kwargs: None)
    
>       future = bot.runtime_orchestration.submit_background_task(lambda: "ok", task_kind="demo-noop")
                 ^^^^^^^^^^^^^^^^^^^^^^^^^
E       AttributeError: 'DadBot' object has no attribute 'runtime_orchestration'

tests\test_service_split.py:693: AttributeError
---------------------------- Captured stdout setup ----------------------------
[DadBot] validate_managers=True
[DadBot] No durable store available, using in-memory state store.
________________ test_internal_state_reflection_and_soft_reset ________________

bot = <dadbot.core.dadbot.DadBot object at 0x0000021A912CEC10>

    def test_internal_state_reflection_and_soft_reset(bot):
>       bot.session_summary = "Tony felt overloaded by work this week."
        ^^^^^^^^^^^^^^^^^^^
E       AttributeError: property 'session_summary' of 'DadBot' object has no setter

tests\test_service_split.py:703: AttributeError
---------------------------- Captured stdout setup ----------------------------
[DadBot] validate_managers=True
[DadBot] No durable store available, using in-memory state store.
______________ test_profile_runtime_methods_delegate_to_manager _______________

bot = <dadbot.core.dadbot.DadBot object at 0x0000021A912CFED0>
monkeypatch = <_pytest.monkeypatch.MonkeyPatch object at 0x0000021A9130CC20>

    def test_profile_runtime_methods_delegate_to_manager(bot, monkeypatch):
        monkeypatch.setattr(bot.profile_runtime, "refresh_profile_runtime", lambda: "refreshed")
        monkeypatch.setattr(bot.profile_runtime, "cadence_settings", lambda: {"family_echo_turn_interval": 6})
        monkeypatch.setattr(bot.profile_runtime, "current_persona_preset", lambda: "coach")
        monkeypatch.setattr(bot.profile_runtime, "opening_message_candidates", lambda: ["Hey buddy"])
        monkeypatch.setattr(bot.profile_runtime, "apply_persona_preset", lambda preset_key, save=True: (preset_key, save))
        monkeypatch.setattr(bot.profile_runtime, "update_style_profile", lambda **kwargs: kwargs)
        monkeypatch.setattr(
            bot.profile_runtime,
            "update_cadence_profile",
            lambda cadence=None, save=True, **overrides: {"cadence": cadence, "save": save, **overrides},
        )
        monkeypatch.setattr(bot.profile_runtime, "runtime_settings", lambda: {"stream_max_chars": 12000})
        monkeypatch.setattr(
            bot.profile_runtime,
            "update_runtime_profile",
            lambda settings=None, save=True, **overrides: {"settings": settings, "save": save, **overrides},
        )
        monkeypatch.setattr(
            bot.profile_runtime,
            "update_opening_messages_profile",
            lambda opening_messages=None, save=True: {"opening_messages": opening_messages, "save": save},
        )
        monkeypatch.setattr(bot.profile_runtime, "agentic_tool_settings", lambda: {"enabled": True})
        monkeypatch.setattr(
            bot.profile_runtime,
            "update_agentic_tool_profile",
            lambda settings=None, save=True, **overrides: {"settings": settings, "save": save, **overrides},
        )
        monkeypatch.setattr(
            bot.profile_runtime,
            "relationship_calibration_settings",
            lambda: {"enabled": True, "opening_line": "Straight talk"},
        )
        monkeypatch.setattr(
            bot.profile_runtime,
            "update_relationship_calibration_profile",
            lambda settings=None, save=True, **overrides: {"settings": settings, "save": save, **overrides},
        )
        monkeypatch.setattr(
            bot.profile_runtime, "streamlit_security_settings", lambda: {"require_pin": True, "pin_hint": "digits"}
        )
        monkeypatch.setattr(bot.profile_runtime, "verify_streamlit_pin", lambda pin_attempt: pin_attempt == "1234")
    
>       refreshed = bot.refresh_profile_runtime()
                    ^^^^^^^^^^^^^^^^^^^^^^^^^^^
E       AttributeError: 'DadBot' object has no attribute 'refresh_profile_runtime'

tests\test_service_split.py:775: AttributeError
---------------------------- Captured stdout setup ----------------------------
[DadBot] validate_managers=True
[DadBot] No durable store available, using in-memory state store.
____________ test_profile_context_methods_delegate_through_facade _____________

bot = <dadbot.core.dadbot.DadBot object at 0x0000021A912E0A50>
monkeypatch = <_pytest.monkeypatch.MonkeyPatch object at 0x0000021A9130F0E0>

    def test_profile_context_methods_delegate_through_facade(bot, monkeypatch):
>       monkeypatch.setattr(bot.profile_context, "age_on_date", lambda birthdate, today=None: 42)
                            ^^^^^^^^^^^^^^^^^^^
E       AttributeError: 'DadBot' object has no attribute 'profile_context'. Did you mean: 'profile_runtime'?

tests\test_service_split.py:812: AttributeError
---------------------------- Captured stdout setup ----------------------------
[DadBot] validate_managers=True
[DadBot] No durable store available, using in-memory state store.
_________________ test_multimodal_methods_delegate_to_manager _________________

bot = <dadbot.core.dadbot.DadBot object at 0x0000021A912E1310>
monkeypatch = <_pytest.monkeypatch.MonkeyPatch object at 0x0000021A9130F8C0>

    def test_multimodal_methods_delegate_to_manager(bot, monkeypatch):
        monkeypatch.setattr(
>           bot.multimodal_handler,
            ^^^^^^^^^^^^^^^^^^^^^^
            "normalize_chat_attachments",
            lambda attachments=None: [{"type": "audio", "transcript": "hello"}] if attachments else [],
        )
E       AttributeError: 'DadBot' object has no attribute 'multimodal_handler'

tests\test_service_split.py:850: AttributeError
---------------------------- Captured stdout setup ----------------------------
[DadBot] validate_managers=True
[DadBot] No durable store available, using in-memory state store.
_______________ test_runtime_client_methods_delegate_to_manager _______________

bot = <dadbot.core.dadbot.DadBot object at 0x0000021A912E1F90>
monkeypatch = <_pytest.monkeypatch.MonkeyPatch object at 0x0000021A912A9400>

    def test_runtime_client_methods_delegate_to_manager(bot, monkeypatch):
        async def fake_async_chat(messages, caller=None, options=None, response_format=None, purpose="chat"):
            return {"message": {"content": f"{purpose}-async"}}
    
        async def fake_stream_async(messages, caller=None, options=None, purpose="chat", chunk_callback=None):
            return {"message": {"content": f"{purpose}-stream-async"}}
    
>       monkeypatch.setattr(bot.runtime_client, "ollama_async_client", lambda: "async-client")
                            ^^^^^^^^^^^^^^^^^^
E       AttributeError: 'DadBot' object has no attribute 'runtime_client'. Did you mean: 'runtime_config'?

tests\test_service_split.py:914: AttributeError
---------------------------- Captured stdout setup ----------------------------
[DadBot] validate_managers=True
[DadBot] No durable store available, using in-memory state store.
______________ test_runtime_client_rejects_non_modelport_callers ______________

bot = <dadbot.core.dadbot.DadBot object at 0x0000021A912E1450>

    def test_runtime_client_rejects_non_modelport_callers(bot):
        blocked = False
        try:
>           bot.runtime_client.call_ollama_chat(
            ^^^^^^^^^^^^^^^^^^
                [{"role": "user", "content": "hello"}],
                purpose="chat",
            )
E           AttributeError: 'DadBot' object has no attribute 'runtime_client'. Did you mean: 'runtime_config'?

tests\test_service_split.py:977: AttributeError
---------------------------- Captured stdout setup ----------------------------
[DadBot] validate_managers=True
[DadBot] No durable store available, using in-memory state store.
_____________ test_memory_storage_rejects_direct_mutation_bypass ______________

bot = <dadbot.core.dadbot.DadBot object at 0x0000021A912E3110>

    def test_memory_storage_rejects_direct_mutation_bypass(bot):
        blocked = False
        try:
>           bot.memory._storage.mutate_memory_store(memories=[])
            ^^^^^^^^^^^^^^^^^^^
E           AttributeError: 'MemoryManager' object has no attribute '_storage'

tests\test_service_split.py:989: AttributeError
---------------------------- Captured stdout setup ----------------------------
[DadBot] validate_managers=True
[DadBot] No durable store available, using in-memory state store.
______________ test_runtime_storage_methods_delegate_to_manager _______________

bot = <dadbot.core.dadbot.DadBot object at 0x0000021A912E3B10>
monkeypatch = <_pytest.monkeypatch.MonkeyPatch object at 0x0000021A9130FE70>

    def test_runtime_storage_methods_delegate_to_manager(bot, monkeypatch):
        monkeypatch.setattr(
            bot.runtime_storage, "capture_corrupt_json_snapshot", lambda source_path: f"snapshot::{source_path}"
        )
        monkeypatch.setattr(
            bot.runtime_storage,
            "write_json_atomically",
            lambda destination, payload, backup=True: {"destination": destination, "payload": payload, "backup": backup},
        )
        monkeypatch.setattr(bot.runtime_storage, "load_profile", lambda: {"style": {"name": "Dad"}})
        monkeypatch.setattr(bot.runtime_storage, "save_profile", lambda: "saved-profile")
        monkeypatch.setattr(
            bot.runtime_storage, "customer_persistence_status", lambda: {"enabled": True, "backend": "PostgresStateStore"}
        )
    
        backup_path = bot.json_backup_path("dad_memory.json")
        corrupt_path = bot.corrupt_json_snapshot_path("dad_memory.json")
>       captured = bot.capture_corrupt_json_snapshot("dad_memory.json")
                   ^^^^^^^^^^^^^^^^^^^^^^^^^^^^^^^^^
E       AttributeError: 'DadBot' object has no attribute 'capture_corrupt_json_snapshot'

tests\test_service_split.py:1029: AttributeError
---------------------------- Captured stdout setup ----------------------------
[DadBot] validate_managers=True
[DadBot] No durable store available, using in-memory state store.
______________ test_session_summary_methods_delegate_to_manager _______________

bot = <dadbot.core.dadbot.DadBot object at 0x0000021A91284550>
monkeypatch = <_pytest.monkeypatch.MonkeyPatch object at 0x0000021A912D2270>

    def test_session_summary_methods_delegate_to_manager(bot, monkeypatch):
        monkeypatch.setattr(
>           bot.session_summary_manager,
            ^^^^^^^^^^^^^^^^^^^^^^^^^^^
            "build_session_summary_prompt",
            lambda previous_summary, messages: f"prompt::{previous_summary}::{len(messages)}",
        )
E       AttributeError: 'DadBot' object has no attribute 'session_summary_manager'. Did you mean: 'session_summary_updated_at'?

tests\test_service_split.py:1046: AttributeError
---------------------------- Captured stdout setup ----------------------------
[DadBot] validate_managers=True
[DadBot] No durable store available, using in-memory state store.
______________ test_long_term_signal_methods_delegate_to_manager ______________

bot = <dadbot.core.dadbot.DadBot object at 0x0000021A91284F50>
monkeypatch = <_pytest.monkeypatch.MonkeyPatch object at 0x0000021A912D1E10>

    def test_long_term_signal_methods_delegate_to_manager(bot, monkeypatch):
>       monkeypatch.setattr(bot.long_term_signals, "summarize_memory_graph", lambda: "graph::summary")
                            ^^^^^^^^^^^^^^^^^^^^^
E       AttributeError: 'DadBot' object has no attribute 'long_term_signals'

tests\test_service_split.py:1062: AttributeError
---------------------------- Captured stdout setup ----------------------------
[DadBot] validate_managers=True
[DadBot] No durable store available, using in-memory state store.
______________ test_reply_supervisor_methods_delegate_to_manager ______________

bot = <dadbot.core.dadbot.DadBot object at 0x0000021A91285950>
monkeypatch = <_pytest.monkeypatch.MonkeyPatch object at 0x0000021A912D2350>

    def test_reply_supervisor_methods_delegate_to_manager(bot, monkeypatch):
        monkeypatch.setattr(
>           bot.reply_supervisor,
            ^^^^^^^^^^^^^^^^^^^^
            "build_reply_critique_prompt",
            lambda user_input, draft_reply, current_mood: f"critique::{user_input}::{draft_reply}::{current_mood}",
        )
E       AttributeError: 'DadBot' object has no attribute 'reply_supervisor'. Did you mean: 'last_reply_supervisor'?

tests\test_service_split.py:1139: AttributeError
---------------------------- Captured stdout setup ----------------------------
[DadBot] validate_managers=True
[DadBot] No durable store available, using in-memory state store.
________________ test_memory_query_methods_delegate_to_manager ________________

bot = <dadbot.core.dadbot.DadBot object at 0x0000021A91286350>
monkeypatch = <_pytest.monkeypatch.MonkeyPatch object at 0x0000021A9130DB00>

    def test_memory_query_methods_delegate_to_manager(bot, monkeypatch):
>       monkeypatch.setattr(bot.memory_query, "memory_context_limit_for_input", lambda user_input: 2)
                            ^^^^^^^^^^^^^^^^
E       AttributeError: 'DadBot' object has no attribute 'memory_query'. Did you mean: 'memory_store'?

tests\test_service_split.py:1204: AttributeError
---------------------------- Captured stdout setup ----------------------------
[DadBot] validate_managers=True
[DadBot] No durable store available, using in-memory state store.
____________ test_memory_contradiction_methods_delegate_to_manager ____________

bot = <dadbot.core.dadbot.DadBot object at 0x0000021A91286D50>
monkeypatch = <_pytest.monkeypatch.MonkeyPatch object at 0x0000021A912D1C50>

    def test_memory_contradiction_methods_delegate_to_manager(bot, monkeypatch):
        monkeypatch.setattr(
>           bot.memory_coordinator,
            ^^^^^^^^^^^^^^^^^^^^^^
            "consolidated_contradictions",
            lambda limit=8: [{"left_summary": "A", "right_summary": "B", "limit": limit}],
        )
E       AttributeError: 'DadBot' object has no attribute 'memory_coordinator'

tests\test_service_split.py:1267: AttributeError
---------------------------- Captured stdout setup ----------------------------
[DadBot] validate_managers=True
[DadBot] No durable store available, using in-memory state store.
_______________ test_memory_command_methods_delegate_to_manager _______________

bot = <dadbot.core.dadbot.DadBot object at 0x0000021A91287750>
monkeypatch = <_pytest.monkeypatch.MonkeyPatch object at 0x0000021A912D1A20>

    def test_memory_command_methods_delegate_to_manager(bot, monkeypatch):
>       monkeypatch.setattr(bot.memory_commands, "handle_memory_command", lambda user_input: f"handled::{user_input}")
                            ^^^^^^^^^^^^^^^^^^^
E       AttributeError: 'DadBot' object has no attribute 'memory_commands'

tests\test_service_split.py:1290: AttributeError
---------------------------- Captured stdout setup ----------------------------
[DadBot] validate_managers=True
[DadBot] No durable store available, using in-memory state store.
_____________ test_runtime_interface_methods_delegate_to_manager ______________

bot = <dadbot.core.dadbot.DadBot object at 0x0000021A91280050>
monkeypatch = <_pytest.monkeypatch.MonkeyPatch object at 0x0000021A912D3BD0>

    def test_runtime_interface_methods_delegate_to_manager(bot, monkeypatch):
>       monkeypatch.setattr(bot.runtime_interface, "chat_loop", lambda: "chat-loop")
                            ^^^^^^^^^^^^^^^^^^^^^
E       AttributeError: 'DadBot' object has no attribute 'runtime_interface'. Did you mean: 'runtime_storage'?

tests\test_service_split.py:1305: AttributeError
---------------------------- Captured stdout setup ----------------------------
[DadBot] validate_managers=True
[DadBot] No durable store available, using in-memory state store.
_______________ test_model_runtime_methods_delegate_to_manager ________________

bot = <dadbot.core.dadbot.DadBot object at 0x0000021A91280B90>
monkeypatch = <_pytest.monkeypatch.MonkeyPatch object at 0x0000021A9132D7F0>

    def test_model_runtime_methods_delegate_to_manager(bot, monkeypatch):
>       monkeypatch.setattr(
            bot.model_runtime, "ollama_show_payload", lambda model_name=None: {"model": model_name or "active"}
        )
E       AttributeError: <dadbot.runtime_core.dummy_model_runtime.DummyModelRuntime object at 0x0000021A912FA440> has no attribute 'ollama_show_payload'

tests\test_service_split.py:1320: AttributeError
---------------------------- Captured stdout setup ----------------------------
[DadBot] validate_managers=True
[DadBot] No durable store available, using in-memory state store.
_____ test_embedding_model_candidates_fall_back_to_chat_models_when_unset _____

bot = <dadbot.core.dadbot.DadBot object at 0x0000021A91281590>

    def test_embedding_model_candidates_fall_back_to_chat_models_when_unset(bot):
        bot.ACTIVE_EMBEDDING_MODEL = None
        bot.PREFERRED_EMBEDDING_MODELS = ()
        bot.MODEL_NAME = "primary"
        bot.ACTIVE_MODEL = "primary"
        bot.FALLBACK_MODELS = ("fallback",)
    
>       candidates = bot.model_runtime.embedding_model_candidates()
                     ^^^^^^^^^^^^^^^^^^^^^^^^^^^^^^^^^^^^^^^^^^^^
E       AttributeError: 'DummyModelRuntime' object has no attribute 'embedding_model_candidates'

tests\test_service_split.py:1370: AttributeError
---------------------------- Captured stdout setup ----------------------------
[DadBot] validate_managers=True
[DadBot] No durable store available, using in-memory state store.
________ test_relationship_manager_snapshot_exposes_active_hypothesis _________

bot = <dadbot.core.dadbot.DadBot object at 0x0000021A91281F90>

    def test_relationship_manager_snapshot_exposes_active_hypothesis(bot):
>       snapshot = bot.relationship_manager.snapshot()
                   ^^^^^^^^^^^^^^^^^^^^^^^^
E       AttributeError: 'DadBot' object has no attribute 'relationship_manager'

tests\test_service_split.py:1376: AttributeError
---------------------------- Captured stdout setup ----------------------------
[DadBot] validate_managers=True
[DadBot] No durable store available, using in-memory state store.
_______________ test_maintenance_methods_delegate_to_scheduler ________________

bot = <dadbot.core.dadbot.DadBot object at 0x0000021A91282990>
monkeypatch = <_pytest.monkeypatch.MonkeyPatch object at 0x0000021A9132FA10>

    def test_maintenance_methods_delegate_to_scheduler(bot, monkeypatch):
        monkeypatch.setattr(
>           bot.maintenance_scheduler,
            ^^^^^^^^^^^^^^^^^^^^^^^^^
            "run_periodic_durable_synthesis",
            lambda trigger_text="", force=False: {"ran": True, "trigger_text": trigger_text, "force": force},
        )
E       AttributeError: 'DadBot' object has no attribute 'maintenance_scheduler'

tests\test_service_split.py:1386: AttributeError
---------------------------- Captured stdout setup ----------------------------
[DadBot] validate_managers=True
[DadBot] No durable store available, using in-memory state store.
___________ test_scheduled_proactive_methods_delegate_to_scheduler ____________

bot = <dadbot.core.dadbot.DadBot object at 0x0000021A91283390>
monkeypatch = <_pytest.monkeypatch.MonkeyPatch object at 0x0000021A9132E120>

    def test_scheduled_proactive_methods_delegate_to_scheduler(bot, monkeypatch):
        monkeypatch.setattr(
>           bot.maintenance_scheduler,
            ^^^^^^^^^^^^^^^^^^^^^^^^^
            "run_scheduled_proactive_jobs",
            lambda force=False, reference_time=None: {"queued_total": 1, "force": force, "reference_time": reference_time},
        )
E       AttributeError: 'DadBot' object has no attribute 'maintenance_scheduler'

tests\test_service_split.py:1406: AttributeError
---------------------------- Captured stdout setup ----------------------------
[DadBot] validate_managers=True
[DadBot] No durable store available, using in-memory state store.
_________ test_mood_detection_cache_methods_delegate_to_mood_manager __________

bot = <dadbot.core.dadbot.DadBot object at 0x0000021A91283D90>
monkeypatch = <_pytest.monkeypatch.MonkeyPatch object at 0x0000021A912D1A20>

    def test_mood_detection_cache_methods_delegate_to_mood_manager(bot, monkeypatch):
        monkeypatch.setattr(
>           bot.mood_manager, "get_cached_mood_detection", lambda user_input, recent_history=None: ("cache-key", "stressed")
            ^^^^^^^^^^^^^^^^
        )
E       AttributeError: 'DadBot' object has no attribute 'mood_manager'. Did you mean: 'memory_manager'?

tests\test_service_split.py:1418: AttributeError
---------------------------- Captured stdout setup ----------------------------
[DadBot] validate_managers=True
[DadBot] No durable store available, using in-memory state store.
___________ test_runtime_state_methods_delegate_to_runtime_manager ____________

bot = <dadbot.core.dadbot.DadBot object at 0x0000021A912287D0>
monkeypatch = <_pytest.monkeypatch.MonkeyPatch object at 0x0000021A9132F460>

    def test_runtime_state_methods_delegate_to_runtime_manager(bot, monkeypatch):
>       monkeypatch.setattr(
            bot.runtime_state_manager, "create_chat_thread", lambda title="": {"thread_id": "t-1", "title": title}
        )
E       AttributeError: None has no attribute 'create_chat_thread'

tests\test_service_split.py:1430: AttributeError
---------------------------- Captured stdout setup ----------------------------
[DadBot] validate_managers=True
[DadBot] No durable store available, using in-memory state store.
_______________ test_tool_methods_delegate_to_agentic_services ________________

bot = <dadbot.core.dadbot.DadBot object at 0x0000021A912291D0>
monkeypatch = <_pytest.monkeypatch.MonkeyPatch object at 0x0000021A911D1240>

    def test_tool_methods_delegate_to_agentic_services(bot, monkeypatch):
        monkeypatch.setattr(
>           bot.tool_registry, "get_available_tools", lambda: [{"type": "function", "function": {"name": "stub"}}]
            ^^^^^^^^^^^^^^^^^
        )
E       AttributeError: 'DadBot' object has no attribute 'tool_registry'

tests\test_service_split.py:1479: AttributeError
---------------------------- Captured stdout setup ----------------------------
[DadBot] validate_managers=True
[DadBot] No durable store available, using in-memory state store.
_________ test_memory_pipeline_methods_delegate_to_memory_coordinator _________

bot = <dadbot.core.dadbot.DadBot object at 0x0000021A91229BD0>
monkeypatch = <_pytest.monkeypatch.MonkeyPatch object at 0x0000021A911D1E10>

    def test_memory_pipeline_methods_delegate_to_memory_coordinator(bot, monkeypatch):
        monkeypatch.setattr(
>           bot.memory_coordinator,
            ^^^^^^^^^^^^^^^^^^^^^^
            "consolidate_memories",
            lambda force=False: [{"summary": "steady progress", "force": force}],
        )
E       AttributeError: 'DadBot' object has no attribute 'memory_coordinator'

tests\test_service_split.py:1492: AttributeError
---------------------------- Captured stdout setup ----------------------------
[DadBot] validate_managers=True
[DadBot] No durable store available, using in-memory state store.
____________ test_record_runtime_issue_delegates_to_health_manager ____________

bot = <dadbot.core.dadbot.DadBot object at 0x0000021A9122A5D0>
monkeypatch = <_pytest.monkeypatch.MonkeyPatch object at 0x0000021A911D23C0>

    def test_record_runtime_issue_delegates_to_health_manager(bot, monkeypatch):
        captured = {}
    
        def fake_record_runtime_issue(purpose, fallback, exc=None, *, level=None, metadata=None):
            captured["purpose"] = purpose
            captured["fallback"] = fallback
            captured["exc"] = exc
            captured["level"] = level
            return "ok"
    
>       monkeypatch.setattr(bot.health_manager, "record_runtime_issue", fake_record_runtime_issue)
                            ^^^^^^^^^^^^^^^^^^
E       AttributeError: 'DadBot' object has no attribute 'health_manager'. Did you mean: 'memory_manager'?

tests\test_service_split.py:1515: AttributeError
---------------------------- Captured stdout setup ----------------------------
[DadBot] validate_managers=True
[DadBot] No durable store available, using in-memory state store.
__________________ test_validate_managers_smoke_true_passes ___________________

bot = <dadbot.core.dadbot.DadBot object at 0x0000021A9122AE90>

    def test_validate_managers_smoke_true_passes(bot):
>       bot._validate_managers(smoke=True)

tests\test_service_split.py:1526: 
_ _ _ _ _ _ _ _ _ _ _ _ _ _ _ _ _ _ _ _ _ _ _ _ _ _ _ _ _ _ _ _ _ _ _ _ _ _ _ _

self = <dadbot.core.dadbot.DadBot object at 0x0000021A9122AE90>

    def _validate_managers(self, *, smoke: bool = False) -> None:
        services = getattr(self, "services", None)
        if services is not None:
>           services.validate_facade(smoke=smoke)
            ^^^^^^^^^^^^^^^^^^^^^^^^
E           AttributeError: 'dict' object has no attribute 'validate_facade'

dadbot\core\turn_mixin.py:262: AttributeError
---------------------------- Captured stdout setup ----------------------------
[DadBot] validate_managers=True
[DadBot] No durable store available, using in-memory state store.
_______________ test_runtime_client_tries_fallback_models_sync ________________

bot = <dadbot.core.dadbot.DadBot object at 0x0000021A911A02D0>
monkeypatch = <_pytest.monkeypatch.MonkeyPatch object at 0x0000021A9132D550>

    def test_runtime_client_tries_fallback_models_sync(bot, monkeypatch):
        from dadbot.managers import runtime_client as runtime_client_module
    
        attempted = []
    
        def fake_chat(**kwargs):
            model_name = kwargs.get("model")
            attempted.append(model_name)
            if model_name == "primary":
                raise ConnectionError("primary unavailable")
            return {"message": {"content": "ok"}}
    
        monkeypatch.setattr(runtime_client_module.ollama, "chat", fake_chat)
        bot.ACTIVE_MODEL = "primary"
>       monkeypatch.setattr(bot, "model_candidates", lambda: ["primary", "fallback"])
E       AttributeError: <dadbot.core.dadbot.DadBot object at 0x0000021A911A02D0> has no attribute 'model_candidates'

tests\test_service_split.py:1568: AttributeError
---------------------------- Captured stdout setup ----------------------------
[DadBot] validate_managers=True
[DadBot] No durable store available, using in-memory state store.
_______________ test_runtime_client_tries_fallback_models_async _______________

bot = <dadbot.core.dadbot.DadBot object at 0x0000021A911A0F50>
monkeypatch = <_pytest.monkeypatch.MonkeyPatch object at 0x0000021A911D24A0>

    def test_runtime_client_tries_fallback_models_async(bot, monkeypatch):
        from dadbot.managers import runtime_client as runtime_client_module
    
        attempted = []
    
        def fake_chat(**kwargs):
            model_name = kwargs.get("model")
            attempted.append(model_name)
            if model_name == "primary":
                raise ConnectionError("primary unavailable")
            return {"message": {"content": "ok"}}
    
        monkeypatch.setattr(runtime_client_module.ollama, "chat", fake_chat)
>       monkeypatch.setattr(bot.runtime_client, "ollama_async_client", lambda: None)
                            ^^^^^^^^^^^^^^^^^^
E       AttributeError: 'DadBot' object has no attribute 'runtime_client'. Did you mean: 'runtime_config'?

tests\test_service_split.py:1594: AttributeError
---------------------------- Captured stdout setup ----------------------------
[DadBot] validate_managers=True
[DadBot] No durable store available, using in-memory state store.
___________ test_plan_agentic_tools_closed_loop_falls_back_cleanly ____________

bot = <dadbot.core.dadbot.DadBot object at 0x0000021A911A1810>
monkeypatch = <_pytest.monkeypatch.MonkeyPatch object at 0x0000021A911D2430>

    def test_plan_agentic_tools_closed_loop_falls_back_cleanly(bot, monkeypatch):
        bot.ENABLE_AGENTIC_TOOLS = True
>       monkeypatch.setattr(bot, "agentic_tool_settings", lambda: {"enabled": True})
E       AttributeError: <dadbot.core.dadbot.DadBot object at 0x0000021A911A1810> has no attribute 'agentic_tool_settings'

tests\test_service_split.py:1613: AttributeError
---------------------------- Captured stdout setup ----------------------------
[DadBot] validate_managers=True
[DadBot] No durable store available, using in-memory state store.
_______ test_plan_agentic_tools_memory_authority_veto_blocks_execution ________

bot = <dadbot.core.dadbot.DadBot object at 0x0000021A911A2490>
monkeypatch = <_pytest.monkeypatch.MonkeyPatch object at 0x0000021A912355C0>

    def test_plan_agentic_tools_memory_authority_veto_blocks_execution(bot, monkeypatch):
        bot.ENABLE_AGENTIC_TOOLS = True
>       monkeypatch.setattr(bot, "agentic_tool_settings", lambda: {"enabled": True})
E       AttributeError: <dadbot.core.dadbot.DadBot object at 0x0000021A911A2490> has no attribute 'agentic_tool_settings'

tests\test_service_split.py:1640: AttributeError
---------------------------- Captured stdout setup ----------------------------
[DadBot] validate_managers=True
[DadBot] No durable store available, using in-memory state store.
____ test_plan_agentic_tools_memory_perturbation_changes_decision_outcome _____

bot = <dadbot.core.dadbot.DadBot object at 0x0000021A911A2E90>
monkeypatch = <_pytest.monkeypatch.MonkeyPatch object at 0x0000021A91235780>

    def test_plan_agentic_tools_memory_perturbation_changes_decision_outcome(bot, monkeypatch):
        bot.ENABLE_AGENTIC_TOOLS = True
>       monkeypatch.setattr(bot, "agentic_tool_settings", lambda: {"enabled": True})
E       AttributeError: <dadbot.core.dadbot.DadBot object at 0x0000021A911A2E90> has no attribute 'agentic_tool_settings'

tests\test_service_split.py:1701: AttributeError
---------------------------- Captured stdout setup ----------------------------
[DadBot] validate_managers=True
[DadBot] No durable store available, using in-memory state store.
____ test_refresh_memory_retrieval_after_tool_reconciles_and_updates_state ____

bot = <dadbot.core.dadbot.DadBot object at 0x0000021A911A3890>
monkeypatch = <_pytest.monkeypatch.MonkeyPatch object at 0x0000021A91236430>

    def test_refresh_memory_retrieval_after_tool_reconciles_and_updates_state(bot, monkeypatch):
        class DummyTurnContext:
            def __init__(self):
                self.state = {
                    "memory_retrieval_set": [
                        {"memory_id": "budget_target", "summary": "Target is $3000"},
                    ],
                    "memory_influence_brief": "Track the active budget target.",
                }
    
        turn_context = DummyTurnContext()
    
>       monkeypatch.setattr(bot, "graph_retrieval_for_input", lambda _query, limit=3: None)
E       AttributeError: <dadbot.core.dadbot.DadBot object at 0x0000021A911A3890> has no attribute 'graph_retrieval_for_input'

tests\test_service_split.py:1756: AttributeError
---------------------------- Captured stdout setup ----------------------------
[DadBot] validate_managers=True
[DadBot] No durable store available, using in-memory state store.
__________________________ test_tool_registry_wired ___________________________

    def test_tool_registry_wired():
        bot = make_test_dadbot()
>       assert hasattr(bot, 'tool_registry')
E       AssertionError: assert False
E        +  where False = hasattr(<dadbot.testing.make_test_dadbot.<locals>.PatchedDadBot object at 0x0000021A8CC42510>, 'tool_registry')

tests\test_services_wiring.py:10: AssertionError
---------------------------- Captured stdout call -----------------------------
[DadBot] validate_managers=True
_____________________________ test_metrics_wired ______________________________

    def test_metrics_wired():
        bot = make_test_dadbot()
>       assert hasattr(bot, 'metrics')
E       AssertionError: assert False
E        +  where False = hasattr(<dadbot.testing.make_test_dadbot.<locals>.PatchedDadBot object at 0x0000021A8CC43620>, 'metrics')

tests\test_services_wiring.py:15: AssertionError
---------------------------- Captured stdout call -----------------------------
[DadBot] validate_managers=True
____________________________ test_smart_home_wired ____________________________

    def test_smart_home_wired():
        bot = make_test_dadbot()
>       assert hasattr(bot, 'smart_home')
E       AssertionError: assert False
E        +  where False = hasattr(<dadbot.testing.make_test_dadbot.<locals>.PatchedDadBot object at 0x0000021A911BC980>, 'smart_home')

tests\test_services_wiring.py:20: AssertionError
---------------------------- Captured stdout call -----------------------------
[DadBot] validate_managers=True
_____________________________ test_asr_tts_wired ______________________________

    def test_asr_tts_wired():
        bot = make_test_dadbot()
>       assert hasattr(bot, 'asr')
E       AssertionError: assert False
E        +  where False = hasattr(<dadbot.testing.make_test_dadbot.<locals>.PatchedDadBot object at 0x0000021A911BDBE0>, 'asr')

tests\test_services_wiring.py:25: AssertionError
---------------------------- Captured stdout call -----------------------------
[DadBot] validate_managers=True
________________ test_longitudinal_synthesis_persists_insights ________________

bot = <dadbot.core.dadbot.DadBot object at 0x0000021A91267110>

    def test_longitudinal_synthesis_persists_insights(bot):
        bot.MEMORY_STORE["session_archive"] = [
            {
                "id": "a",
                "summary": "Electronics project got overwhelming again.",
                "created_at": "2026-04-10T20:00:00",
                "topics": ["electronics"],
                "dominant_mood": "stressed",
                "turn_count": 4,
            },
            {
                "id": "b",
                "summary": "Electronics troubleshooting felt heavy.",
                "created_at": "2026-04-12T20:00:00",
                "topics": ["electronics"],
                "dominant_mood": "stressed",
                "turn_count": 4,
            },
            {
                "id": "c",
                "summary": "Woodworking practice felt focused.",
                "created_at": "2026-04-13T20:00:00",
                "topics": ["woodworking"],
                "dominant_mood": "positive",
                "turn_count": 4,
            },
            {
                "id": "d",
                "summary": "Electronics got easier after slowing down.",
                "created_at": "2026-04-14T20:00:00",
                "topics": ["electronics"],
                "dominant_mood": "stressed",
                "turn_count": 4,
            },
        ]
    
>       insights = bot.long_term_signals.synthesize_longitudinal_insights(force=True, reference_time="2026-04-21T09:00:00")
                   ^^^^^^^^^^^^^^^^^^^^^
E       AttributeError: 'DadBot' object has no attribute 'long_term_signals'

tests\test_shadow_thread.py:106: AttributeError
---------------------------- Captured stdout setup ----------------------------
[DadBot] validate_managers=True
[DadBot] No durable store available, using in-memory state store.
_________ test_dad_streamlit_app_starts_without_streamlit_exceptions __________

tmp_path = WindowsPath('C:/Users/josep/AppData/Local/Temp/pytest-of-josep/pytest-4131/test_dad_streamlit_app_starts_0')

    def test_dad_streamlit_app_starts_without_streamlit_exceptions(tmp_path):
        repo_root = Path(__file__).resolve().parents[1]
        sandbox_root = tmp_path / "app_sandbox"
        sandbox_root.mkdir()
        _prepare_streamlit_sandbox(repo_root, sandbox_root)
    
        smoke_code = textwrap.dedent(
            """
            from streamlit.testing.v1 import AppTest
    
            app = AppTest.from_file("dad_streamlit.py").run(timeout=30)
            button_labels = [str(button.label) for button in app.button]
            radio_labels = [str(r.label) for r in app.radio]
    
            assert len(app.exception) == 0, list(app.exception)
            assert len(app.error) == 0, [item.value for item in app.error]
            assert "New Thread" in button_labels, button_labels
            assert "Navigate" in radio_labels, radio_labels
    
            # Availability-only check: route load succeeds and workshop section is present.
            nav_radio = next(r for r in app.radio if r.label == "Navigate")
            app = nav_radio.set_value("workshop").run(timeout=30)
            assert len(app.exception) == 0, list(app.exception)
            assert len(app.error) == 0, [item.value for item in app.error]
    
            workshop_labels = [str(r.label) for r in app.radio]
            assert "Workshop section" in workshop_labels, workshop_labels
            """
        )
    
        _dadbot_keys = {k for k in os.environ if k.startswith("DADBOT_")}
        _smoke_env = {k: v for k, v in os.environ.items() if k not in _dadbot_keys}
        _smoke_env["PYTHONIOENCODING"] = "utf-8"
    
        result = subprocess.run(
            [sys.executable, "-c", smoke_code],
            cwd=sandbox_root,
            capture_output=True,
            text=True,
            encoding="utf-8",
            timeout=60,
            env=_smoke_env,
        )
    
>       assert result.returncode == 0, (
            f"dad_streamlit.py failed smoke startup.\nSTDOUT:\n{result.stdout}\nSTDERR:\n{result.stderr}"
        )
E       AssertionError: dad_streamlit.py failed smoke startup.
E         STDOUT:
E         [ERROR] Manager import failed: No module named 'dadbot.managers.event_bus'
E         [DadBot] validate_managers=False
E         [DadBot] No durable store available, using in-memory state store.
E         
E         STDERR:
E         2026-05-26 21:47:22.981 WARNING streamlit.runtime.scriptrunner_utils.script_run_context: Thread 'MainThread': missing ScriptRunContext! This warning can be ignored when running in bare mode.
E         [DEBUG] dad_streamlit.py loaded from: dad_streamlit.py
E         2026-05-26 21:47:24.990 Uncaught app execution
E         Traceback (most recent call last):
E           File "C:\Users\josep\OneDrive\Desktop\Dad-Bot\.venv\Lib\site-packages\streamlit\runtime\scriptrunner\exec_code.py", line 129, in exec_func_with_error_handling
E             result = func()
E           File "C:\Users\josep\OneDrive\Desktop\Dad-Bot\.venv\Lib\site-packages\streamlit\runtime\scriptrunner\script_runner.py", line 689, in code_to_exec
E             exec(code, module.__dict__)  # noqa: S102
E             ~~~~^^^^^^^^^^^^^^^^^^^^^^^
E           File "C:\Users\josep\AppData\Local\Temp\pytest-of-josep\pytest-4131\test_dad_streamlit_app_starts_0\app_sandbox\dad_streamlit.py", line 65, in <module>
E             REAL_DADBOT = DadBot(
E                 config=config,
E             ...<6 lines>...
E                 validate_managers=False,
E             )
E           File "C:\Users\josep\AppData\Local\Temp\pytest-of-josep\pytest-4131\test_dad_streamlit_app_starts_0\app_sandbox\dadbot\core\dadbot.py", line 232, in __init__
E             DadBotBootMixin.__init__(
E             ~~~~~~~~~~~~~~~~~~~~~~~~^
E                 self,
E                 ^^^^^
E             ...<5 lines>...
E                 **kwargs
E                 ^^^^^^^^
E             )
E             ^
E           File "C:\Users\josep\AppData\Local\Temp\pytest-of-josep\pytest-4131\test_dad_streamlit_app_starts_0\app_sandbox\dadbot\core\boot_mixin.py", line 443, in __init__
E             self._initialize_services()
E             ~~~~~~~~~~~~~~~~~~~~~~~~~^^
E           File "C:\Users\josep\AppData\Local\Temp\pytest-of-josep\pytest-4131\test_dad_streamlit_app_starts_0\app_sandbox\dadbot\core\boot_mixin.py", line 266, in _initialize_services
E             self.runtime_services = self._resolve_dependency(
E                                     ~~~~~~~~~~~~~~~~~~~~~~~~^
E                 "core_runtime_services",
E                 ^^^^^^^^^^^^^^^^^^^^^^^^
E                 lambda: DefaultCoreRuntimeServices(self),
E                 ^^^^^^^^^^^^^^^^^^^^^^^^^^^^^^^^^^^^^^^^^
E             )
E             ^
E           File "C:\Users\josep\AppData\Local\Temp\pytest-of-josep\pytest-4131\test_dad_streamlit_app_starts_0\app_sandbox\dadbot\core\boot_mixin.py", line 92, in _resolve_dependency
E             if key in overrides:
E                ^^^^^^^^^^^^^^^^
E         TypeError: argument of type 'NoneType' is not iterable
E         Traceback (most recent call last):
E           File "<string>", line 8, in <module>
E             assert len(app.exception) == 0, list(app.exception)
E                    ^^^^^^^^^^^^^^^^^^^^^^^
E         AssertionError: [Exception(message="argument of type 'NoneType' is not iterable", stack_trace=['File "C:\\Users\\josep\\AppData\\Local\\Temp\\pytest-of-josep\\pytest-4131\\test_dad_streamlit_app_starts_0\\app_sandbox\\dad_streamlit.py", line 65, in <module>\n    REAL_DADBOT = DadBot(\n        config=config,\n    ...<6 lines>...\n        validate_managers=False,\n    )', 'File "C:\\Users\\josep\\AppData\\Local\\Temp\\pytest-of-josep\\pytest-4131\\test_dad_streamlit_app_starts_0\\app_sandbox\\dadbot\\core\\dadbot.py", line 232, in __init__\n    DadBotBootMixin.__init__(\n    ~~~~~~~~~~~~~~~~~~~~~~~~^\n        self,\n        ^^^^^\n    ...<5 lines>...\n        **kwargs\n        ^^^^^^^^\n    )\n    ^', 'File "C:\\Users\\josep\\AppData\\Local\\Temp\\pytest-of-josep\\pytest-4131\\test_dad_streamlit_app_starts_0\\app_sandbox\\dadbot\\core\\boot_mixin.py", line 443, in __init__\n    self._initialize_services()\n    ~~~~~~~~~~~~~~~~~~~~~~~~~^^', 'File "C:\\Users\\josep\\AppData\\Local\\Temp\\pytest-of-josep\\pytest-4131\\test_dad_streamlit_app_starts_0\\app_sandbox\\dadbot\\core\\boot_mixin.py", line 266, in _initialize_services\n    self.runtime_services = self._resolve_dependency(\n                            ~~~~~~~~~~~~~~~~~~~~~~~~^\n        "core_runtime_services",\n        ^^^^^^^^^^^^^^^^^^^^^^^^\n        lambda: DefaultCoreRuntimeServices(self),\n        ^^^^^^^^^^^^^^^^^^^^^^^^^^^^^^^^^^^^^^^^^\n    )\n    ^', 'File "C:\\Users\\josep\\AppData\\Local\\Temp\\pytest-of-josep\\pytest-4131\\test_dad_streamlit_app_starts_0\\app_sandbox\\dadbot\\core\\boot_mixin.py", line 92, in _resolve_dependency\n    if key in overrides:\n       ^^^^^^^^^^^^^^^^'])]
E         
E       assert 1 == 0
E        +  where 1 = CompletedProcess(args=['C:\\Users\\josep\\OneDrive\\Desktop\\Dad-Bot\\.venv\\Scripts\\python.exe', '-c', '\nfrom strea...\\core\\\\boot_mixin.py", line 92, in _resolve_dependency\\n    if key in overrides:\\n       ^^^^^^^^^^^^^^^^\'])]\n').returncode

tests\test_streamlit_smoke.py:103: AssertionError
_________ test_preferences_tab_shows_detected_cloud_llm_api_key_hint __________

tmp_path = WindowsPath('C:/Users/josep/AppData/Local/Temp/pytest-of-josep/pytest-4131/test_preferences_tab_shows_det0')

    def test_preferences_tab_shows_detected_cloud_llm_api_key_hint(tmp_path):
        repo_root = Path(__file__).resolve().parents[1]
        sandbox_root = tmp_path / "app_sandbox"
        sandbox_root.mkdir()
        _prepare_streamlit_sandbox(repo_root, sandbox_root)
    
        profile_path = sandbox_root / "dad_profile.json"
        profile_payload = json.loads(profile_path.read_text(encoding="utf-8"))
        profile_payload["llm"] = {
            "provider": "openai",
            "model": "gpt-4o-mini",
        }
        profile_path.write_text(json.dumps(profile_payload, indent=2), encoding="utf-8")
    
        smoke_code = textwrap.dedent(
            """
            from streamlit.testing.v1 import AppTest
    
            app = AppTest.from_file("dad_streamlit.py").run(timeout=30)
    
            assert len(app.exception) == 0, list(app.exception)
            assert len(app.error) == 0, [item.value for item in app.error]
    
            # Navigate to Dad's Workshop
            nav_radio = next(r for r in app.radio if r.label == "Navigate")
            app = nav_radio.set_value("workshop").run(timeout=30)
    
            # Select Preferences section in workshop
            workshop_radio = next(r for r in app.radio if r.label == "Workshop section")
            app = workshop_radio.set_value("Preferences").run(timeout=30)
    
            captions = [str(item.value) for item in app.caption]
            assert any("OPENAI_API_KEY" in caption and "detected" in caption for caption in captions), captions
            """
        )
    
        _dadbot_keys_pref = {k for k in os.environ if k.startswith("DADBOT_")}
        _pref_env = {k: v for k, v in os.environ.items() if k not in _dadbot_keys_pref}
        _pref_env["OPENAI_API_KEY"] = "test-openai-key"
        _pref_env["PYTHONIOENCODING"] = "utf-8"
    
        result = subprocess.run(
            [sys.executable, "-c", smoke_code],
            cwd=sandbox_root,
            capture_output=True,
            text=True,
            encoding="utf-8",
            timeout=60,
            env=_pref_env,
        )
    
>       assert result.returncode == 0, (
            f"dad_streamlit.py failed LLM preferences hint smoke test.\nSTDOUT:\n{result.stdout}\nSTDERR:\n{result.stderr}"
        )
E       AssertionError: dad_streamlit.py failed LLM preferences hint smoke test.
E         STDOUT:
E         [ERROR] Manager import failed: No module named 'dadbot.managers.event_bus'
E         [DadBot] validate_managers=False
E         [DadBot] No durable store available, using in-memory state store.
E         
E         STDERR:
E         2026-05-26 21:47:25.884 WARNING streamlit.runtime.scriptrunner_utils.script_run_context: Thread 'MainThread': missing ScriptRunContext! This warning can be ignored when running in bare mode.
E         [DEBUG] dad_streamlit.py loaded from: dad_streamlit.py
E         2026-05-26 21:47:27.882 Uncaught app execution
E         Traceback (most recent call last):
E           File "C:\Users\josep\OneDrive\Desktop\Dad-Bot\.venv\Lib\site-packages\streamlit\runtime\scriptrunner\exec_code.py", line 129, in exec_func_with_error_handling
E             result = func()
E           File "C:\Users\josep\OneDrive\Desktop\Dad-Bot\.venv\Lib\site-packages\streamlit\runtime\scriptrunner\script_runner.py", line 689, in code_to_exec
E             exec(code, module.__dict__)  # noqa: S102
E             ~~~~^^^^^^^^^^^^^^^^^^^^^^^
E           File "C:\Users\josep\AppData\Local\Temp\pytest-of-josep\pytest-4131\test_preferences_tab_shows_det0\app_sandbox\dad_streamlit.py", line 65, in <module>
E             REAL_DADBOT = DadBot(
E                 config=config,
E             ...<6 lines>...
E                 validate_managers=False,
E             )
E           File "C:\Users\josep\AppData\Local\Temp\pytest-of-josep\pytest-4131\test_preferences_tab_shows_det0\app_sandbox\dadbot\core\dadbot.py", line 232, in __init__
E             DadBotBootMixin.__init__(
E             ~~~~~~~~~~~~~~~~~~~~~~~~^
E                 self,
E                 ^^^^^
E             ...<5 lines>...
E                 **kwargs
E                 ^^^^^^^^
E             )
E             ^
E           File "C:\Users\josep\AppData\Local\Temp\pytest-of-josep\pytest-4131\test_preferences_tab_shows_det0\app_sandbox\dadbot\core\boot_mixin.py", line 443, in __init__
E             self._initialize_services()
E             ~~~~~~~~~~~~~~~~~~~~~~~~~^^
E           File "C:\Users\josep\AppData\Local\Temp\pytest-of-josep\pytest-4131\test_preferences_tab_shows_det0\app_sandbox\dadbot\core\boot_mixin.py", line 266, in _initialize_services
E             self.runtime_services = self._resolve_dependency(
E                                     ~~~~~~~~~~~~~~~~~~~~~~~~^
E                 "core_runtime_services",
E                 ^^^^^^^^^^^^^^^^^^^^^^^^
E                 lambda: DefaultCoreRuntimeServices(self),
E                 ^^^^^^^^^^^^^^^^^^^^^^^^^^^^^^^^^^^^^^^^^
E             )
E             ^
E           File "C:\Users\josep\AppData\Local\Temp\pytest-of-josep\pytest-4131\test_preferences_tab_shows_det0\app_sandbox\dadbot\core\boot_mixin.py", line 92, in _resolve_dependency
E             if key in overrides:
E                ^^^^^^^^^^^^^^^^
E         TypeError: argument of type 'NoneType' is not iterable
E         Traceback (most recent call last):
E           File "<string>", line 6, in <module>
E             assert len(app.exception) == 0, list(app.exception)
E                    ^^^^^^^^^^^^^^^^^^^^^^^
E         AssertionError: [Exception(message="argument of type 'NoneType' is not iterable", stack_trace=['File "C:\\Users\\josep\\AppData\\Local\\Temp\\pytest-of-josep\\pytest-4131\\test_preferences_tab_shows_det0\\app_sandbox\\dad_streamlit.py", line 65, in <module>\n    REAL_DADBOT = DadBot(\n        config=config,\n    ...<6 lines>...\n        validate_managers=False,\n    )', 'File "C:\\Users\\josep\\AppData\\Local\\Temp\\pytest-of-josep\\pytest-4131\\test_preferences_tab_shows_det0\\app_sandbox\\dadbot\\core\\dadbot.py", line 232, in __init__\n    DadBotBootMixin.__init__(\n    ~~~~~~~~~~~~~~~~~~~~~~~~^\n        self,\n        ^^^^^\n    ...<5 lines>...\n        **kwargs\n        ^^^^^^^^\n    )\n    ^', 'File "C:\\Users\\josep\\AppData\\Local\\Temp\\pytest-of-josep\\pytest-4131\\test_preferences_tab_shows_det0\\app_sandbox\\dadbot\\core\\boot_mixin.py", line 443, in __init__\n    self._initialize_services()\n    ~~~~~~~~~~~~~~~~~~~~~~~~~^^', 'File "C:\\Users\\josep\\AppData\\Local\\Temp\\pytest-of-josep\\pytest-4131\\test_preferences_tab_shows_det0\\app_sandbox\\dadbot\\core\\boot_mixin.py", line 266, in _initialize_services\n    self.runtime_services = self._resolve_dependency(\n                            ~~~~~~~~~~~~~~~~~~~~~~~~^\n        "core_runtime_services",\n        ^^^^^^^^^^^^^^^^^^^^^^^^\n        lambda: DefaultCoreRuntimeServices(self),\n        ^^^^^^^^^^^^^^^^^^^^^^^^^^^^^^^^^^^^^^^^^\n    )\n    ^', 'File "C:\\Users\\josep\\AppData\\Local\\Temp\\pytest-of-josep\\pytest-4131\\test_preferences_tab_shows_det0\\app_sandbox\\dadbot\\core\\boot_mixin.py", line 92, in _resolve_dependency\n    if key in overrides:\n       ^^^^^^^^^^^^^^^^'])]
E         
E       assert 1 == 0
E        +  where 1 = CompletedProcess(args=['C:\\Users\\josep\\OneDrive\\Desktop\\Dad-Bot\\.venv\\Scripts\\python.exe', '-c', '\nfrom strea...\\core\\\\boot_mixin.py", line 92, in _resolve_dependency\\n    if key in overrides:\\n       ^^^^^^^^^^^^^^^^\'])]\n').returncode

tests\test_streamlit_smoke.py:159: AssertionError
_________________ test_sidebar_and_button_surface_accessible __________________

tmp_path = WindowsPath('C:/Users/josep/AppData/Local/Temp/pytest-of-josep/pytest-4131/test_sidebar_and_button_surfac0')

    def test_sidebar_and_button_surface_accessible(tmp_path):
        repo_root = Path(__file__).resolve().parents[1]
        sandbox_root = tmp_path / "app_sandbox"
        sandbox_root.mkdir()
        _prepare_streamlit_sandbox(repo_root, sandbox_root)
    
        smoke_code = textwrap.dedent(
            """
            from streamlit.testing.v1 import AppTest
    
            def collect_labels(app, buttons, checkboxes, selects):
                buttons.update(str(item.label) for item in app.button)
                checkboxes.update(str(item.label) for item in app.checkbox)
                selects.update(str(item.label) for item in app.selectbox)
    
            app = AppTest.from_file("dad_streamlit.py").run(timeout=30)
            assert len(app.exception) == 0, list(app.exception)
            assert len(app.error) == 0, [item.value for item in app.error]
    
            seen_buttons = set()
            seen_checkboxes = set()
            seen_selects = set()
            collect_labels(app, seen_buttons, seen_checkboxes, seen_selects)
    
            nav_radio = next(r for r in app.radio if r.label == "Navigate")
            for view in ("status", "workshop", "voice", "chat"):
                app = nav_radio.set_value(view).run(timeout=30)
                assert len(app.exception) == 0, list(app.exception)
                assert len(app.error) == 0, [item.value for item in app.error]
                collect_labels(app, seen_buttons, seen_checkboxes, seen_selects)
                nav_radio = next(r for r in app.radio if r.label == "Navigate")
    
                if view == "workshop":
                    section_radio = next(r for r in app.radio if r.label == "Workshop section")
                    for section in ("Status", "Preferences", "Data", "Mobile"):
                        app = section_radio.set_value(section).run(timeout=30)
                        assert len(app.exception) == 0, list(app.exception)
                        assert len(app.error) == 0, [item.value for item in app.error]
                        collect_labels(app, seen_buttons, seen_checkboxes, seen_selects)
                        nav_radio = next(r for r in app.radio if r.label == "Navigate")
                        section_radio = next(r for r in app.radio if r.label == "Workshop section")
    
            expected_buttons = {
                "Open Dad's Workshop",
                "Go to thread",
                "New Thread",
                "\U0001f4f8 Send Photo",
                "Daily Check-in",
                "Evolve Persona",
                "\U0001f9f5 New Thread",
                "\U0001f399\ufe0f Talk",
                "\U0001f4f7 Send Photo",
                "\U0001f49a Check-in",
                "\U0001f4ac Chat",
                "\U0001fa7a Status",
                "\U0001f6e0\ufe0f Workshop",
                "\U0001f399\ufe0f Voice",
                "Force Consolidation",
                "Clear Semantic Index",
                "Export Memory",
                "Optimize Hardware",
                "Reset session context",
                "Start Mobile Thread",
                "Send Photo to Thread",
                "Switch to Selected Thread",
                "Generate new avatar",
                "Write this week's entry",
                "Search",
            }
    
            assert expected_buttons.issubset(seen_buttons), sorted(expected_buttons - seen_buttons)
            assert ("Enable Quiet Mode" in seen_buttons) or ("Disable Quiet Mode" in seen_buttons), sorted(seen_buttons)
            assert "Show open threads only" in seen_checkboxes, sorted(seen_checkboxes)
            assert "Switch thread" in seen_selects, sorted(seen_selects)
            """
        )
    
        # Strip any DADBOT_* env overrides so the subprocess always derives paths
        # from the sandbox root rather than inheriting leaked test-scoped env vars.
        _dadbot_keys = {k for k in os.environ if k.startswith("DADBOT_")}
        sandbox_env = {k: v for k, v in os.environ.items() if k not in _dadbot_keys}
        sandbox_env["PYTHONIOENCODING"] = "utf-8"
    
        result = subprocess.run(
            [sys.executable, "-c", smoke_code],
            cwd=sandbox_root,
            capture_output=True,
            text=True,
            encoding="utf-8",
            timeout=120,
            env=sandbox_env,
        )
    
>       assert result.returncode == 0, (
            "dad_streamlit.py failed sidebar/button surface smoke test.\n"
            f"STDOUT:\n{result.stdout}\n"
            f"STDERR:\n{result.stderr}"
        )
E       AssertionError: dad_streamlit.py failed sidebar/button surface smoke test.
E         STDOUT:
E         [ERROR] Manager import failed: No module named 'dadbot.managers.event_bus'
E         [DadBot] validate_managers=False
E         [DadBot] No durable store available, using in-memory state store.
E         
E         STDERR:
E         2026-05-26 21:47:28.701 WARNING streamlit.runtime.scriptrunner_utils.script_run_context: Thread 'MainThread': missing ScriptRunContext! This warning can be ignored when running in bare mode.
E         [DEBUG] dad_streamlit.py loaded from: dad_streamlit.py
E         2026-05-26 21:47:30.718 Uncaught app execution
E         Traceback (most recent call last):
E           File "C:\Users\josep\OneDrive\Desktop\Dad-Bot\.venv\Lib\site-packages\streamlit\runtime\scriptrunner\exec_code.py", line 129, in exec_func_with_error_handling
E             result = func()
E           File "C:\Users\josep\OneDrive\Desktop\Dad-Bot\.venv\Lib\site-packages\streamlit\runtime\scriptrunner\script_runner.py", line 689, in code_to_exec
E             exec(code, module.__dict__)  # noqa: S102
E             ~~~~^^^^^^^^^^^^^^^^^^^^^^^
E           File "C:\Users\josep\AppData\Local\Temp\pytest-of-josep\pytest-4131\test_sidebar_and_button_surfac0\app_sandbox\dad_streamlit.py", line 65, in <module>
E             REAL_DADBOT = DadBot(
E                 config=config,
E             ...<6 lines>...
E                 validate_managers=False,
E             )
E           File "C:\Users\josep\AppData\Local\Temp\pytest-of-josep\pytest-4131\test_sidebar_and_button_surfac0\app_sandbox\dadbot\core\dadbot.py", line 232, in __init__
E             DadBotBootMixin.__init__(
E             ~~~~~~~~~~~~~~~~~~~~~~~~^
E                 self,
E                 ^^^^^
E             ...<5 lines>...
E                 **kwargs
E                 ^^^^^^^^
E             )
E             ^
E           File "C:\Users\josep\AppData\Local\Temp\pytest-of-josep\pytest-4131\test_sidebar_and_button_surfac0\app_sandbox\dadbot\core\boot_mixin.py", line 443, in __init__
E             self._initialize_services()
E             ~~~~~~~~~~~~~~~~~~~~~~~~~^^
E           File "C:\Users\josep\AppData\Local\Temp\pytest-of-josep\pytest-4131\test_sidebar_and_button_surfac0\app_sandbox\dadbot\core\boot_mixin.py", line 266, in _initialize_services
E             self.runtime_services = self._resolve_dependency(
E                                     ~~~~~~~~~~~~~~~~~~~~~~~~^
E                 "core_runtime_services",
E                 ^^^^^^^^^^^^^^^^^^^^^^^^
E                 lambda: DefaultCoreRuntimeServices(self),
E                 ^^^^^^^^^^^^^^^^^^^^^^^^^^^^^^^^^^^^^^^^^
E             )
E             ^
E           File "C:\Users\josep\AppData\Local\Temp\pytest-of-josep\pytest-4131\test_sidebar_and_button_surfac0\app_sandbox\dadbot\core\boot_mixin.py", line 92, in _resolve_dependency
E             if key in overrides:
E                ^^^^^^^^^^^^^^^^
E         TypeError: argument of type 'NoneType' is not iterable
E         Traceback (most recent call last):
E           File "<string>", line 10, in <module>
E             assert len(app.exception) == 0, list(app.exception)
E                    ^^^^^^^^^^^^^^^^^^^^^^^
E         AssertionError: [Exception(message="argument of type 'NoneType' is not iterable", stack_trace=['File "C:\\Users\\josep\\AppData\\Local\\Temp\\pytest-of-josep\\pytest-4131\\test_sidebar_and_button_surfac0\\app_sandbox\\dad_streamlit.py", line 65, in <module>\n    REAL_DADBOT = DadBot(\n        config=config,\n    ...<6 lines>...\n        validate_managers=False,\n    )', 'File "C:\\Users\\josep\\AppData\\Local\\Temp\\pytest-of-josep\\pytest-4131\\test_sidebar_and_button_surfac0\\app_sandbox\\dadbot\\core\\dadbot.py", line 232, in __init__\n    DadBotBootMixin.__init__(\n    ~~~~~~~~~~~~~~~~~~~~~~~~^\n        self,\n        ^^^^^\n    ...<5 lines>...\n        **kwargs\n        ^^^^^^^^\n    )\n    ^', 'File "C:\\Users\\josep\\AppData\\Local\\Temp\\pytest-of-josep\\pytest-4131\\test_sidebar_and_button_surfac0\\app_sandbox\\dadbot\\core\\boot_mixin.py", line 443, in __init__\n    self._initialize_services()\n    ~~~~~~~~~~~~~~~~~~~~~~~~~^^', 'File "C:\\Users\\josep\\AppData\\Local\\Temp\\pytest-of-josep\\pytest-4131\\test_sidebar_and_button_surfac0\\app_sandbox\\dadbot\\core\\boot_mixin.py", line 266, in _initialize_services\n    self.runtime_services = self._resolve_dependency(\n                            ~~~~~~~~~~~~~~~~~~~~~~~~^\n        "core_runtime_services",\n        ^^^^^^^^^^^^^^^^^^^^^^^^\n        lambda: DefaultCoreRuntimeServices(self),\n        ^^^^^^^^^^^^^^^^^^^^^^^^^^^^^^^^^^^^^^^^^\n    )\n    ^', 'File "C:\\Users\\josep\\AppData\\Local\\Temp\\pytest-of-josep\\pytest-4131\\test_sidebar_and_button_surfac0\\app_sandbox\\dadbot\\core\\boot_mixin.py", line 92, in _resolve_dependency\n    if key in overrides:\n       ^^^^^^^^^^^^^^^^'])]
E         
E       assert 1 == 0
E        +  where 1 = CompletedProcess(args=['C:\\Users\\josep\\OneDrive\\Desktop\\Dad-Bot\\.venv\\Scripts\\python.exe', '-c', '\nfrom strea...\\core\\\\boot_mixin.py", line 92, in _resolve_dependency\\n    if key in overrides:\\n       ^^^^^^^^^^^^^^^^\'])]\n').returncode

tests\test_streamlit_smoke.py:268: AssertionError
_______________ test_cross_store_partial_failure_rolls_back_all _______________

bot = <dadbot.core.dadbot.DadBot object at 0x0000021AFCBC1BD0>
monkeypatch = <_pytest.monkeypatch.MonkeyPatch object at 0x0000021AFE8325F0>

    def test_cross_store_partial_failure_rolls_back_all(bot, monkeypatch):
        before_store = deepcopy(dict(bot.MEMORY_STORE or {}))
>       before_graph = deepcopy(bot.graph_snapshot())
                                ^^^^^^^^^^^^^^^^^^
E       AttributeError: 'DadBot' object has no attribute 'graph_snapshot'

tests\test_transaction_coordinator_phase5.py:29: AttributeError
---------------------------- Captured stdout setup ----------------------------
[DadBot] validate_managers=True
[DadBot] No durable store available, using in-memory state store.
________________ test_crash_mid_commit_recovers_previous_state ________________

bot = <dadbot.core.dadbot.DadBot object at 0x0000021A914B0910>
monkeypatch = <_pytest.monkeypatch.MonkeyPatch object at 0x0000021AFE85DDA0>

    def test_crash_mid_commit_recovers_previous_state(bot, monkeypatch):
        semantic_manager = bot.memory_manager.semantic
        graph_manager = bot.memory_manager.graph_manager
>       monkeypatch.setattr(semantic_manager, "embed_texts", _stable_embedding_batch)
E       AttributeError: None has no attribute 'embed_texts'

tests\test_transaction_coordinator_phase5.py:68: AttributeError
---------------------------- Captured stdout setup ----------------------------
[DadBot] validate_managers=True
[DadBot] No durable store available, using in-memory state store.
________________________ test_full_replay_equivalence _________________________

bot = <dadbot.core.dadbot.DadBot object at 0x0000021A914B11D0>

    def test_full_replay_equivalence(bot):
>       bot.mutate_memory_store(
        ^^^^^^^^^^^^^^^^^^^^^^^
            memories=[_sample_memory("I need a stable savings plan")],
            consolidated_memories=[
                {
                    "summary": "We agreed to focus on monthly savings discipline",
                    "updated_at": "2026-05-10",
                    "category": "finance",
                },
            ],
        )
E       AttributeError: 'DadBot' object has no attribute 'mutate_memory_store'. Did you mean: 'save_memory_store'?

tests\test_transaction_coordinator_phase5.py:93: AttributeError
---------------------------- Captured stdout setup ----------------------------
[DadBot] validate_managers=True
[DadBot] No durable store available, using in-memory state store.
_________________ test_graph_checkpoint_events_are_replayable _________________

bot = <dadbot.core.dadbot.DadBot object at 0x0000021A914B2210>

    def test_graph_checkpoint_events_are_replayable(bot):
        recorder = ExecutionTraceRecorder(trace_id="trace-replay-001", prompt="replay")
        with bind_execution_trace(recorder, required=True):
>           bot.persist_graph_checkpoint(
            ^^^^^^^^^^^^^^^^^^^^^^^^^^^^
                {
                    "trace_id": "trace-replay-001",
                    "stage": "inference",
                    "status": "after",
                    "phase": "ACT",
                    "state": {"candidate": "draft reply"},
                    "metadata": {"determinism": {"enforced": True, "lock_hash": "det-lock-001"}},
                }
            )
E           AttributeError: 'DadBot' object has no attribute 'persist_graph_checkpoint'. Did you mean: 'load_latest_graph_checkpoint'?

tests\test_turn_graph_replay.py:102: AttributeError
---------------------------- Captured stdout setup ----------------------------
[DadBot] validate_managers=True
[DadBot] No durable store available, using in-memory state store.
___________ test_validate_replay_determinism_detects_expected_hash ____________

bot = <dadbot.core.dadbot.DadBot object at 0x0000021A914B1310>

    def test_validate_replay_determinism_detects_expected_hash(bot):
        recorder = ExecutionTraceRecorder(trace_id="trace-replay-002", prompt="replay")
        with bind_execution_trace(recorder, required=True):
>           bot.persist_graph_checkpoint(
            ^^^^^^^^^^^^^^^^^^^^^^^^^^^^
                {
                    "trace_id": "trace-replay-002",
                    "stage": "safety",
                    "status": "after",
                    "phase": "OBSERVE",
                    "state": {"safe_result": "ok"},
                    "metadata": {"determinism": {"enforced": True, "lock_hash": "det-lock-xyz"}},
                }
            )
E           AttributeError: 'DadBot' object has no attribute 'persist_graph_checkpoint'. Did you mean: 'load_latest_graph_checkpoint'?

tests\test_turn_graph_replay.py:134: AttributeError
---------------------------- Captured stdout setup ----------------------------
[DadBot] validate_managers=True
[DadBot] No durable store available, using in-memory state store.
___________ test_persistence_replay_operations_require_active_trace ___________

bot = <dadbot.core.dadbot.DadBot object at 0x0000021A914B2E90>

    def test_persistence_replay_operations_require_active_trace(bot):
        with pytest.raises(RuntimeTraceViolation):
>           bot.persist_graph_checkpoint(
            ^^^^^^^^^^^^^^^^^^^^^^^^^^^^
                {
                    "trace_id": "trace-no-context",
                    "stage": "inference",
                    "status": "after",
                    "state": {"candidate": "draft"},
                }
            )
E           AttributeError: 'DadBot' object has no attribute 'persist_graph_checkpoint'. Did you mean: 'load_latest_graph_checkpoint'?

tests\test_turn_graph_replay.py:155: AttributeError
---------------------------- Captured stdout setup ----------------------------
[DadBot] validate_managers=True
[DadBot] No durable store available, using in-memory state store.
_____________________ test_turn_replay_strict_equivalence _____________________
async def functions are not natively supported.
You need to install a suitable plugin for your async framework, for example:
  - anyio
  - pytest-asyncio
  - pytest-tornasync
  - pytest-trio
  - pytest-twisted
_________ TestReplayComparison.test_write_log_nonempty_and_attributed _________
async def functions are not natively supported.
You need to install a suitable plugin for your async framework, for example:
  - anyio
  - pytest-asyncio
  - pytest-tornasync
  - pytest-trio
  - pytest-twisted
___________ TestReplayComparison.test_two_runs_produce_same_output ____________
async def functions are not natively supported.
You need to install a suitable plugin for your async framework, for example:
  - anyio
  - pytest-asyncio
  - pytest-tornasync
  - pytest-trio
  - pytest-twisted
_________ TestReplayComparison.test_two_runs_produce_same_write_paths _________
async def functions are not natively supported.
You need to install a suitable plugin for your async framework, for example:
  - anyio
  - pytest-asyncio
  - pytest-tornasync
  - pytest-trio
  - pytest-twisted
__________ TestReplayComparison.test_two_runs_produce_identical_log ___________
async def functions are not natively supported.
You need to install a suitable plugin for your async framework, for example:
  - anyio
  - pytest-asyncio
  - pytest-tornasync
  - pytest-trio
  - pytest-twisted
_____________ test_submit_turn_triggers_ledger_compaction_report ______________
async def functions are not natively supported.
You need to install a suitable plugin for your async framework, for example:
  - anyio
  - pytest-asyncio
  - pytest-tornasync
  - pytest-trio
  - pytest-twisted
________ test_submit_turn_raises_when_commit_boundary_invariant_fails _________
async def functions are not natively supported.
You need to install a suitable plugin for your async framework, for example:
  - anyio
  - pytest-asyncio
  - pytest-tornasync
  - pytest-trio
  - pytest-twisted
________________ test_boot_reconcile_exposes_partition_summary ________________
async def functions are not natively supported.
You need to install a suitable plugin for your async framework, for example:
  - anyio
  - pytest-asyncio
  - pytest-tornasync
  - pytest-trio
  - pytest-twisted
___________ test_submit_turn_records_execution_composition_contract ___________
async def functions are not natively supported.
You need to install a suitable plugin for your async framework, for example:
  - anyio
  - pytest-asyncio
  - pytest-tornasync
  - pytest-trio
  - pytest-twisted
_____________________ test_submit_turn_records_core_state _____________________
async def functions are not natively supported.
You need to install a suitable plugin for your async framework, for example:
  - anyio
  - pytest-asyncio
  - pytest-tornasync
  - pytest-trio
  - pytest-twisted
_ test_global_confluence_law_binds_first_observation_and_reuses_expected_hash _
async def functions are not natively supported.
You need to install a suitable plugin for your async framework, for example:
  - anyio
  - pytest-asyncio
  - pytest-tornasync
  - pytest-trio
  - pytest-twisted
__________ test_global_confluence_law_raises_on_semantic_divergence ___________
async def functions are not natively supported.
You need to install a suitable plugin for your async framework, for example:
  - anyio
  - pytest-asyncio
  - pytest-tornasync
  - pytest-trio
  - pytest-twisted
___________ test_enforce_mode_kernel_gateway_stamps_confluence_key ____________
async def functions are not natively supported.
You need to install a suitable plugin for your async framework, for example:
  - anyio
  - pytest-asyncio
  - pytest-tornasync
  - pytest-trio
  - pytest-twisted
____________ test_submit_turn_failure_writes_typed_failure_payload ____________
async def functions are not natively supported.
You need to install a suitable plugin for your async framework, for example:
  - anyio
  - pytest-asyncio
  - pytest-tornasync
  - pytest-trio
  - pytest-twisted
___________ test_submit_turn_failure_emits_quarantine_policy_event ____________
async def functions are not natively supported.
You need to install a suitable plugin for your async framework, for example:
  - anyio
  - pytest-asyncio
  - pytest-tornasync
  - pytest-trio
  - pytest-twisted
______________ test_submit_turn_blocks_on_global_invariant_gate _______________
async def functions are not natively supported.
You need to install a suitable plugin for your async framework, for example:
  - anyio
  - pytest-asyncio
  - pytest-tornasync
  - pytest-trio
  - pytest-twisted
___________ test_submit_turn_blocks_on_timeout_status_inconsistency ___________
async def functions are not natively supported.
You need to install a suitable plugin for your async framework, for example:
  - anyio
  - pytest-asyncio
  - pytest-tornasync
  - pytest-trio
  - pytest-twisted
_______________ test_boot_reconcile_exposes_confluence_metrics ________________
async def functions are not natively supported.
You need to install a suitable plugin for your async framework, for example:
  - anyio
  - pytest-asyncio
  - pytest-tornasync
  - pytest-trio
  - pytest-twisted
_________ test_boot_reconcile_reports_ambiguous_effects_for_recovery __________
async def functions are not natively supported.
You need to install a suitable plugin for your async framework, for example:
  - anyio
  - pytest-asyncio
  - pytest-tornasync
  - pytest-trio
  - pytest-twisted
________ test_boot_reconcile_auto_consumes_reconcile_required_effects _________
async def functions are not natively supported.
You need to install a suitable plugin for your async framework, for example:
  - anyio
  - pytest-asyncio
  - pytest-tornasync
  - pytest-trio
  - pytest-twisted
_____________ test_boot_reconcile_auto_consumer_honors_max_items ______________
async def functions are not natively supported.
You need to install a suitable plugin for your async framework, for example:
  - anyio
  - pytest-asyncio
  - pytest-tornasync
  - pytest-trio
  - pytest-twisted
_________ test_submit_turn_starts_live_without_projection_redelivery __________
async def functions are not natively supported.
You need to install a suitable plugin for your async framework, for example:
  - anyio
  - pytest-asyncio
  - pytest-tornasync
  - pytest-trio
  - pytest-twisted
_______ test_submit_turn_rejects_tool_contract_with_missing_permissions _______
async def functions are not natively supported.
You need to install a suitable plugin for your async framework, for example:
  - anyio
  - pytest-asyncio
  - pytest-tornasync
  - pytest-trio
  - pytest-twisted
___________ test_submit_turn_injects_ranked_semantic_memory_context ___________
async def functions are not natively supported.
You need to install a suitable plugin for your async framework, for example:
  - anyio
  - pytest-asyncio
  - pytest-tornasync
  - pytest-trio
  - pytest-twisted
______ test_submit_turn_emits_ordered_stream_timeline_and_explainability ______
async def functions are not natively supported.
You need to install a suitable plugin for your async framework, for example:
  - anyio
  - pytest-asyncio
  - pytest-tornasync
  - pytest-trio
  - pytest-twisted
_______ test_submit_turn_emits_state_transition_recorded_payload_shape ________
async def functions are not natively supported.
You need to install a suitable plugin for your async framework, for example:
  - anyio
  - pytest-asyncio
  - pytest-tornasync
  - pytest-trio
  - pytest-twisted
________ test_submit_turn_uncertainty_gate_blocks_naive_tool_execution ________
async def functions are not natively supported.
You need to install a suitable plugin for your async framework, for example:
  - anyio
  - pytest-asyncio
  - pytest-tornasync
  - pytest-trio
  - pytest-twisted
___________ test_submit_turn_world_model_binding_gate_runs_pre_tool ___________
async def functions are not natively supported.
You need to install a suitable plugin for your async framework, for example:
  - anyio
  - pytest-asyncio
  - pytest-tornasync
  - pytest-trio
  - pytest-twisted
___________ test_submit_turn_writes_linear_state_transition_ledger ____________
async def functions are not natively supported.
You need to install a suitable plugin for your async framework, for example:
  - anyio
  - pytest-asyncio
  - pytest-tornasync
  - pytest-trio
  - pytest-twisted
_____________ test_dual_run_equivalence_passes_when_outputs_match _____________
async def functions are not natively supported.
You need to install a suitable plugin for your async framework, for example:
  - anyio
  - pytest-asyncio
  - pytest-tornasync
  - pytest-trio
  - pytest-twisted
____________ test_dual_run_equivalence_fails_when_outputs_mismatch ____________
async def functions are not natively supported.
You need to install a suitable plugin for your async framework, for example:
  - anyio
  - pytest-asyncio
  - pytest-tornasync
  - pytest-trio
  - pytest-twisted
___________________ test_dual_run_requires_legacy_executor ____________________
async def functions are not natively supported.
You need to install a suitable plugin for your async framework, for example:
  - anyio
  - pytest-asyncio
  - pytest-tornasync
  - pytest-trio
  - pytest-twisted
_______________ test_control_plane_populates_intelligence_state _______________
async def functions are not natively supported.
You need to install a suitable plugin for your async framework, for example:
  - anyio
  - pytest-asyncio
  - pytest-tornasync
  - pytest-trio
  - pytest-twisted
_______ test_control_plane_explain_last_decision_contains_runtime_plan ________
async def functions are not natively supported.
You need to install a suitable plugin for your async framework, for example:
  - anyio
  - pytest-asyncio
  - pytest-tornasync
  - pytest-trio
  - pytest-twisted
_____ test_control_plane_persists_hypotheses_memory_hierarchy_and_belief ______
async def functions are not natively supported.
You need to install a suitable plugin for your async framework, for example:
  - anyio
  - pytest-asyncio
  - pytest-tornasync
  - pytest-trio
  - pytest-twisted
_____ test_control_plane_applies_turn_steering_and_autonomous_goal_cycle ______
async def functions are not natively supported.
You need to install a suitable plugin for your async framework, for example:
  - anyio
  - pytest-asyncio
  - pytest-tornasync
  - pytest-trio
  - pytest-twisted
______ test_control_plane_real_time_ui_alignment_tools_and_swarm_layers _______
async def functions are not natively supported.
You need to install a suitable plugin for your async framework, for example:
  - anyio
  - pytest-asyncio
  - pytest-tornasync
  - pytest-trio
  - pytest-twisted
________ test_kernel_task_manager_records_failure_in_session_event_log ________
async def functions are not natively supported.
You need to install a suitable plugin for your async framework, for example:
  - anyio
  - pytest-asyncio
  - pytest-tornasync
  - pytest-trio
  - pytest-twisted
___ test_kernel_task_manager_await_session_ignores_unrelated_pending_tasks ____
async def functions are not natively supported.
You need to install a suitable plugin for your async framework, for example:
  - anyio
  - pytest-asyncio
  - pytest-tornasync
  - pytest-trio
  - pytest-twisted
___________ test_kernel_task_manager_shutdown_cancels_pending_tasks ___________
async def functions are not natively supported.
You need to install a suitable plugin for your async framework, for example:
  - anyio
  - pytest-asyncio
  - pytest-tornasync
  - pytest-trio
  - pytest-twisted
________________ test_memory_ledger_appends_and_verifies_chain ________________
async def functions are not natively supported.
You need to install a suitable plugin for your async framework, for example:
  - anyio
  - pytest-asyncio
  - pytest-tornasync
  - pytest-trio
  - pytest-twisted
______________________ test_memory_ledger_detects_tamper ______________________
async def functions are not natively supported.
You need to install a suitable plugin for your async framework, for example:
  - anyio
  - pytest-asyncio
  - pytest-tornasync
  - pytest-trio
  - pytest-twisted
_____________ test_memory_ledger_sqlite_persists_across_instances _____________
async def functions are not natively supported.
You need to install a suitable plugin for your async framework, for example:
  - anyio
  - pytest-asyncio
  - pytest-tornasync
  - pytest-trio
  - pytest-twisted
___ test_memory_confluence_same_entries_different_order_same_canonical_hash ___

bot = <dadbot.core.dadbot.DadBot object at 0x0000021A9108C910>

    def test_memory_confluence_same_entries_different_order_same_canonical_hash(bot) -> None:
        entry_a = {
            "summary": "Tony has been using direct planning checklists.",
            "category": "preferences",
            "mood": "positive",
            "updated_at": "2026-05-10",
        }
        entry_b = {
            "summary": "Tony is saving for emergency expenses.",
            "category": "finance",
            "mood": "neutral",
            "updated_at": "2026-05-10",
        }
    
        bot.MEMORY_STORE = bot.default_memory_store()
>       bot.mutate_memory_store(memories=[entry_a, entry_b])
        ^^^^^^^^^^^^^^^^^^^^^^^
E       AttributeError: 'DadBot' object has no attribute 'mutate_memory_store'. Did you mean: 'save_memory_store'?

tests\unit\test_p3_p4_runtime_contracts.py:32: AttributeError
---------------------------- Captured stdout setup ----------------------------
[DadBot] validate_managers=True
[DadBot] No durable store available, using in-memory state store.
_______ test_memory_mutation_records_canonical_state_hash_observability _______

bot = <dadbot.core.dadbot.DadBot object at 0x0000021A9108D810>

    def test_memory_mutation_records_canonical_state_hash_observability(bot) -> None:
        bot.MEMORY_STORE = bot.default_memory_store()
>       bot.mutate_memory_store(
        ^^^^^^^^^^^^^^^^^^^^^^^
            memories=[
                {
                    "summary": "Tony has been tracking recurring expenses.",
                    "category": "finance",
                    "mood": "neutral",
                    "updated_at": "2026-05-10",
                }
            ],
        )
E       AttributeError: 'DadBot' object has no attribute 'mutate_memory_store'. Did you mean: 'save_memory_store'?

tests\unit\test_p3_p4_runtime_contracts.py:44: AttributeError
---------------------------- Captured stdout setup ----------------------------
[DadBot] validate_managers=True
[DadBot] No durable store available, using in-memory state store.
_____________ test_memory_confluence_total_order_on_sort_key_ties _____________

bot = <dadbot.core.dadbot.DadBot object at 0x0000021A9108D590>

    def test_memory_confluence_total_order_on_sort_key_ties(bot) -> None:
        # Same updated_at/created_at/summary; category/mood/hash must break ties stably.
        entry_a = {
            "summary": "Tony has been planning meals.",
            "category": "home",
            "mood": "neutral",
            "updated_at": "2026-05-10",
            "created_at": "2026-05-10",
        }
        entry_b = {
            "summary": "Tony has been planning meals.",
            "category": "health",
            "mood": "positive",
            "updated_at": "2026-05-10",
            "created_at": "2026-05-10",
        }
    
        bot.MEMORY_STORE = bot.default_memory_store()
>       bot.mutate_memory_store(memories=[entry_a, entry_b])
        ^^^^^^^^^^^^^^^^^^^^^^^
E       AttributeError: 'DadBot' object has no attribute 'mutate_memory_store'. Did you mean: 'save_memory_store'?

tests\unit\test_p3_p4_runtime_contracts.py:77: AttributeError
---------------------------- Captured stdout setup ----------------------------
[DadBot] validate_managers=True
[DadBot] No durable store available, using in-memory state store.
____ test_memory_confluence_same_logical_turn_repeats_with_identical_hash _____

bot = <dadbot.core.dadbot.DadBot object at 0x0000021A9108E350>

    def test_memory_confluence_same_logical_turn_repeats_with_identical_hash(bot) -> None:
        entry_a = {
            "summary": "Tony has been planning meals.",
            "category": "home",
            "mood": "neutral",
            "updated_at": "2026-05-10",
            "created_at": "2026-05-10",
        }
        entry_b = {
            "summary": "Tony has been planning meals.",
            "category": "health",
            "mood": "positive",
            "updated_at": "2026-05-10",
            "created_at": "2026-05-10",
        }
    
        observed_hashes: list[str] = []
        observed_memories: list[list[dict]] = []
    
        for _ in range(10):
            bot.MEMORY_STORE = bot.default_memory_store()
            # Same logical input each run; determinism requires identical output hash.
>           bot.mutate_memory_store(memories=[entry_b, entry_a])
            ^^^^^^^^^^^^^^^^^^^^^^^
E           AttributeError: 'DadBot' object has no attribute 'mutate_memory_store'. Did you mean: 'save_memory_store'?

tests\unit\test_p3_p4_runtime_contracts.py:112: AttributeError
---------------------------- Captured stdout setup ----------------------------
[DadBot] validate_managers=True
[DadBot] No durable store available, using in-memory state store.
__ test_memory_state_canonicalized_event_payload_matches_before_after_hashes __

bot = <dadbot.core.dadbot.DadBot object at 0x0000021A9108ED50>

    def test_memory_state_canonicalized_event_payload_matches_before_after_hashes(bot) -> None:
        bot.MEMORY_STORE = bot.default_memory_store()
>       before_store = dict(bot.memory.memory_store or {})
                            ^^^^^^^^^^^^^^^^^^^^^^^
E       AttributeError: 'MemoryManager' object has no attribute 'memory_store'

tests\unit\test_p3_p4_runtime_contracts.py:169: AttributeError
---------------------------- Captured stdout setup ----------------------------
[DadBot] validate_managers=True
[DadBot] No durable store available, using in-memory state store.
_________ test_policy_store_seeds_default_policy_and_persists_history _________
async def functions are not natively supported.
You need to install a suitable plugin for your async framework, for example:
  - anyio
  - pytest-asyncio
  - pytest-tornasync
  - pytest-trio
  - pytest-twisted
_______________ test_policy_store_supports_rollback_by_version ________________
async def functions are not natively supported.
You need to install a suitable plugin for your async framework, for example:
  - anyio
  - pytest-asyncio
  - pytest-tornasync
  - pytest-trio
  - pytest-twisted
__________ test_policy_store_rejects_invalid_harmful_keywords_schema __________
async def functions are not natively supported.
You need to install a suitable plugin for your async framework, for example:
  - anyio
  - pytest-asyncio
  - pytest-tornasync
  - pytest-trio
  - pytest-twisted
_________ test_policy_store_normalizes_harmful_keywords_to_lowercase __________
async def functions are not natively supported.
You need to install a suitable plugin for your async framework, for example:
  - anyio
  - pytest-asyncio
  - pytest-tornasync
  - pytest-trio
  - pytest-twisted
_____________ test_policy_store_sqlite_persists_across_instances ______________
async def functions are not natively supported.
You need to install a suitable plugin for your async framework, for example:
  - anyio
  - pytest-asyncio
  - pytest-tornasync
  - pytest-trio
  - pytest-twisted
_ TestCanonicalExecutionPathStructure.test_dadbot_getattr_has_no_facade_compat_warning_hook _

self = <unit.test_priority1_canonical_execution_path.TestCanonicalExecutionPathStructure object at 0x0000021AFF02E5F0>

    def test_dadbot_getattr_has_no_facade_compat_warning_hook(self):
        """Thin-spine migration guard: facade routing should not call legacy compat warning hooks."""
        import inspect
    
>       source = inspect.getsource(DadBot.__getattr__)
                                   ^^^^^^^^^^^^^^^^^^
E       AttributeError: type object 'DadBot' has no attribute '__getattr__'. Did you mean: '__setattr__'?

tests\unit\test_priority1_canonical_execution_path.py:136: AttributeError
_________________ test_recovery_node_pass_through_on_success __________________
async def functions are not natively supported.
You need to install a suitable plugin for your async framework, for example:
  - anyio
  - pytest-asyncio
  - pytest-tornasync
  - pytest-trio
  - pytest-twisted
________________ test_recovery_node_retry_sets_retry_requested ________________
async def functions are not natively supported.
You need to install a suitable plugin for your async framework, for example:
  - anyio
  - pytest-asyncio
  - pytest-tornasync
  - pytest-trio
  - pytest-twisted
_____________ test_recovery_node_retry_exhausted_degrades_output ______________
async def functions are not natively supported.
You need to install a suitable plugin for your async framework, for example:
  - anyio
  - pytest-asyncio
  - pytest-tornasync
  - pytest-trio
  - pytest-twisted
______________ test_recovery_node_requires_approval_sets_prompt _______________
async def functions are not natively supported.
You need to install a suitable plugin for your async framework, for example:
  - anyio
  - pytest-asyncio
  - pytest-tornasync
  - pytest-trio
  - pytest-twisted
_______________ test_recovery_node_halt_safe_sets_halt_message ________________
async def functions are not natively supported.
You need to install a suitable plugin for your async framework, for example:
  - anyio
  - pytest-asyncio
  - pytest-tornasync
  - pytest-trio
  - pytest-twisted
___________ test_deprecated_alias_invocation_raises_in_replay_mode ____________

    def test_deprecated_alias_invocation_raises_in_replay_mode() -> None:
        bot = DadBot()
>       alias_name = next(iter(bot.__class__._DEPRECATED_FACADE_ALIASES))
                               ^^^^^^^^^^^^^^^^^^^^^^^^^^^^^^^^^^^^^^^^
E       AttributeError: type object 'DadBot' has no attribute '_DEPRECATED_FACADE_ALIASES'

tests\unit\test_replay_alias_contract.py:12: AttributeError
---------------------------- Captured stdout call -----------------------------
[DadBot] validate_managers=True
[DadBot] No durable store available, using in-memory state store.
___________ test_relationship_apply_feedback_records_boundary_trace ___________

    def test_relationship_apply_feedback_records_boundary_trace() -> None:
        bot = DadBot()
    
        with ensure_execution_trace_root(operation="test.relationship.apply_feedback", required=True):
>           payload = bot.relationship.apply_feedback("supportive")
                      ^^^^^^^^^^^^^^^^^^^^^^^^^^^^^^^
E           AttributeError: 'RelationshipManager' object has no attribute 'apply_feedback'

tests\unit\test_replay_alias_contract.py:24: AttributeError
---------------------------- Captured stdout call -----------------------------
[DadBot] validate_managers=True
[DadBot] No durable store available, using in-memory state store.
_ TestResponseEngineControlPlaneIntegration.test_finalize_submit_success_persists_response_engine_telemetry _

self = <unit.test_response_engine_control_plane_integration.TestResponseEngineControlPlaneIntegration object at 0x0000021AFF05E9C0>

    def test_finalize_submit_success_persists_response_engine_telemetry(self):
        mock_registry = Mock()
        mock_executor = Mock()
        mock_options = Mock()
        mock_options.stream_sink = None
        mock_options.worker_id = "test-worker"
        mock_options.max_inflight_jobs = 10
        mock_options.enable_observability = False
        mock_options.ledger = None
        mock_options.scheduler = None
        mock_options.lease_ttl_seconds = 300.0
        mock_options.redelivery_retry_interval_seconds = 5.0
    
        mock_registry.get_or_create = Mock(return_value={"state": {}})
    
        with patch("dadbot.core.control_plane.Scheduler"):
            with patch("dadbot.core.control_plane.RecoveryManager"):
                cp = ExecutionControlPlane(
                    registry=mock_registry,
                    kernel_executor=mock_executor,
                    options=mock_options,
                )
    
        cp._post_execution_pre_commit_contract_gate = Mock()
        cp._validate_trace_invariant = Mock()
        cp._apply_turn_committed_core_state = Mock()
        cp._maybe_compact_ledger = Mock()
    
        # Return a deterministic ranked response and attach telemetry as side-effect.
        def _run_with_telemetry(context):
            context.response_engine_telemetry = {
                "selected": {"source": "direct", "components": {"base_score": 0.7}},
                "candidates": [{"source": "direct", "final_score": 0.7}],
            }
            return "ranked response"
    
        cp._response_engine.run = Mock(side_effect=_run_with_telemetry)
    
        job = Mock()
        job.user_input = "hello"
        job.trace_id = "trace-1"
        job.metadata = {"execution_result": {"status": "running"}}
        job.job_id = "job-1"
    
>       result = cp._finalize_submit_success(
            job=job,
            result=("initial response", False),
            session_key="session-1",
            trace_token="trace-1",
            before_state_hash="hash-before",
            dedupe_future=None,
            loop_iterations=1,
        )

tests\unit\test_response_engine_control_plane_integration.py:246: 
_ _ _ _ _ _ _ _ _ _ _ _ _ _ _ _ _ _ _ _ _ _ _ _ _ _ _ _ _ _ _ _ _ _ _ _ _ _ _ _
dadbot\core\control_plane.py:3234: in _finalize_submit_success
    self._assert_complete_run_contract(
_ _ _ _ _ _ _ _ _ _ _ _ _ _ _ _ _ _ _ _ _ _ _ _ _ _ _ _ _ _ _ _ _ _ _ _ _ _ _ _

self = <dadbot.core.control_plane.ExecutionControlPlane object at 0x0000021A916D8CD0>

    def _assert_complete_run_contract(
        self,
        *,
        job: ExecutionJob,
        result: FinalizedTurnResult,
        phase: str,
    ) -> None:
        """Enforce complete-run contract before returning a finalized turn result."""
        trace_id = str(job.trace_id or "").strip()
        job_id = str(job.job_id or "").strip()
        if not trace_id or not job_id:
            raise InvariantViolation(
                "Complete-run contract violated: missing stable execution identity",
                context={"phase": str(phase or ""), "trace_id": trace_id, "job_id": job_id},
            )
    
        projection = self.lifecycle_projection.get(job_id)
        if projection is None or projection.status not in {ExecutionStatus.COMPLETED, ExecutionStatus.FAILED}:
>           raise InvariantViolation(
                "Complete-run contract violated: execution lifecycle is not terminal",
                context={
                    "phase": str(phase or ""),
                    "trace_id": trace_id,
                    "job_id": job_id,
                    "projection_status": "" if projection is None else str(projection.status.value),
                },
            )
E           dadbot.core.runtime_errors.InvariantViolation: Complete-run contract violated: execution lifecycle is not terminal

dadbot\core\control_plane.py:3758: InvariantViolation
------------------------------ Captured log call ------------------------------
WARNING  dadbot.core.topology_runtime:topology_runtime.py:137 record_node_entry called without active trace
WARNING  dadbot.core.topology_runtime:topology_runtime.py:137 record_node_entry called without active trace
_ TestResponseEngineControlPlaneIntegration.test_finalize_submit_success_persists_structured_decision_reasoning _

self = <unit.test_response_engine_control_plane_integration.TestResponseEngineControlPlaneIntegration object at 0x0000021AFF05EAD0>

    def test_finalize_submit_success_persists_structured_decision_reasoning(self):
        mock_registry = Mock()
        mock_executor = Mock()
        mock_options = Mock()
        mock_options.stream_sink = None
        mock_options.worker_id = "test-worker"
        mock_options.max_inflight_jobs = 10
        mock_options.enable_observability = False
        mock_options.ledger = None
        mock_options.scheduler = None
        mock_options.lease_ttl_seconds = 300.0
        mock_options.redelivery_retry_interval_seconds = 5.0
    
        mock_registry.get_or_create = Mock(return_value={"state": {}})
    
        with patch("dadbot.core.control_plane.Scheduler"):
            with patch("dadbot.core.control_plane.RecoveryManager"):
                cp = ExecutionControlPlane(
                    registry=mock_registry,
                    kernel_executor=mock_executor,
                    options=mock_options,
                )
    
        cp._post_execution_pre_commit_contract_gate = Mock()
        cp._validate_trace_invariant = Mock()
        cp._apply_turn_committed_core_state = Mock()
        cp._maybe_compact_ledger = Mock()
    
        def _run_with_telemetry(context):
            context.response_engine_telemetry = {
                "selected": {
                    "source": "tool_registry",
                    "final_score": 0.84,
                    "selected_score": 0.84,
                    "second_best_score": 0.74,
                    "decision_confidence": 0.10,
                    "reason": "response_engine_selection",
                    "reasoning": {
                        "safety": "safety_support: no veto on selected path",
                        "tools": "tool_registry: tool output increases groundedness",
                        "memory": "No memory-side shadow boost applied",
                        "coherence": "No generic shadow coherence adjustment",
                    },
                    "components": {
                        "safety_weight": -0.02,
                        "tool_weight": 0.14,
                        "memory_weight": 0.11,
                        "coherence_weight": 0.06,
                    },
                },
                "candidates": [
                    {"source": "tool_registry", "final_score": 0.84},
                    {"source": "direct", "final_score": 0.74},
                ],
                "decision_confidence": 0.10,
                "selected_score": 0.84,
                "second_best_score": 0.74,
                "shadow_decision_bus": [
                    {
                        "source": "safety_support",
                        "type": "veto",
                        "content_preview": "candidate direct",
                        "reason": "policy uncertainty",
                        "would_replace": True,
                        "priority": 1.0,
                        "timestamp": 1.0,
                    }
                ],
            }
            return "ranked response"
    
        cp._response_engine.run = Mock(side_effect=_run_with_telemetry)
    
        job = Mock()
        job.user_input = "hello"
        job.trace_id = "trace-1"
        job.metadata = {"execution_result": {"status": "running"}}
        job.job_id = "job-1"
    
>       _ = cp._finalize_submit_success(
            job=job,
            result=("initial response", False),
            session_key="session-1",
            trace_token="trace-1",
            before_state_hash="hash-before",
            dedupe_future=None,
            loop_iterations=1,
        )

tests\unit\test_response_engine_control_plane_integration.py:339: 
_ _ _ _ _ _ _ _ _ _ _ _ _ _ _ _ _ _ _ _ _ _ _ _ _ _ _ _ _ _ _ _ _ _ _ _ _ _ _ _
dadbot\core\control_plane.py:3234: in _finalize_submit_success
    self._assert_complete_run_contract(
_ _ _ _ _ _ _ _ _ _ _ _ _ _ _ _ _ _ _ _ _ _ _ _ _ _ _ _ _ _ _ _ _ _ _ _ _ _ _ _

self = <dadbot.core.control_plane.ExecutionControlPlane object at 0x0000021A916D8A50>

    def _assert_complete_run_contract(
        self,
        *,
        job: ExecutionJob,
        result: FinalizedTurnResult,
        phase: str,
    ) -> None:
        """Enforce complete-run contract before returning a finalized turn result."""
        trace_id = str(job.trace_id or "").strip()
        job_id = str(job.job_id or "").strip()
        if not trace_id or not job_id:
            raise InvariantViolation(
                "Complete-run contract violated: missing stable execution identity",
                context={"phase": str(phase or ""), "trace_id": trace_id, "job_id": job_id},
            )
    
        projection = self.lifecycle_projection.get(job_id)
        if projection is None or projection.status not in {ExecutionStatus.COMPLETED, ExecutionStatus.FAILED}:
>           raise InvariantViolation(
                "Complete-run contract violated: execution lifecycle is not terminal",
                context={
                    "phase": str(phase or ""),
                    "trace_id": trace_id,
                    "job_id": job_id,
                    "projection_status": "" if projection is None else str(projection.status.value),
                },
            )
E           dadbot.core.runtime_errors.InvariantViolation: Complete-run contract violated: execution lifecycle is not terminal

dadbot\core\control_plane.py:3758: InvariantViolation
------------------------------ Captured log call ------------------------------
WARNING  dadbot.core.topology_runtime:topology_runtime.py:137 record_node_entry called without active trace
WARNING  dadbot.core.topology_runtime:topology_runtime.py:137 record_node_entry called without active trace
_ TestResponseEngineControlPlaneIntegration.test_finalize_submit_success_persists_pending_selection_for_next_turn_learning _

self = <unit.test_response_engine_control_plane_integration.TestResponseEngineControlPlaneIntegration object at 0x0000021AFF01EE40>

    def test_finalize_submit_success_persists_pending_selection_for_next_turn_learning(self):
        mock_registry = Mock()
        mock_executor = Mock()
        mock_options = Mock()
        mock_options.stream_sink = None
        mock_options.worker_id = "test-worker"
        mock_options.max_inflight_jobs = 10
        mock_options.enable_observability = False
        mock_options.ledger = None
        mock_options.scheduler = None
        mock_options.lease_ttl_seconds = 300.0
        mock_options.redelivery_retry_interval_seconds = 5.0
    
        session = {"state": {}}
        mock_registry.get_or_create = Mock(return_value=session)
    
        with patch("dadbot.core.control_plane.Scheduler"):
            with patch("dadbot.core.control_plane.RecoveryManager"):
                cp = ExecutionControlPlane(
                    registry=mock_registry,
                    kernel_executor=mock_executor,
                    options=mock_options,
                )
    
        cp._post_execution_pre_commit_contract_gate = Mock()
        cp._validate_trace_invariant = Mock()
        cp._apply_turn_committed_core_state = Mock()
        cp._maybe_compact_ledger = Mock()
    
        def _run_with_telemetry(context):
            context.response_engine_telemetry = {
                "selected": {
                    "source": "direct",
                    "risk_level": 0.25,
                    "components": {
                        "base_score": 0.8,
                        "emotion_bias": 0.1,
                        "memory_relevance": 0.5,
                        "user_alignment": 0.7,
                        "trajectory_alignment": 0.6,
                        "predicted_user_reaction": 0.75,
                    },
                },
                "selected_text_preview": "preview",
                "candidates": [{"source": "direct", "final_score": 0.8}],
            }
            return "ranked response"
    
        cp._response_engine.run = Mock(side_effect=_run_with_telemetry)
    
        job = Mock()
        job.user_input = "hello"
        job.trace_id = "trace-1"
        job.metadata = {"execution_result": {"status": "running"}}
        job.job_id = "job-1"
    
>       _ = cp._finalize_submit_success(
            job=job,
            result=("initial response", False),
            session_key="session-1",
            trace_token="trace-1",
            before_state_hash="hash-before",
            dedupe_future=None,
            loop_iterations=1,
        )

tests\unit\test_response_engine_control_plane_integration.py:532: 
_ _ _ _ _ _ _ _ _ _ _ _ _ _ _ _ _ _ _ _ _ _ _ _ _ _ _ _ _ _ _ _ _ _ _ _ _ _ _ _
dadbot\core\control_plane.py:3234: in _finalize_submit_success
    self._assert_complete_run_contract(
_ _ _ _ _ _ _ _ _ _ _ _ _ _ _ _ _ _ _ _ _ _ _ _ _ _ _ _ _ _ _ _ _ _ _ _ _ _ _ _

self = <dadbot.core.control_plane.ExecutionControlPlane object at 0x0000021A914B3ED0>

    def _assert_complete_run_contract(
        self,
        *,
        job: ExecutionJob,
        result: FinalizedTurnResult,
        phase: str,
    ) -> None:
        """Enforce complete-run contract before returning a finalized turn result."""
        trace_id = str(job.trace_id or "").strip()
        job_id = str(job.job_id or "").strip()
        if not trace_id or not job_id:
            raise InvariantViolation(
                "Complete-run contract violated: missing stable execution identity",
                context={"phase": str(phase or ""), "trace_id": trace_id, "job_id": job_id},
            )
    
        projection = self.lifecycle_projection.get(job_id)
        if projection is None or projection.status not in {ExecutionStatus.COMPLETED, ExecutionStatus.FAILED}:
>           raise InvariantViolation(
                "Complete-run contract violated: execution lifecycle is not terminal",
                context={
                    "phase": str(phase or ""),
                    "trace_id": trace_id,
                    "job_id": job_id,
                    "projection_status": "" if projection is None else str(projection.status.value),
                },
            )
E           dadbot.core.runtime_errors.InvariantViolation: Complete-run contract violated: execution lifecycle is not terminal

dadbot\core\control_plane.py:3758: InvariantViolation
------------------------------ Captured log call ------------------------------
WARNING  dadbot.core.topology_runtime:topology_runtime.py:137 record_node_entry called without active trace
WARNING  dadbot.core.topology_runtime:topology_runtime.py:137 record_node_entry called without active trace
_ TestResponseEngineControlPlaneIntegration.test_finalize_submit_success_updates_identity_state_and_continuity _

self = <unit.test_response_engine_control_plane_integration.TestResponseEngineControlPlaneIntegration object at 0x0000021AFF01EF30>

    def test_finalize_submit_success_updates_identity_state_and_continuity(self):
        mock_registry = Mock()
        mock_executor = Mock()
        mock_options = Mock()
        mock_options.stream_sink = None
        mock_options.worker_id = "test-worker"
        mock_options.max_inflight_jobs = 10
        mock_options.enable_observability = False
        mock_options.ledger = None
        mock_options.scheduler = None
        mock_options.lease_ttl_seconds = 300.0
        mock_options.redelivery_retry_interval_seconds = 5.0
    
        session = {"state": {"persona_state": {"conversational_style_anchor": "concise"}}}
        mock_registry.get_or_create = Mock(return_value=session)
    
        with patch("dadbot.core.control_plane.Scheduler"):
            with patch("dadbot.core.control_plane.RecoveryManager"):
                cp = ExecutionControlPlane(
                    registry=mock_registry,
                    kernel_executor=mock_executor,
                    options=mock_options,
                )
    
        cp._post_execution_pre_commit_contract_gate = Mock()
        cp._validate_trace_invariant = Mock()
        cp._apply_turn_committed_core_state = Mock()
        cp._maybe_compact_ledger = Mock()
    
        def _run_with_telemetry(context):
            context.response_engine_telemetry = {
                "selected": {"source": "direct", "final_score": 0.8},
                "candidates": [{"source": "direct", "final_score": 0.8}],
            }
            return "Great to hear that!! We can do this next."
    
        cp._response_engine.run = Mock(side_effect=_run_with_telemetry)
    
        job = Mock()
        job.user_input = "I am worried but thanks"
        job.trace_id = "trace-identity-1"
        job.metadata = {
            "execution_result": {"status": "running"},
            "semantic_memory_context": [{"memory_id": "m1"}],
        }
        job.job_id = "job-identity-1"
    
>       result = cp._finalize_submit_success(
            job=job,
            result=("initial response", False),
            session_key="session-identity",
            trace_token="trace-identity-1",
            before_state_hash="hash-before",
            dedupe_future=None,
            loop_iterations=1,
        )

tests\unit\test_response_engine_control_plane_integration.py:594: 
_ _ _ _ _ _ _ _ _ _ _ _ _ _ _ _ _ _ _ _ _ _ _ _ _ _ _ _ _ _ _ _ _ _ _ _ _ _ _ _
dadbot\core\control_plane.py:3234: in _finalize_submit_success
    self._assert_complete_run_contract(
_ _ _ _ _ _ _ _ _ _ _ _ _ _ _ _ _ _ _ _ _ _ _ _ _ _ _ _ _ _ _ _ _ _ _ _ _ _ _ _

self = <dadbot.core.control_plane.ExecutionControlPlane object at 0x0000021A916D8E10>

    def _assert_complete_run_contract(
        self,
        *,
        job: ExecutionJob,
        result: FinalizedTurnResult,
        phase: str,
    ) -> None:
        """Enforce complete-run contract before returning a finalized turn result."""
        trace_id = str(job.trace_id or "").strip()
        job_id = str(job.job_id or "").strip()
        if not trace_id or not job_id:
            raise InvariantViolation(
                "Complete-run contract violated: missing stable execution identity",
                context={"phase": str(phase or ""), "trace_id": trace_id, "job_id": job_id},
            )
    
        projection = self.lifecycle_projection.get(job_id)
        if projection is None or projection.status not in {ExecutionStatus.COMPLETED, ExecutionStatus.FAILED}:
>           raise InvariantViolation(
                "Complete-run contract violated: execution lifecycle is not terminal",
                context={
                    "phase": str(phase or ""),
                    "trace_id": trace_id,
                    "job_id": job_id,
                    "projection_status": "" if projection is None else str(projection.status.value),
                },
            )
E           dadbot.core.runtime_errors.InvariantViolation: Complete-run contract violated: execution lifecycle is not terminal

dadbot\core\control_plane.py:3758: InvariantViolation
------------------------------ Captured log call ------------------------------
WARNING  dadbot.core.topology_runtime:topology_runtime.py:137 record_node_entry called without active trace
WARNING  dadbot.core.topology_runtime:topology_runtime.py:137 record_node_entry called without active trace
_ TestResponseEngineControlPlaneIntegration.test_phase3_behavioral_stability_gate_30_turn_conflict_sequence _

self = <unit.test_response_engine_control_plane_integration.TestResponseEngineControlPlaneIntegration object at 0x0000021AFF168F30>

    def test_phase3_behavioral_stability_gate_30_turn_conflict_sequence(self):
        mock_registry = Mock()
        mock_executor = Mock()
        mock_options = Mock()
        mock_options.stream_sink = None
        mock_options.worker_id = "test-worker"
        mock_options.max_inflight_jobs = 10
        mock_options.enable_observability = False
        mock_options.ledger = None
        mock_options.scheduler = None
        mock_options.lease_ttl_seconds = 300.0
        mock_options.redelivery_retry_interval_seconds = 5.0
    
        session = {"state": {}}
        mock_registry.get_or_create = Mock(return_value=session)
    
        with patch("dadbot.core.control_plane.Scheduler"):
            with patch("dadbot.core.control_plane.RecoveryManager"):
                cp = ExecutionControlPlane(
                    registry=mock_registry,
                    kernel_executor=mock_executor,
                    options=mock_options,
                )
    
        cp._post_execution_pre_commit_contract_gate = Mock()
        cp._validate_trace_invariant = Mock()
        cp._apply_turn_committed_core_state = Mock()
        cp._maybe_compact_ledger = Mock()
    
        def _run_with_telemetry(context):
            context.response_engine_telemetry = {
                "selected": {
                    "source": "direct",
                    "final_score": 0.82,
                    "risk_level": 0.22,
                    "components": {
                        "base_score": 0.78,
                        "emotion_bias": 0.08,
                        "memory_relevance": 0.62,
                        "user_alignment": 0.71,
                        "trajectory_alignment": 0.74,
                        "predicted_user_reaction": 0.77,
                    },
                },
                "candidates": [{"source": "direct", "final_score": 0.82}],
            }
            prompt = str(getattr(context, "user_input", "") or "").lower()
            if "anxious" in prompt or "worried" in prompt:
                return "I hear you. Next step plan together: breathe, then take the safest move."
            if "aggressive" in prompt or "push hard" in prompt:
                return "We can stay steady and still move forward. Next step plan together is safer."
            if "detailed" in prompt:
                return "Next step plan together: define the outcome, compare tradeoffs, and choose the smallest safe action."
            return "Next step plan together. We keep this steady and move one safe step at a time."
    
        cp._response_engine.run = Mock(side_effect=_run_with_telemetry)
    
        prompts = [
            "Be concise and direct.",
            "Give me a detailed answer now.",
            "I am anxious and overwhelmed.",
            "Actually push hard and be aggressive.",
            "Switch tone and be playful.",
            "No, be formal and technical.",
        ]
    
        arousal_trace: list[float] = []
        valence_trace: list[float] = []
        continuity_retained: list[bool] = []
        felt_causality_retained: list[bool] = []
    
        for turn in range(30):
            user_input = prompts[turn % len(prompts)]
            job = Mock()
            job.user_input = user_input
            job.trace_id = f"trace-phase3-{turn}"
            job.metadata = {
                "execution_result": {"status": "running"},
                "semantic_memory_context": [{"memory_id": f"m-{turn}", "text": "next step together"}],
            }
            job.job_id = f"job-phase3-{turn}"
    
>           _ = cp._finalize_submit_success(
                job=job,
                result=("initial response", False),
                session_key="session-phase3-behavioral",
                trace_token=f"trace-phase3-{turn}",
                before_state_hash=f"hash-{turn}",
                dedupe_future=None,
                loop_iterations=1,
            )

tests\unit\test_response_engine_control_plane_integration.py:754: 
_ _ _ _ _ _ _ _ _ _ _ _ _ _ _ _ _ _ _ _ _ _ _ _ _ _ _ _ _ _ _ _ _ _ _ _ _ _ _ _
dadbot\core\control_plane.py:3234: in _finalize_submit_success
    self._assert_complete_run_contract(
_ _ _ _ _ _ _ _ _ _ _ _ _ _ _ _ _ _ _ _ _ _ _ _ _ _ _ _ _ _ _ _ _ _ _ _ _ _ _ _

self = <dadbot.core.control_plane.ExecutionControlPlane object at 0x0000021A916D8CD0>

    def _assert_complete_run_contract(
        self,
        *,
        job: ExecutionJob,
        result: FinalizedTurnResult,
        phase: str,
    ) -> None:
        """Enforce complete-run contract before returning a finalized turn result."""
        trace_id = str(job.trace_id or "").strip()
        job_id = str(job.job_id or "").strip()
        if not trace_id or not job_id:
            raise InvariantViolation(
                "Complete-run contract violated: missing stable execution identity",
                context={"phase": str(phase or ""), "trace_id": trace_id, "job_id": job_id},
            )
    
        projection = self.lifecycle_projection.get(job_id)
        if projection is None or projection.status not in {ExecutionStatus.COMPLETED, ExecutionStatus.FAILED}:
>           raise InvariantViolation(
                "Complete-run contract violated: execution lifecycle is not terminal",
                context={
                    "phase": str(phase or ""),
                    "trace_id": trace_id,
                    "job_id": job_id,
                    "projection_status": "" if projection is None else str(projection.status.value),
                },
            )
E           dadbot.core.runtime_errors.InvariantViolation: Complete-run contract violated: execution lifecycle is not terminal

dadbot\core\control_plane.py:3758: InvariantViolation
------------------------------ Captured log call ------------------------------
WARNING  dadbot.core.topology_runtime:topology_runtime.py:137 record_node_entry called without active trace
WARNING  dadbot.core.topology_runtime:topology_runtime.py:137 record_node_entry called without active trace
_____ test_dadbot_prefers_explicit_runtime_services_constructor_injection _____

monkeypatch = <_pytest.monkeypatch.MonkeyPatch object at 0x0000021AFF0D3E00>
tmp_path = WindowsPath('C:/Users/josep/AppData/Local/Temp/pytest-of-josep/pytest-4131/test_dadbot_prefers_explicit_r0')

    def test_dadbot_prefers_explicit_runtime_services_constructor_injection(monkeypatch, tmp_path):
        monkeypatch.setenv("DADBOT_MEMORY_PATH", str(tmp_path / "memory.json"))
        monkeypatch.setenv("DADBOT_SEMANTIC_DB_PATH", str(tmp_path / "semantic.sqlite3"))
        monkeypatch.setenv("DADBOT_GRAPH_DB_PATH", str(tmp_path / "graph.sqlite3"))
        monkeypatch.setenv("DADBOT_SESSION_LOG_DIR", str(tmp_path / "session_logs"))
    
        runtime_services = _RuntimeServicesStub()
        bot = DadBot(runtime_services=runtime_services)
        try:
>           assert bot.runtime_services is runtime_services
E           assert <dadbot.core.runtime_service_provider.DefaultCoreRuntimeServices object at 0x0000021A917DA120> is <unit.test_runtime_service_provider_transition._RuntimeServicesStub object at 0x0000021A916D91D0>
E            +  where <dadbot.core.runtime_service_provider.DefaultCoreRuntimeServices object at 0x0000021A917DA120> = <dadbot.core.dadbot.DadBot object at 0x0000021A916D9810>.runtime_services

tests\unit\test_runtime_service_provider_transition.py:85: AssertionError
---------------------------- Captured stdout call -----------------------------
[DadBot] validate_managers=True
[DadBot] No durable store available, using in-memory state store.
__ test_resolve_dependency_prefers_explicit_service_overrides_over_registry ___

    def test_resolve_dependency_prefers_explicit_service_overrides_over_registry():
        bot = object.__new__(DadBot)
        bot._explicit_dependencies = {"runtime_interface": "explicit"}
        bot._dependency_registry = {"runtime_interface": "registry"}
    
        resolved = DadBot._resolve_dependency(bot, "runtime_interface", lambda: "factory")
    
>       assert resolved == "explicit"
E       AssertionError: assert 'factory' == 'explicit'
E         
E         - explicit
E         + factory

tests\unit\test_runtime_service_provider_transition.py:100: AssertionError
______ test_turn_handler_process_turn_delegates_with_enforce_confluence _______
async def functions are not natively supported.
You need to install a suitable plugin for your async framework, for example:
  - anyio
  - pytest-asyncio
  - pytest-tornasync
  - pytest-trio
  - pytest-twisted
______ test_turn_handler_injects_policy_template_when_store_is_provided _______
async def functions are not natively supported.
You need to install a suitable plugin for your async framework, for example:
  - anyio
  - pytest-asyncio
  - pytest-tornasync
  - pytest-trio
  - pytest-twisted
___________ test_turn_handler_injects_prompt_context_into_metadata ____________
async def functions are not natively supported.
You need to install a suitable plugin for your async framework, for example:
  - anyio
  - pytest-asyncio
  - pytest-tornasync
  - pytest-trio
  - pytest-twisted
__________ test_turn_handler_appends_memory_ledger_event_on_success ___________
async def functions are not natively supported.
You need to install a suitable plugin for your async framework, for example:
  - anyio
  - pytest-asyncio
  - pytest-tornasync
  - pytest-trio
  - pytest-twisted
_______ test_turn_handler_injects_relationship_projection_after_submit ________
async def functions are not natively supported.
You need to install a suitable plugin for your async framework, for example:
  - anyio
  - pytest-asyncio
  - pytest-tornasync
  - pytest-trio
  - pytest-twisted
______ test_turn_handler_writes_relationship_projection_to_ledger_event _______
async def functions are not natively supported.
You need to install a suitable plugin for your async framework, for example:
  - anyio
  - pytest-asyncio
  - pytest-tornasync
  - pytest-trio
  - pytest-twisted
_____________ test_turn_handler_injects_user_world_model_snapshot _____________
async def functions are not natively supported.
You need to install a suitable plugin for your async framework, for example:
  - anyio
  - pytest-asyncio
  - pytest-tornasync
  - pytest-trio
  - pytest-twisted
_______ test_turn_handler_writes_world_model_projection_to_ledger_event _______
async def functions are not natively supported.
You need to install a suitable plugin for your async framework, for example:
  - anyio
  - pytest-asyncio
  - pytest-tornasync
  - pytest-trio
  - pytest-twisted
___________ test_turn_handler_extracts_active_goals_from_user_input ___________
async def functions are not natively supported.
You need to install a suitable plugin for your async framework, for example:
  - anyio
  - pytest-asyncio
  - pytest-tornasync
  - pytest-trio
  - pytest-twisted
__________ test_turn_handler_extracts_contradictions_and_family_map ___________
async def functions are not natively supported.
You need to install a suitable plugin for your async framework, for example:
  - anyio
  - pytest-asyncio
  - pytest-tornasync
  - pytest-trio
  - pytest-twisted
_______________ test_world_model_store_evolves_and_merges_lists _______________
async def functions are not natively supported.
You need to install a suitable plugin for your async framework, for example:
  - anyio
  - pytest-asyncio
  - pytest-tornasync
  - pytest-trio
  - pytest-twisted
___________ test_world_model_store_sqlite_persists_across_instances ___________
async def functions are not natively supported.
You need to install a suitable plugin for your async framework, for example:
  - anyio
  - pytest-asyncio
  - pytest-tornasync
  - pytest-trio
  - pytest-twisted
============================ slowest 15 durations =============================
77.44s call     tests/system_validation/test_drift_monitor.py::TestBoundaryGateRuntimeInvariant::test_boundary_gate_is_reproducible
39.08s call     tests/system_validation/test_drift_monitor.py::TestBoundaryGateRuntimeInvariant::test_boundary_gate_exits_zero
17.76s call     tests/invariants/test_full_system_audit_matrix.py::test_full_system_audit_matrix_contract
17.60s call     tests/invariants/test_full_system_audit_matrix.py::test_runtime_audit_command_shape
7.38s call     tests/uril/test_uril_core.py::test_truth_invariance_same_repo_same_score
7.34s call     tests/uril/test_uril_core.py::test_scoring_stability
6.81s call     tests/uril/test_uril_core.py::test_mock_vs_real_divergence_signal
3.98s call     tests/test_system_consistency.py::TestUrilReportInternalConsistency::test_phase4_completion_keys_are_expected
3.98s call     tests/test_system_consistency.py::TestUrilReportInternalConsistency::test_progress_summary_counts_are_consistent
3.97s call     tests/uril/test_uril_core.py::test_signal_consistency
3.96s call     tests/uril/test_uril_delta.py::TestUrilSnapshotDeltaStability::test_subsystem_health_scores_are_deterministic
3.94s call     tests/uril/test_uril_delta.py::TestUrilSnapshotDeltaStability::test_two_consecutive_reports_within_tolerance
3.56s call     tests/uril/test_uril_delta.py::TestUrilSnapshotDeltaStability::test_snapshot_compared_to_degraded_version_detects_drift
3.49s call     tests/uril/test_uril_delta.py::TestUrilSnapshotDeltaStability::test_phase4_completion_is_deterministic
3.48s call     tests/test_system_consistency.py::TestUrilReportInternalConsistency::test_proven_aspects_is_non_empty_list
=========================== short test summary info ===========================
FAILED tests/integration/test_thin_spine_legacy_comparison.py::test_thin_spine_matches_direct_submit_contract
FAILED tests/integration/test_world_model_restart_survival.py::test_world_model_survives_store_restart
FAILED tests/phase4/test_full_execution_trace.py::test_full_pipeline_execution_trace
FAILED tests/phase4/test_full_execution_trace.py::test_execution_trace_contract_present_and_complete
FAILED tests/phase4/test_full_execution_trace.py::test_execution_identity_sealed_after_execute
FAILED tests/phase4/test_full_execution_trace.py::test_execution_identity_emitted_as_persistence_event
FAILED tests/phase4/test_full_execution_trace.py::test_expected_execution_fingerprint_mismatch_raises
FAILED tests/phase4/test_full_execution_trace.py::test_execution_identity_sealed_on_short_circuit
FAILED tests/phase4/test_full_execution_trace.py::test_execution_identity_sealed_on_failure_path
FAILED tests/phase4/test_full_execution_trace.py::test_phase_transitions_follow_canonical_order
FAILED tests/phase4/test_full_execution_trace.py::test_no_stage_executed_twice_in_full_pipeline
FAILED tests/system_validation/test_drift_monitor.py::TestBoundaryGateRuntimeInvariant::test_boundary_gate_exits_zero
FAILED tests/system_validation/test_drift_monitor.py::TestBoundaryGateRuntimeInvariant::test_boundary_gate_is_reproducible
FAILED tests/test_agentic_local_actions.py::test_tool_registry_parses_calendar_and_email_commands
FAILED tests/test_agentic_local_actions.py::test_calendar_event_and_email_draft_use_local_paths
FAILED tests/test_agentic_local_actions.py::test_voice_toggle_command_updates_profile_state
FAILED tests/test_agentic_methods.py::test_plan_and_act_basic - AttributeErro...
FAILED tests/test_agentic_methods.py::test_background_job_runs - AttributeErr...
FAILED tests/test_agentic_methods.py::test_goal_and_progress - AttributeError...
FAILED tests/test_agentic_methods.py::test_reflect_and_learn - AttributeError...
FAILED tests/test_agentic_methods.py::test_notify_user - AttributeError: 'Dad...
FAILED tests/test_config_drift.py::TestDadBotConfigNoDriftFromMapKeys::test_no_duplicate_attr_name_points_to_different_values
FAILED tests/test_dadbot_regression.py::TestDadBotRegression::test_split_reminder_details_parses_relative_datetime
FAILED tests/test_dadbot_regression.py::TestDadBotRegression::test_split_reminder_details_without_date_signal_returns_original_text
FAILED tests/test_dadbot_regression.py::TestDadBotRegression::test_split_reminder_details_parses_next_week
FAILED tests/test_dadbot_regression.py::TestDadBotRegression::test_parse_model_json_content_handles_code_fences
FAILED tests/test_dadbot_regression.py::TestDadBotRegression::test_refresh_session_summary_updates_summary_and_coverage_window
FAILED tests/test_dadbot_regression.py::TestDadBotRegression::test_handle_memory_command_remembers_and_formats_saved_memory
FAILED tests/test_dadbot_regression.py::TestDadBotRegression::test_embedding_candidates_prioritize_bge_m3
FAILED tests/test_dadbot_regression.py::TestDadBotRegression::test_normalize_mood_maps_positive_alias
FAILED tests/test_dadbot_regression.py::TestDadBotRegression::test_normalize_mood_maps_phrase_alias
FAILED tests/test_dadbot_regression.py::TestDadBotRegression::test_normalize_mood_defaults_unknown_to_neutral
FAILED tests/test_dadbot_regression.py::TestDadBotRegression::test_decay_relationship_level_without_last_updated_returns_clamped_score
FAILED tests/test_dadbot_regression.py::TestDadBotRegression::test_decay_relationship_level_moves_high_score_toward_midpoint
FAILED tests/test_dadbot_regression.py::TestDadBotRegression::test_decay_relationship_level_moves_low_score_toward_midpoint
FAILED tests/test_dadbot_regression.py::TestDadBotRegression::test_normalize_confidence_rewards_recency_when_inferred
FAILED tests/test_dadbot_regression.py::TestDadBotRegression::test_normalize_confidence_penalizes_contradictions_when_inferred
FAILED tests/test_dadbot_regression.py::TestDadBotRegression::test_normalize_confidence_invalid_explicit_value_falls_back_to_midpoint
FAILED tests/test_dadbot_regression.py::TestDadBotRegression::test_memory_quality_score_rewards_specific_memory
FAILED tests/test_dadbot_regression.py::TestDadBotRegression::test_memory_quality_score_penalizes_generic_memory
FAILED tests/test_dadbot_regression.py::TestDadBotRegression::test_is_high_quality_memory_rejects_low_signal_summary
FAILED tests/test_dadbot_regression.py::TestDadBotRegression::test_prepare_final_reply_blends_before_signoff
FAILED tests/test_dadbot_regression.py::TestDadBotRegression::test_create_chat_thread_keeps_conversation_state_isolated
FAILED tests/test_dadbot_regression.py::TestDadBotRegression::test_snapshot_session_state_roundtrip_preserves_chat_threads
FAILED tests/test_dadbot_regression.py::TestDadBotRegression::test_finalize_reply_can_skip_signoff
FAILED tests/test_dadbot_regression.py::TestDadBotRegression::test_prepare_final_reply_can_add_family_echo
FAILED tests/test_dadbot_regression.py::TestDadBotRegression::test_cadence_settings_can_delay_family_echo
FAILED tests/test_dadbot_regression.py::TestDadBotRegression::test_apply_persona_preset_updates_style_without_save
FAILED tests/test_dadbot_regression.py::TestDadBotRegression::test_update_cadence_profile_normalizes_runtime_settings
FAILED tests/test_dadbot_regression.py::TestDadBotRegression::test_update_runtime_profile_normalizes_runtime_preferences
FAILED tests/test_dadbot_regression.py::TestDadBotRegression::test_agentic_tool_settings_defaults_to_enabled
FAILED tests/test_dadbot_regression.py::TestDadBotRegression::test_get_available_tools_exposes_reminder_and_web_search_definitions
FAILED tests/test_dadbot_regression.py::TestDadBotRegression::test_update_agentic_tool_profile_persists_runtime_values
FAILED tests/test_dadbot_regression.py::TestDadBotRegression::test_autonomous_tool_result_can_set_reminder
FAILED tests/test_dadbot_regression.py::TestDadBotRegression::test_autonomous_tool_result_can_add_web_observation
FAILED tests/test_dadbot_regression.py::TestDadBotRegression::test_plan_agentic_tools_can_set_reminder_from_model_plan
FAILED tests/test_dadbot_regression.py::TestDadBotRegression::test_prepare_user_turn_uses_planner_before_heuristic_tool_logic
FAILED tests/test_dadbot_regression.py::TestDadBotRegression::test_prepare_user_turn_records_heuristic_fallback_after_planner_no_tool
FAILED tests/test_dadbot_regression.py::TestDadBotRegression::test_planner_debug_snapshot_normalizes_invalid_parameters_payload
FAILED tests/test_dadbot_regression.py::TestDadBotRegression::test_enrich_multimodal_attachments_adds_analysis_for_text_models
FAILED tests/test_dadbot_regression.py::TestDadBotRegression::test_build_request_system_prompt_adds_visual_debug_context_for_image_turn
FAILED tests/test_dadbot_regression.py::TestDadBotRegression::test_build_image_analysis_prompt_routes_homework_images
FAILED tests/test_dadbot_regression.py::TestDadBotRegression::test_add_reminder_persists_due_at_for_scheduler
FAILED tests/test_dadbot_regression.py::TestDadBotRegression::test_run_scheduled_proactive_jobs_queues_due_reminder_message
FAILED tests/test_dadbot_regression.py::TestDadBotRegression::test_run_scheduled_proactive_jobs_queues_matching_day_pattern_once
FAILED tests/test_dadbot_regression.py::TestDadBotRegression::test_relationship_calibration_profile_can_disable_pushback
FAILED tests/test_dadbot_regression.py::TestDadBotRegression::test_relationship_calibration_profile_uses_custom_opening_line
FAILED tests/test_dadbot_regression.py::TestDadBotRegression::test_cadence_settings_come_from_runtime_config_defaults
FAILED tests/test_dadbot_regression.py::TestDadBotRegression::test_memory_manager_normalize_memory_store_applies_configured_limits
FAILED tests/test_dadbot_regression.py::TestDadBotRegression::test_long_term_signals_manager_summarize_memory_graph_handles_empty_graph
FAILED tests/test_dadbot_regression.py::TestDadBotRegression::test_long_term_signals_manager_build_pattern_message_prefers_proactive_text
FAILED tests/test_dadbot_regression.py::TestDadBotRegression::test_long_term_signals_manager_should_offer_family_echo_respects_mom_reference
FAILED tests/test_dadbot_regression.py::TestDadBotRegression::test_long_term_signals_manager_wisdom_generation_can_trigger_from_topic_overlap
FAILED tests/test_dadbot_regression.py::TestDadBotRegression::test_long_term_signals_manager_detect_life_patterns_skips_existing_summary
FAILED tests/test_dadbot_regression.py::TestDadBotRegression::test_safety_support_manager_settings_uses_profile_configuration
FAILED tests/test_dadbot_regression.py::TestDadBotRegression::test_safety_support_manager_direct_reply_returns_shadow_signal
FAILED tests/test_dadbot_regression.py::TestDadBotRegression::test_safety_support_manager_direct_reply_returns_none_without_crisis_signal
FAILED tests/test_dadbot_regression.py::TestDadBotRegression::test_safety_support_manager_negated_reassurance_matches_common_variants
FAILED tests/test_dadbot_regression.py::TestDadBotRegression::test_memory_manager_normalize_consolidated_entry_limits_lists_and_recomputes_confidence
FAILED tests/test_dadbot_regression.py::TestDadBotRegression::test_memory_manager_normalize_relationship_state_decays_levels_and_limits_recent_checkins
FAILED tests/test_dadbot_regression.py::TestDadBotRegression::test_update_relationship_state_tracks_active_hypothesis
FAILED tests/test_dadbot_regression.py::TestDadBotRegression::test_memory_manager_detected_contradictions_deduplicate_repeat_pairs
FAILED tests/test_dadbot_regression.py::TestDadBotRegression::test_living_dad_snapshot_surfaces_latest_long_term_signals
FAILED tests/test_dadbot_regression.py::TestDadBotRegression::test_evolve_persona_stores_trait_and_queues_announcement
FAILED tests/test_dadbot_regression.py::TestDadBotRegression::test_cadence_settings_can_delay_persona_evolution
FAILED tests/test_dadbot_regression.py::TestDadBotRegression::test_should_evolve_persona_when_cadence_gap_is_met
FAILED tests/test_dadbot_regression.py::TestDadBotRegression::test_generate_wisdom_insight_stores_special_wisdom_entry
FAILED tests/test_dadbot_regression.py::TestDadBotRegression::test_cadence_settings_can_delay_wisdom_generation
FAILED tests/test_dadbot_regression.py::TestDadBotRegression::test_detect_life_patterns_queues_proactive_message
FAILED tests/test_dadbot_regression.py::TestDadBotRegression::test_cadence_settings_can_raise_pattern_threshold
FAILED tests/test_dadbot_regression.py::TestDadBotRegression::test_opening_message_consumes_queued_proactive_message
FAILED tests/test_dadbot_regression.py::TestDadBotRegression::test_opening_message_uses_profile_opening_messages_when_idle
FAILED tests/test_dadbot_regression.py::TestDadBotRegression::test_refresh_memory_graph_debounces_recent_refreshes
FAILED tests/test_dadbot_regression.py::TestDadBotRegression::test_refresh_memory_graph_records_issue_and_preserves_previous_snapshot_on_failure
FAILED tests/test_dadbot_regression.py::TestDadBotRegression::test_compose_user_turn_text_includes_voice_note_transcript
FAILED tests/test_dadbot_regression.py::TestDadBotRegression::test_build_chat_request_messages_attaches_images_for_multimodal_models
FAILED tests/test_dadbot_regression.py::TestDadBotRegression::test_validate_managers_raises_when_required_manager_method_is_missing
FAILED tests/test_dadbot_regression.py::TestDadBotRegression::test_validate_managers_smoke_mode_raises_when_probe_fails
FAILED tests/test_dadbot_regression.py::TestDadBotRegression::test_process_user_message_applies_top_level_prompt_guard_before_runtime_client
FAILED tests/test_dadbot_regression.py::TestDadBotRegression::test_process_user_message_combines_memory_pruning_and_prompt_guard_under_pressure
FAILED tests/test_dadbot_regression.py::TestDadBotRegression::test_reflection_retry_loop_stays_within_prompt_guard_budget
FAILED tests/test_dadbot_regression.py::TestDadBotRegression::test_reflection_retry_loop_logs_retry_attempts
FAILED tests/test_dadbot_regression.py::TestDadBotRegression::test_reflect_relationship_state_updates_store_with_mocked_reflection_json
FAILED tests/test_dadbot_regression.py::TestDadBotRegression::test_validate_reply_returns_unfinalized_fact_fallback
FAILED tests/test_dadbot_regression.py::TestDadBotRegression::test_critique_reply_uses_alignment_judge_revision
FAILED tests/test_dadbot_regression.py::TestDadBotRegression::test_judge_reply_alignment_uses_unified_supervisor_call
FAILED tests/test_dadbot_regression.py::TestDadBotRegression::test_reply_supervisor_prompt_includes_anchor_examples_and_hidden_reasoning_instruction
FAILED tests/test_dadbot_regression.py::TestDadBotRegression::test_reply_supervisor_snapshot_records_duration_ms
FAILED tests/test_dadbot_regression.py::TestDadBotRegression::test_apply_reply_supervisor_decision_clamps_scores_and_trims_issues
FAILED tests/test_dadbot_regression.py::TestDadBotRegression::test_memory_extraction_prompt_requires_json_array
FAILED tests/test_dadbot_regression.py::TestDadBotRegression::test_build_cross_session_context_includes_consolidated_memories
FAILED tests/test_dadbot_regression.py::TestDadBotRegression::test_select_active_consolidated_memories_uses_model_selected_indices
FAILED tests/test_dadbot_regression.py::TestDadBotRegression::test_select_active_consolidated_memories_reuses_cached_selection
FAILED tests/test_dadbot_regression.py::TestDadBotRegression::test_build_cross_session_context_prioritizes_positive_traits_and_recent_notes
FAILED tests/test_dadbot_regression.py::TestDadBotRegression::test_consolidate_memories_stores_merged_insights
FAILED tests/test_dadbot_regression.py::TestDadBotRegression::test_detect_memory_contradictions_flags_negated_overlap
FAILED tests/test_dadbot_regression.py::TestDadBotRegression::test_detect_memory_contradictions_flags_opposing_states
FAILED tests/test_dadbot_regression.py::TestDadBotRegression::test_merge_consolidated_memories_marks_superseded_conflicts
FAILED tests/test_dadbot_regression.py::TestDadBotRegression::test_retrieve_context_returns_hybrid_bundle
FAILED tests/test_dadbot_regression.py::TestDadBotRegression::test_extract_mood_label_maps_alias_to_known_category
FAILED tests/test_dadbot_regression.py::TestDadBotRegression::test_detect_crisis_signal_flags_high_risk_language
FAILED tests/test_dadbot_regression.py::TestDadBotRegression::test_detect_crisis_signal_ignores_negated_reassurance
FAILED tests/test_dadbot_regression.py::TestDadBotRegression::test_process_user_message_short_circuits_to_crisis_support_reply
FAILED tests/test_dadbot_regression.py::TestDadBotRegression::test_handle_tool_command_status_snapshot_reports_core_runtime
FAILED tests/test_dadbot_regression.py::TestDadBotRegression::test_dashboard_status_snapshot_reports_operational_details
FAILED tests/test_dadbot_regression.py::TestDadBotRegression::test_runtime_health_snapshot_warns_for_high_pressure_signals
FAILED tests/test_dadbot_regression.py::TestDadBotRegression::test_runtime_health_snapshot_red_reduces_worker_limit_in_light_mode
FAILED tests/test_dadbot_regression.py::TestDadBotRegression::test_current_runtime_health_snapshot_uses_cached_value_until_stale
FAILED tests/test_dadbot_regression.py::TestDadBotRegression::test_process_user_message_refreshes_health_snapshot_at_turn_end
FAILED tests/test_dadbot_regression.py::TestDadBotRegression::test_status_snapshot_includes_health_payload
FAILED tests/test_dadbot_regression.py::TestDadBotRegression::test_apply_relationship_feedback_records_history
FAILED tests/test_dadbot_regression.py::TestDadBotRegression::test_apply_consolidated_feedback_adjusts_entry_scores
FAILED tests/test_dadbot_regression.py::TestDadBotRegression::test_resolve_consolidated_contradiction_marks_loser_superseded
FAILED tests/test_dadbot_regression.py::TestDadBotRegression::test_dashboard_status_snapshot_includes_memory_contradictions
FAILED tests/test_dadbot_regression.py::TestDadBotRegression::test_handle_tool_command_quiet_mode_toggle
FAILED tests/test_dadbot_regression.py::TestDadBotRegression::test_concurrent_background_tasks_complete_without_failures
FAILED tests/test_dadbot_regression.py::TestDadBotRegression::test_load_memory_store_restores_from_backup_when_primary_corrupt
FAILED tests/test_dadbot_regression.py::TestDadBotRegression::test_persist_conversation_async_tracks_runtime_background_task_state
FAILED tests/test_dadbot_regression.py::TestDadBotRegression::test_queue_semantic_memory_index_tracks_runtime_background_task_state
FAILED tests/test_dadbot_regression.py::TestDadBotRegression::test_schedule_post_turn_maintenance_tracks_runtime_background_task_state
FAILED tests/test_dadbot_regression.py::TestDadBotRegression::test_archive_session_context_replaces_same_turn_snapshot
FAILED tests/test_dadbot_regression.py::TestDadBotRegression::test_document_store_persists_profile_and_memory_per_tenant
FAILED tests/test_dadbot_regression.py::TestDadBotRegression::test_document_store_memory_save_also_updates_json_mirror
FAILED tests/test_dadbot_regression.py::TestDadBotRegression::test_output_moderation_rewrites_secretive_or_harmful_reply
FAILED tests/test_dadbot_regression.py::TestDadBotRegression::test_dashboard_status_snapshot_includes_persistence_and_moderation_state
FAILED tests/test_dadbot_regression.py::TestDadBotRegression::test_dashboard_status_snapshot_surfaces_recent_runtime_degradations
FAILED tests/test_dadbot_regression.py::TestDadBotRegression::test_ui_shell_snapshot_surfaces_reactive_sidebar_signal
FAILED tests/test_dadbot_regression.py::TestDadBotRegression::test_memory_compactor_runs_once_per_day_and_persists_summary
FAILED tests/test_dadbot_regression.py::TestDadBotRegression::test_local_mcp_status_surfaces_optional_runtime_and_local_store
FAILED tests/test_dadbot_regression.py::TestDadBotRegression::test_local_mcp_process_controls_write_pid_and_logs
FAILED tests/test_dadbot_regression.py::TestDadBotRegression::test_binary_graph_checkpoint_can_resume_session_state
FAILED tests/test_dadbot_regression.py::TestDadBotRegression::test_memory_compactor_creates_narrative_memories
FAILED tests/test_dadbot_regression.py::TestDadBotRegression::test_handle_tool_command_dad_snapshot_surfaces_living_dad_state
FAILED tests/test_dadbot_regression.py::TestDadBotRegression::test_handle_tool_command_proactive_snapshot_lists_queued_messages
FAILED tests/test_dadbot_regression.py::TestDadBotRegression::test_handle_tool_command_evolve_uses_forced_persona_evolution
FAILED tests/test_dadbot_regression.py::TestDadBotRegression::test_handle_tool_command_reject_trait_removes_latest_persona_shift
FAILED tests/test_dadbot_regression.py::TestDadBotRegression::test_detect_mood_returns_neutral_when_model_output_is_unrecognized
FAILED tests/test_dadbot_regression.py::TestDadBotRegression::test_detect_mood_uses_alias_from_model_output
FAILED tests/test_dadbot_regression.py::TestDadBotRegression::test_token_budgeted_prompt_history_trims_messages_to_fit_budget
FAILED tests/test_dadbot_regression.py::TestDadBotRegression::test_token_budgeted_prompt_history_reuses_cached_selection
FAILED tests/test_dadbot_regression.py::TestDadBotRegression::test_prompt_history_token_budget_uses_model_context_length_when_smaller_than_global_budget
FAILED tests/test_dadbot_regression.py::TestDadBotRegression::test_call_ollama_chat_stream_returns_partial_reply_when_stream_drops
FAILED tests/test_dadbot_regression.py::TestDadBotRegression::test_call_ollama_chat_stream_async_returns_partial_reply_when_stream_drops
FAILED tests/test_dadbot_regression.py::TestDadBotRegression::test_process_user_message_stream_async_delivers_chunks_and_finishes_turn
FAILED tests/test_dadbot_regression.py::TestDadBotRegression::test_merge_consolidated_memories_prefers_higher_confidence
FAILED tests/test_dadbot_regression.py::TestDadBotRegression::test_prepare_user_turn_sets_daily_checkin_context_once
FAILED tests/test_dadbot_regression.py::TestDadBotRegression::test_finalize_user_turn_queues_post_turn_maintenance
FAILED tests/test_dadbot_regression.py::TestDadBotRegression::test_prepare_user_turn_blends_daily_checkin_into_direct_reply
FAILED tests/test_dadbot_regression.py::TestDadBotRegression::test_process_user_message_blends_daily_checkin_into_generated_reply
FAILED tests/test_dadbot_regression.py::TestDadBotRegression::test_process_user_message_records_explicit_turn_pipeline_trace
FAILED tests/test_dadbot_regression.py::TestDadBotRegression::test_reply_alignment_judge_prompt_includes_relationship_and_persona_context
FAILED tests/test_dadbot_regression.py::TestDadBotRegression::test_prepare_final_reply_can_add_calibrated_pushback
FAILED tests/test_dadbot_regression.py::TestDadBotRegression::test_prepare_final_reply_skips_pushback_for_heavy_mood
FAILED tests/test_dadbot_regression.py::TestDadBotRegression::test_memory_persistence_and_semantic_index_queue
FAILED tests/test_dadbot_regression.py::TestDadBotRegression::test_embed_texts_uses_cached_embeddings_before_calling_ollama
FAILED tests/test_device_state.py::TestParseIntent::test_parse_intent_stub - ...
FAILED tests/test_durability_and_leases.py::TestLeaseSchedulerIntegration::test_single_worker_acquires_and_releases_lease_per_job
FAILED tests/test_durability_and_leases.py::TestLeaseSchedulerIntegration::test_lease_conflict_requeues_and_eventually_executes
FAILED tests/test_e2e_orchestrator_turn.py::test_e2e_orchestrator_full_runtime_lane_certifying_expected_tool_execution
FAILED tests/test_eval_harness.py::TestConsistencyEval::test_mood_detection_is_stable_across_calls
FAILED tests/test_eval_harness.py::TestEmotionalAlignmentEval::test_end_to_end_alignment_with_patched_model
FAILED tests/test_event_durability_security.py::test_event_durability_encrypts_payloads_and_checkpoints
FAILED tests/test_facade_routing_validation.py::TestFacadeRoutingFunctional::test_2_getset_roundtrip
FAILED tests/test_facade_routing_validation.py::TestFacadeRoutingFunctional::test_1b_routing_targets_exist
FAILED tests/test_facade_routing_validation.py::TestFacadeRoutingFunctional::test_4_fallback_delegation_works
FAILED tests/test_facade_routing_validation.py::TestFacadeRoutingComprehensive::test_routing_and_service_container_coverage
FAILED tests/test_identity_tuple_immutable.py::test_identity_tuple_blocks_trace_id_mutation
FAILED tests/test_identity_tuple_immutable.py::test_identity_tuple_blocks_manifest_replacement
FAILED tests/test_kernel_freeze_phase1.py::test_runtime_client_rejects_spoofed_modelport
FAILED tests/test_kernel_freeze_phase1.py::test_memory_storage_rejects_spoofed_owner
FAILED tests/test_kernel_freeze_phase1.py::test_memory_storage_requires_bound_core_state_in_strict_mode
FAILED tests/test_kernel_freeze_phase1.py::test_memory_storage_allows_unbound_core_state_in_permissive_mode
FAILED tests/test_kernel_freeze_phase1.py::test_terminal_state_persisted_for_turn
FAILED tests/test_long_run_behavioral_validation.py::TestMemoryPersonalityBoundary::test_reply_finalization_records_cscl_output
FAILED tests/test_long_term_signals.py::test_should_evolve_persona_respects_session_gap
FAILED tests/test_long_term_signals.py::test_update_trait_impact_from_relationship_feedback_reinforces_latest_trait
FAILED tests/test_long_term_signals.py::test_reject_persona_trait_removes_latest_entry
FAILED tests/test_long_term_signals.py::test_consolidate_persona_evolution_history_keeps_strongest_ranked_traits
FAILED tests/test_long_term_signals.py::test_detect_life_patterns_skips_existing_pattern_identity
FAILED tests/test_long_term_signals.py::test_detect_life_patterns_queues_proactive_message_for_new_pattern
FAILED tests/test_loyal_elephie_integration.py::TestHybridRetriever::test_rrf_fusion
FAILED tests/test_memory_manager.py::test_normalize_memory_entry_naturalizes_summary_and_mood
FAILED tests/test_memory_manager.py::test_normalize_memory_entry_validates_dates_and_scores_without_changing_surface
FAILED tests/test_memory_manager.py::test_normalize_relationship_state_preserves_runtime_vocab_and_date_surface
FAILED tests/test_memory_manager.py::test_normalize_persona_evolution_entry_validates_runtime_trait_payload
FAILED tests/test_memory_manager.py::test_normalize_wisdom_entry_validates_runtime_payload
FAILED tests/test_memory_manager.py::test_save_memory_store_normalizes_direct_memory_store_mutations
FAILED tests/test_memory_manager.py::test_mutate_memory_store_persists_valid_json_under_concurrent_writes
FAILED tests/test_memory_manager.py::test_mutate_memory_store_triggers_semantic_and_graph_sync_without_stale_projection
FAILED tests/test_memory_manager.py::test_graph_projection_generation_advances_across_repeated_mutations
FAILED tests/test_memory_manager.py::test_normalize_consolidated_memory_entry_limits_lists_and_recomputes_confidence
FAILED tests/test_memory_manager.py::test_memory_quality_score_penalizes_generic_low_signal_entries
FAILED tests/test_memory_manager.py::test_is_high_quality_memory_rejects_low_signal_patterns
FAILED tests/test_memory_manager.py::test_controlled_forgetting_retains_repeated_preference_with_high_confidence_hits
FAILED tests/test_memory_manager.py::test_controlled_forgetting_never_archives_identity_memory
FAILED tests/test_memory_manager.py::test_controlled_forgetting_retains_stale_high_importance_memory
FAILED tests/test_memory_manager.py::test_clean_memory_entries_normalizes_filters_and_deduplicates
FAILED tests/test_memory_manager.py::test_relevant_memories_for_input_prefers_fresher_entries
FAILED tests/test_memory_manager.py::test_semantic_memory_matches_caps_stale_low_impact_memories
FAILED tests/test_memory_manager.py::test_relevant_memories_for_input_applies_diversity_cap
FAILED tests/test_memory_manager.py::test_relevant_memories_for_input_uses_prompt_budget_to_cap_limit
FAILED tests/test_memory_manager.py::test_load_memory_store_recovers_from_backup_when_primary_is_corrupted
FAILED tests/test_memory_manager.py::test_graph_retrieval_compresses_to_token_budget
FAILED tests/test_memory_manager.py::test_relevant_memories_for_input_uses_graph_signal_when_scoring
FAILED tests/test_memory_manager.py::test_relevant_memories_for_input_caps_top_k_to_seven
FAILED tests/test_memory_manager.py::test_relevant_memories_for_input_excludes_irrelevant_low_signal_memories
FAILED tests/test_mood_detection.py::test_extract_mood_label_handles_formats_and_aliases[Mood: positive\nReason: Clear excitement and pride.-positive]
FAILED tests/test_mood_detection.py::test_extract_mood_label_handles_formats_and_aliases[The mood is burned out because he sounds drained.-tired]
FAILED tests/test_mood_detection.py::test_extract_mood_label_handles_formats_and_aliases[He sounds frustrated and fed up.-frustrated]
FAILED tests/test_mood_detection.py::test_extract_mood_label_handles_formats_and_aliases[No clear label here.-None]
FAILED tests/test_multi_llm_async_streaming.py::test_call_ollama_chat_stream_async_uses_litellm_stream_once_and_awaits_callback
FAILED tests/test_multi_llm_async_streaming.py::test_call_ollama_chat_stream_async_falls_back_to_runtime_client_when_litellm_fails
FAILED tests/test_phase1_response_authority.py::TestPhase1ResponseAuthority::test_no_competing_response_selection_paths
FAILED tests/test_phase1_response_authority.py::TestPhase1ResponseAuthority::test_reply_finalization_is_formatting_only
FAILED tests/test_phase3_world_integration.py::TestPhase3EmbeddingLock::test_embedding_version_lock_detects_model_drift
FAILED tests/test_phase3_world_integration.py::TestPhase3EmbeddingLock::test_semantic_retrieval_signature_stable_across_model_switch
FAILED tests/test_phase4a.py::TestPhase4ARealCheckpointing::test_orchestrator_restores_state_after_simulated_restart
FAILED tests/test_phase4a.py::TestPhase4ARealCheckpointing::test_determinism_fields_present_in_saved_checkpoint
FAILED tests/test_phase4a.py::TestPhase4ARealCheckpointing::test_checkpoint_write_log_records_success_row
FAILED tests/test_phase4a.py::TestPhase4ARealCheckpointing::test_manifest_drift_warning_in_lenient_mode
FAILED tests/test_phase4a.py::TestPhase4ADeterminismVeriication::test_lock_hash_stable_across_identical_inputs
FAILED tests/test_phase4a.py::TestPhase4ADeterminismVeriication::test_tool_trace_hash_present_and_non_empty_after_real_turn
FAILED tests/test_phase4a.py::TestPhase4ADeterminismVeriication::test_checkpoint_chain_integrity_after_two_real_turns
FAILED tests/test_phase4a.py::TestPhase4ADeterminismVeriication::test_persistence_metrics_are_observable_per_session
FAILED tests/test_phase4a.py::TestPhase4ATrueProcessRestart::test_checkpoint_survives_real_process_boundary
FAILED tests/test_phase4a.py::TestPhase4AToolDeterminismAcrossRestarts::test_tool_trace_hash_stable_across_independent_sessions
FAILED tests/test_phase4a.py::TestPhase4AToolDeterminismAcrossRestarts::test_tool_trace_hash_survives_checkpoint_round_trip
FAILED tests/test_phase4a.py::TestPhase4AToolDeterminismAcrossRestarts::test_tool_trace_hash_changes_with_different_inputs
FAILED tests/test_phase4a.py::TestPhase4AScaleAndPruning::test_pruning_enforced_after_hundred_turns
FAILED tests/test_phase4a.py::TestPhase4AScaleAndPruning::test_concurrent_sessions_remain_isolated
FAILED tests/test_phase4a.py::TestPhase4AScaleAndPruning::test_prune_returns_correct_deleted_count
FAILED tests/test_phase4a.py::TestPhase4ALargeStateCheckpoint::test_large_state_round_trip_fidelity
FAILED tests/test_phase4a.py::TestPhase4ALargeStateCheckpoint::test_orchestrator_handles_large_preloaded_state
FAILED tests/test_phase4a_adversarial_collapse.py::TestPhase4AEmbeddingDriftStress::test_embedding_version_mismatch_mid_session_is_detected
FAILED tests/test_phase4a_adversarial_collapse.py::TestPhase4AEmbeddingDriftStress::test_partial_lock_failure_does_not_silently_update_boundary
FAILED tests/test_phase4a_fixed.py::TestPhase1MockExecution::test_trace_structure_mock
FAILED tests/test_phase4a_fixed.py::TestScenarioSuiteValidation::test_scenario_structure
FAILED tests/test_phase4a_fixed.py::TestPhase4ARealCheckpointing::test_orchestrator_saves_checkpoint_after_real_turn
FAILED tests/test_phase4a_fixed.py::TestPhase4ARealCheckpointing::test_orchestrator_hard_fails_when_confluence_key_omitted_in_strict_mode
FAILED tests/test_phase4a_fixed.py::TestPhase4ARealCheckpointing::test_orchestrator_restores_state_after_simulated_restart
FAILED tests/test_phase4a_fixed.py::TestPhase4ARealCheckpointing::test_determinism_fields_present_in_saved_checkpoint
FAILED tests/test_phase4a_fixed.py::TestPhase4ARealCheckpointing::test_checkpoint_write_log_records_success_row
FAILED tests/test_phase4a_fixed.py::TestPhase4ARealCheckpointing::test_manifest_drift_warning_in_lenient_mode
FAILED tests/test_phase4a_fixed.py::TestPhase4ADeterminismVeriication::test_lock_hash_stable_across_identical_inputs
FAILED tests/test_phase4a_fixed.py::TestPhase4ADeterminismVeriication::test_tool_trace_hash_present_and_non_empty_after_real_turn
FAILED tests/test_phase4a_fixed.py::TestPhase4ADeterminismVeriication::test_checkpoint_chain_integrity_after_two_real_turns
FAILED tests/test_phase4a_fixed.py::TestPhase4ADeterminismVeriication::test_persistence_metrics_are_observable_per_session
FAILED tests/test_phase4a_fixed.py::TestPhase4ATrueProcessRestart::test_checkpoint_survives_real_process_boundary
FAILED tests/test_phase4a_fixed.py::TestPhase4AToolDeterminismAcrossRestarts::test_tool_trace_hash_stable_across_independent_sessions
FAILED tests/test_phase4a_fixed.py::TestPhase4AToolDeterminismAcrossRestarts::test_tool_trace_hash_survives_checkpoint_round_trip
FAILED tests/test_phase4a_fixed.py::TestPhase4AToolDeterminismAcrossRestarts::test_tool_trace_hash_changes_with_different_inputs
FAILED tests/test_phase4a_fixed.py::TestPhase4AScaleAndPruning::test_pruning_enforced_after_hundred_turns
FAILED tests/test_phase4a_fixed.py::TestPhase4AScaleAndPruning::test_concurrent_sessions_remain_isolated
FAILED tests/test_phase4a_fixed.py::TestPhase4AScaleAndPruning::test_prune_returns_correct_deleted_count
FAILED tests/test_phase4a_fixed.py::TestPhase4ALargeStateCheckpoint::test_large_state_round_trip_fidelity
FAILED tests/test_phase4a_fixed.py::TestPhase4ALargeStateCheckpoint::test_large_state_metadata_survives_round_trip
FAILED tests/test_phase4a_fixed.py::TestPhase4ALargeStateCheckpoint::test_orchestrator_handles_large_preloaded_state
FAILED tests/test_phase4a_patched.py::TestPhase4ARealCheckpointing::test_orchestrator_restores_state_after_simulated_restart
FAILED tests/test_phase4a_patched.py::TestPhase4ARealCheckpointing::test_determinism_fields_present_in_saved_checkpoint
FAILED tests/test_phase4a_patched.py::TestPhase4ARealCheckpointing::test_checkpoint_write_log_records_success_row
FAILED tests/test_phase4a_patched.py::TestPhase4ARealCheckpointing::test_manifest_drift_warning_in_lenient_mode
FAILED tests/test_phase4a_patched.py::TestPhase4ADeterminismVeriication::test_lock_hash_stable_across_identical_inputs
FAILED tests/test_phase4a_patched.py::TestPhase4ADeterminismVeriication::test_tool_trace_hash_present_and_non_empty_after_real_turn
FAILED tests/test_phase4a_patched.py::TestPhase4ADeterminismVeriication::test_checkpoint_chain_integrity_after_two_real_turns
FAILED tests/test_phase4a_patched.py::TestPhase4ADeterminismVeriication::test_persistence_metrics_are_observable_per_session
FAILED tests/test_phase4a_patched.py::TestPhase4ATrueProcessRestart::test_checkpoint_survives_real_process_boundary
FAILED tests/test_phase4a_patched.py::TestPhase4AToolDeterminismAcrossRestarts::test_tool_trace_hash_stable_across_independent_sessions
FAILED tests/test_phase4a_patched.py::TestPhase4AToolDeterminismAcrossRestarts::test_tool_trace_hash_survives_checkpoint_round_trip
FAILED tests/test_phase4a_patched.py::TestPhase4AToolDeterminismAcrossRestarts::test_tool_trace_hash_changes_with_different_inputs
FAILED tests/test_phase4a_patched.py::TestPhase4AScaleAndPruning::test_pruning_enforced_after_hundred_turns
FAILED tests/test_phase4a_patched.py::TestPhase4AScaleAndPruning::test_concurrent_sessions_remain_isolated
FAILED tests/test_phase4a_patched.py::TestPhase4AScaleAndPruning::test_prune_returns_correct_deleted_count
FAILED tests/test_phase4a_patched.py::TestPhase4ALargeStateCheckpoint::test_large_state_round_trip_fidelity
FAILED tests/test_phase4a_patched.py::TestPhase4ALargeStateCheckpoint::test_orchestrator_handles_large_preloaded_state
FAILED tests/test_production_hardening_wave3.py::TestObservability::test_scheduler_emits_metrics
FAILED tests/test_production_hardening_wave5.py::TestTracingPropagation::test_orchestrator_execute_job_resolves_recovery_mode_from_checkpoint
FAILED tests/test_replay_equivalence_harness.py::test_replay_equivalence_harness_detects_no_divergence
FAILED tests/test_repo_phase4_auditor.py::test_repo_phase4_auditor_main_emits_json_report
FAILED tests/test_runtime_hardening.py::test_proactive_heartbeat_queues_daily_checkin_once
FAILED tests/test_scheduler_lifecycle_hardening.py::test_cancel_mid_turn - Fa...
FAILED tests/test_scheduler_lifecycle_hardening.py::test_timeout_mid_tool_execution
FAILED tests/test_scheduler_lifecycle_hardening.py::test_exception_during_execution_phase
FAILED tests/test_scheduler_lifecycle_hardening.py::test_soak_simulation_replay_loop
FAILED tests/test_service_architecture.py::test_dadbot_session_snapshot_roundtrip_restores_runtime_state
FAILED tests/test_service_architecture.py::test_dadbot_runtime_state_attr_maps_read_and_write_through
FAILED tests/test_service_architecture.py::test_dadbot_attribute_map_roundtrip_parity
FAILED tests/test_service_architecture.py::test_record_relationship_history_point_uses_memory_manager_surface
FAILED tests/test_service_architecture.py::test_soft_reset_session_context_syncs_snapshot_via_runtime_state_manager
FAILED tests/test_service_split.py::test_dadbot_composes_split_services - Att...
FAILED tests/test_service_split.py::test_shared_dadbot_context_is_live_and_used_by_extracted_managers
FAILED tests/test_service_split.py::test_config_backed_runtime_fields_remain_mutable_via_facade
FAILED tests/test_service_split.py::test_profile_and_memory_store_are_manager_backed
FAILED tests/test_service_split.py::test_turn_orchestrator_property_uses_services_container
FAILED tests/test_service_split.py::test_prompt_assembly_uses_extracted_context_services
FAILED tests/test_service_split.py::test_prepare_final_reply_delegates_to_reply_finalization
FAILED tests/test_service_split.py::test_prepare_final_reply_async_delegates_to_reply_finalization
FAILED tests/test_service_split.py::test_begin_turn_memory_context_includes_high_confidence_influence_signal
FAILED tests/test_service_split.py::test_begin_turn_memory_context_includes_low_confidence_guidance_when_weak
FAILED tests/test_service_split.py::test_reply_finalization_keeps_memory_facts_while_personality_controls_style
FAILED tests/test_service_split.py::test_personality_service_is_an_explicit_facade_seam
FAILED tests/test_service_split.py::test_turn_service_helper_methods_delegate_to_manager
FAILED tests/test_service_split.py::test_turn_service_reply_generation_patch_does_not_override_output_authority
FAILED tests/test_service_split.py::test_dependency_registry_can_override_runtime_interface
FAILED tests/test_service_split.py::test_dependency_registry_can_override_runtime_state_bundle
FAILED tests/test_service_split.py::test_process_user_message_uses_graph_path_when_enabled
FAILED tests/test_service_split.py::test_process_user_message_graph_failure_returns_controlled_response
FAILED tests/test_service_split.py::test_process_user_message_stream_graph_failure_preserves_trace_and_correlation
FAILED tests/test_service_split.py::test_process_user_message_async_uses_graph_path_when_enabled
FAILED tests/test_service_split.py::test_process_user_message_async_graph_failure_preserves_trace_and_correlation
FAILED tests/test_service_split.py::test_conversation_persistence_methods_delegate_to_manager
FAILED tests/test_service_split.py::test_status_reporting_methods_delegate_to_manager
FAILED tests/test_service_split.py::test_runtime_orchestration_methods_delegate_to_manager
FAILED tests/test_service_split.py::test_runtime_orchestration_submit_background_task_handles_noop_submit
FAILED tests/test_service_split.py::test_internal_state_reflection_and_soft_reset
FAILED tests/test_service_split.py::test_profile_runtime_methods_delegate_to_manager
FAILED tests/test_service_split.py::test_profile_context_methods_delegate_through_facade
FAILED tests/test_service_split.py::test_multimodal_methods_delegate_to_manager
FAILED tests/test_service_split.py::test_runtime_client_methods_delegate_to_manager
FAILED tests/test_service_split.py::test_runtime_client_rejects_non_modelport_callers
FAILED tests/test_service_split.py::test_memory_storage_rejects_direct_mutation_bypass
FAILED tests/test_service_split.py::test_runtime_storage_methods_delegate_to_manager
FAILED tests/test_service_split.py::test_session_summary_methods_delegate_to_manager
FAILED tests/test_service_split.py::test_long_term_signal_methods_delegate_to_manager
FAILED tests/test_service_split.py::test_reply_supervisor_methods_delegate_to_manager
FAILED tests/test_service_split.py::test_memory_query_methods_delegate_to_manager
FAILED tests/test_service_split.py::test_memory_contradiction_methods_delegate_to_manager
FAILED tests/test_service_split.py::test_memory_command_methods_delegate_to_manager
FAILED tests/test_service_split.py::test_runtime_interface_methods_delegate_to_manager
FAILED tests/test_service_split.py::test_model_runtime_methods_delegate_to_manager
FAILED tests/test_service_split.py::test_embedding_model_candidates_fall_back_to_chat_models_when_unset
FAILED tests/test_service_split.py::test_relationship_manager_snapshot_exposes_active_hypothesis
FAILED tests/test_service_split.py::test_maintenance_methods_delegate_to_scheduler
FAILED tests/test_service_split.py::test_scheduled_proactive_methods_delegate_to_scheduler
FAILED tests/test_service_split.py::test_mood_detection_cache_methods_delegate_to_mood_manager
FAILED tests/test_service_split.py::test_runtime_state_methods_delegate_to_runtime_manager
FAILED tests/test_service_split.py::test_tool_methods_delegate_to_agentic_services
FAILED tests/test_service_split.py::test_memory_pipeline_methods_delegate_to_memory_coordinator
FAILED tests/test_service_split.py::test_record_runtime_issue_delegates_to_health_manager
FAILED tests/test_service_split.py::test_validate_managers_smoke_true_passes
FAILED tests/test_service_split.py::test_runtime_client_tries_fallback_models_sync
FAILED tests/test_service_split.py::test_runtime_client_tries_fallback_models_async
FAILED tests/test_service_split.py::test_plan_agentic_tools_closed_loop_falls_back_cleanly
FAILED tests/test_service_split.py::test_plan_agentic_tools_memory_authority_veto_blocks_execution
FAILED tests/test_service_split.py::test_plan_agentic_tools_memory_perturbation_changes_decision_outcome
FAILED tests/test_service_split.py::test_refresh_memory_retrieval_after_tool_reconciles_and_updates_state
FAILED tests/test_services_wiring.py::test_tool_registry_wired - AssertionErr...
FAILED tests/test_services_wiring.py::test_metrics_wired - AssertionError: as...
FAILED tests/test_services_wiring.py::test_smart_home_wired - AssertionError:...
FAILED tests/test_services_wiring.py::test_asr_tts_wired - AssertionError: as...
FAILED tests/test_shadow_thread.py::test_longitudinal_synthesis_persists_insights
FAILED tests/test_streamlit_smoke.py::test_dad_streamlit_app_starts_without_streamlit_exceptions
FAILED tests/test_streamlit_smoke.py::test_preferences_tab_shows_detected_cloud_llm_api_key_hint
FAILED tests/test_streamlit_smoke.py::test_sidebar_and_button_surface_accessible
FAILED tests/test_transaction_coordinator_phase5.py::test_cross_store_partial_failure_rolls_back_all
FAILED tests/test_transaction_coordinator_phase5.py::test_crash_mid_commit_recovers_previous_state
FAILED tests/test_transaction_coordinator_phase5.py::test_full_replay_equivalence
FAILED tests/test_turn_graph_replay.py::test_graph_checkpoint_events_are_replayable
FAILED tests/test_turn_graph_replay.py::test_validate_replay_determinism_detects_expected_hash
FAILED tests/test_turn_graph_replay.py::test_persistence_replay_operations_require_active_trace
FAILED tests/test_turn_replay_strict_equivalence.py::test_turn_replay_strict_equivalence
FAILED tests/test_write_plane_determinism.py::TestReplayComparison::test_write_log_nonempty_and_attributed
FAILED tests/test_write_plane_determinism.py::TestReplayComparison::test_two_runs_produce_same_output
FAILED tests/test_write_plane_determinism.py::TestReplayComparison::test_two_runs_produce_same_write_paths
FAILED tests/test_write_plane_determinism.py::TestReplayComparison::test_two_runs_produce_identical_log
FAILED tests/unit/test_control_plane_ledger_bounds.py::test_submit_turn_triggers_ledger_compaction_report
FAILED tests/unit/test_control_plane_ledger_bounds.py::test_submit_turn_raises_when_commit_boundary_invariant_fails
FAILED tests/unit/test_control_plane_ledger_bounds.py::test_boot_reconcile_exposes_partition_summary
FAILED tests/unit/test_control_plane_ledger_bounds.py::test_submit_turn_records_execution_composition_contract
FAILED tests/unit/test_control_plane_ledger_bounds.py::test_submit_turn_records_core_state
FAILED tests/unit/test_control_plane_ledger_bounds.py::test_global_confluence_law_binds_first_observation_and_reuses_expected_hash
FAILED tests/unit/test_control_plane_ledger_bounds.py::test_global_confluence_law_raises_on_semantic_divergence
FAILED tests/unit/test_control_plane_ledger_bounds.py::test_enforce_mode_kernel_gateway_stamps_confluence_key
FAILED tests/unit/test_control_plane_ledger_bounds.py::test_submit_turn_failure_writes_typed_failure_payload
FAILED tests/unit/test_control_plane_ledger_bounds.py::test_submit_turn_failure_emits_quarantine_policy_event
FAILED tests/unit/test_control_plane_ledger_bounds.py::test_submit_turn_blocks_on_global_invariant_gate
FAILED tests/unit/test_control_plane_ledger_bounds.py::test_submit_turn_blocks_on_timeout_status_inconsistency
FAILED tests/unit/test_control_plane_ledger_bounds.py::test_boot_reconcile_exposes_confluence_metrics
FAILED tests/unit/test_control_plane_ledger_bounds.py::test_boot_reconcile_reports_ambiguous_effects_for_recovery
FAILED tests/unit/test_control_plane_ledger_bounds.py::test_boot_reconcile_auto_consumes_reconcile_required_effects
FAILED tests/unit/test_control_plane_ledger_bounds.py::test_boot_reconcile_auto_consumer_honors_max_items
FAILED tests/unit/test_control_plane_ledger_bounds.py::test_submit_turn_starts_live_without_projection_redelivery
FAILED tests/unit/test_control_plane_ledger_bounds.py::test_submit_turn_rejects_tool_contract_with_missing_permissions
FAILED tests/unit/test_control_plane_ledger_bounds.py::test_submit_turn_injects_ranked_semantic_memory_context
FAILED tests/unit/test_control_plane_ledger_bounds.py::test_submit_turn_emits_ordered_stream_timeline_and_explainability
FAILED tests/unit/test_control_plane_ledger_bounds.py::test_submit_turn_emits_state_transition_recorded_payload_shape
FAILED tests/unit/test_control_plane_ledger_bounds.py::test_submit_turn_uncertainty_gate_blocks_naive_tool_execution
FAILED tests/unit/test_control_plane_ledger_bounds.py::test_submit_turn_world_model_binding_gate_runs_pre_tool
FAILED tests/unit/test_control_plane_ledger_bounds.py::test_submit_turn_writes_linear_state_transition_ledger
FAILED tests/unit/test_equivalence_validator.py::test_dual_run_equivalence_passes_when_outputs_match
FAILED tests/unit/test_equivalence_validator.py::test_dual_run_equivalence_fails_when_outputs_mismatch
FAILED tests/unit/test_equivalence_validator.py::test_dual_run_requires_legacy_executor
FAILED tests/unit/test_intelligence_layers.py::test_control_plane_populates_intelligence_state
FAILED tests/unit/test_intelligence_layers.py::test_control_plane_explain_last_decision_contains_runtime_plan
FAILED tests/unit/test_intelligence_layers.py::test_control_plane_persists_hypotheses_memory_hierarchy_and_belief
FAILED tests/unit/test_intelligence_layers.py::test_control_plane_applies_turn_steering_and_autonomous_goal_cycle
FAILED tests/unit/test_intelligence_layers.py::test_control_plane_real_time_ui_alignment_tools_and_swarm_layers
FAILED tests/unit/test_kernel_task_manager.py::test_kernel_task_manager_records_failure_in_session_event_log
FAILED tests/unit/test_kernel_task_manager.py::test_kernel_task_manager_await_session_ignores_unrelated_pending_tasks
FAILED tests/unit/test_kernel_task_manager.py::test_kernel_task_manager_shutdown_cancels_pending_tasks
FAILED tests/unit/test_memory_ledger.py::test_memory_ledger_appends_and_verifies_chain
FAILED tests/unit/test_memory_ledger.py::test_memory_ledger_detects_tamper - ...
FAILED tests/unit/test_memory_ledger.py::test_memory_ledger_sqlite_persists_across_instances
FAILED tests/unit/test_p3_p4_runtime_contracts.py::test_memory_confluence_same_entries_different_order_same_canonical_hash
FAILED tests/unit/test_p3_p4_runtime_contracts.py::test_memory_mutation_records_canonical_state_hash_observability
FAILED tests/unit/test_p3_p4_runtime_contracts.py::test_memory_confluence_total_order_on_sort_key_ties
FAILED tests/unit/test_p3_p4_runtime_contracts.py::test_memory_confluence_same_logical_turn_repeats_with_identical_hash
FAILED tests/unit/test_p3_p4_runtime_contracts.py::test_memory_state_canonicalized_event_payload_matches_before_after_hashes
FAILED tests/unit/test_policy_store.py::test_policy_store_seeds_default_policy_and_persists_history
FAILED tests/unit/test_policy_store.py::test_policy_store_supports_rollback_by_version
FAILED tests/unit/test_policy_store.py::test_policy_store_rejects_invalid_harmful_keywords_schema
FAILED tests/unit/test_policy_store.py::test_policy_store_normalizes_harmful_keywords_to_lowercase
FAILED tests/unit/test_policy_store.py::test_policy_store_sqlite_persists_across_instances
FAILED tests/unit/test_priority1_canonical_execution_path.py::TestCanonicalExecutionPathStructure::test_dadbot_getattr_has_no_facade_compat_warning_hook
FAILED tests/unit/test_recovery_node.py::test_recovery_node_pass_through_on_success
FAILED tests/unit/test_recovery_node.py::test_recovery_node_retry_sets_retry_requested
FAILED tests/unit/test_recovery_node.py::test_recovery_node_retry_exhausted_degrades_output
FAILED tests/unit/test_recovery_node.py::test_recovery_node_requires_approval_sets_prompt
FAILED tests/unit/test_recovery_node.py::test_recovery_node_halt_safe_sets_halt_message
FAILED tests/unit/test_replay_alias_contract.py::test_deprecated_alias_invocation_raises_in_replay_mode
FAILED tests/unit/test_replay_alias_contract.py::test_relationship_apply_feedback_records_boundary_trace
FAILED tests/unit/test_response_engine_control_plane_integration.py::TestResponseEngineControlPlaneIntegration::test_finalize_submit_success_persists_response_engine_telemetry
FAILED tests/unit/test_response_engine_control_plane_integration.py::TestResponseEngineControlPlaneIntegration::test_finalize_submit_success_persists_structured_decision_reasoning
FAILED tests/unit/test_response_engine_control_plane_integration.py::TestResponseEngineControlPlaneIntegration::test_finalize_submit_success_persists_pending_selection_for_next_turn_learning
FAILED tests/unit/test_response_engine_control_plane_integration.py::TestResponseEngineControlPlaneIntegration::test_finalize_submit_success_updates_identity_state_and_continuity
FAILED tests/unit/test_response_engine_control_plane_integration.py::TestResponseEngineControlPlaneIntegration::test_phase3_behavioral_stability_gate_30_turn_conflict_sequence
FAILED tests/unit/test_runtime_service_provider_transition.py::test_dadbot_prefers_explicit_runtime_services_constructor_injection
FAILED tests/unit/test_runtime_service_provider_transition.py::test_resolve_dependency_prefers_explicit_service_overrides_over_registry
FAILED tests/unit/test_turn_handler.py::test_turn_handler_process_turn_delegates_with_enforce_confluence
FAILED tests/unit/test_turn_handler.py::test_turn_handler_injects_policy_template_when_store_is_provided
FAILED tests/unit/test_turn_handler.py::test_turn_handler_injects_prompt_context_into_metadata
FAILED tests/unit/test_turn_handler.py::test_turn_handler_appends_memory_ledger_event_on_success
FAILED tests/unit/test_turn_handler.py::test_turn_handler_injects_relationship_projection_after_submit
FAILED tests/unit/test_turn_handler.py::test_turn_handler_writes_relationship_projection_to_ledger_event
FAILED tests/unit/test_turn_handler.py::test_turn_handler_injects_user_world_model_snapshot
FAILED tests/unit/test_turn_handler.py::test_turn_handler_writes_world_model_projection_to_ledger_event
FAILED tests/unit/test_turn_handler.py::test_turn_handler_extracts_active_goals_from_user_input
FAILED tests/unit/test_turn_handler.py::test_turn_handler_extracts_contradictions_and_family_map
FAILED tests/unit/test_world_model_store.py::test_world_model_store_evolves_and_merges_lists
FAILED tests/unit/test_world_model_store.py::test_world_model_store_sqlite_persists_across_instances
ERROR tests/test_config_drift.py::TestDadBotConfigAttrMapConsistency::test_attr_map_is_non_empty
ERROR tests/test_config_drift.py::TestDadBotConfigAttrMapConsistency::test_all_map_values_are_non_empty_strings
ERROR tests/test_config_drift.py::TestDadBotConfigAttrMapConsistency::test_all_mapped_attr_names_exist_on_config_instance
ERROR tests/test_config_drift.py::TestDadBotConfigAttrMapConsistency::test_unique_attr_names_all_resolvable
ERROR tests/test_config_drift.py::TestDadBotConfigAttrMapConsistency::test_no_map_value_shadows_wrong_type
ERROR tests/test_eval_harness.py::TestFaithfulnessEval::test_correct_name_does_not_flag
ERROR tests/test_eval_harness.py::TestFaithfulnessEval::test_faithful_reply_scores_1
ERROR tests/test_eval_harness.py::TestFaithfulnessEval::test_wrong_name_reply_reduces_score
ERROR tests/test_long_term_signals.py::test_evolve_persona_persists_entry_and_queues_announcement
ERROR tests/test_long_term_signals.py::test_evolve_persona_rejects_low_quality_trait_after_critique
ERROR tests/test_long_term_signals.py::test_generate_wisdom_insight_uses_mocked_ollama_and_deduplicates_recent_entries
ERROR tests/test_mood_detection.py::test_detect_mood_uses_mocked_ollama_reply[Mood: positive\nReason: Pride and excitement.-positive]
ERROR tests/test_mood_detection.py::test_detect_mood_uses_mocked_ollama_reply[Mood: sad\nReason: Quiet emotional pain.-sad]
ERROR tests/test_mood_detection.py::test_detect_mood_uses_mocked_ollama_reply[Mood: frustrated\nReason: Immediate irritation.-frustrated]
ERROR tests/test_mood_detection.py::test_detect_mood_uses_mocked_ollama_reply[Mood: tired\nReason: Clear fatigue.-tired]
ERROR tests/test_mood_detection.py::test_detect_mood_uses_mocked_ollama_reply[Mood: neutral\nReason: Mostly factual and reflective.-neutral]
ERROR tests/test_mood_detection.py::test_detect_mood_defaults_to_neutral_on_invalid_response
ERROR tests/test_mood_detection.py::test_detect_mood_defaults_to_neutral_on_runtime_error
ERROR tests/test_mood_detection.py::test_detect_mood_fastpath_skips_ollama_for_obvious_signal
ERROR tests/test_mood_detection.py::test_detect_mood_reuses_recent_cached_result
ERROR tests/test_mood_detection.py::test_detect_mood_returns_neutral_without_model_in_light_mode
ERROR tests/test_phase4a.py::test_categories_complete_mock
ERROR tests/test_phase4a.py::test_speciic_scenario_mock
ERROR tests/test_phase4a.py::test_trace_structure_mock
ERROR tests/test_phase4a.py::TestPhase4AOrchestratorIntegration::test_orchestrator_available
ERROR tests/test_phase4a.py::TestPhase4AOrchestratorIntegration::test_single_scenario_orchestrator
ERROR tests/test_phase4a.py::TestPhase4AOrchestratorIntegration::test_all_scenarios_orchestrator
ERROR tests/test_phase4a.py::TestPhase4AOrchestratorIntegration::test_orchestrator_trace_capture
ERROR tests/test_phase4a_fixed.py::TestPhase4AOrchestratorIntegration::test_orchestrator_available
ERROR tests/test_phase4a_fixed.py::TestPhase4AOrchestratorIntegration::test_single_scenario_orchestrator
ERROR tests/test_phase4a_fixed.py::TestPhase4AOrchestratorIntegration::test_all_scenarios_orchestrator
ERROR tests/test_phase4a_fixed.py::TestPhase4AOrchestratorIntegration::test_orchestrator_trace_capture
ERROR tests/test_phase4a_patched.py::test_categories_complete_mock
ERROR tests/test_phase4a_patched.py::test_speciic_scenario_mock
ERROR tests/test_phase4a_patched.py::test_trace_structure_mock
ERROR tests/test_phase4a_patched.py::TestPhase4AOrchestratorIntegration::test_orchestrator_available
ERROR tests/test_phase4a_patched.py::TestPhase4AOrchestratorIntegration::test_single_scenario_orchestrator
ERROR tests/test_phase4a_patched.py::TestPhase4AOrchestratorIntegration::test_all_scenarios_orchestrator
ERROR tests/test_phase4a_patched.py::TestPhase4AOrchestratorIntegration::test_orchestrator_trace_capture
ERROR tests/test_shadow_thread.py::test_maintenance_queues_environmental_and_shadow_repair
